I0725 22:15:11.763087 13682 cuckoo_watch.h:45] 115ms in ProcessBatch(batches/aaaaae.batch) [including 5ms in LoadMessage; 11ms in InitializeSparseNdw; 0ms in InitializeTheta; 0ms in CreateRegularizerAgents; 53ms in InferThetaAndUpdateNwtSparse; 0ms in UpdateCacheEntry; 42ms in CalculateScore(^^^ItemsProcessedScore^^^); ]
I0725 22:15:11.765043 13681 cuckoo_watch.h:45] 113ms in ProcessBatch(batches/aaaaac.batch) [including 4ms in LoadMessage; 11ms in InitializeSparseNdw; 0ms in InitializeTheta; 0ms in CreateRegularizerAgents; 54ms in InferThetaAndUpdateNwtSparse; 0ms in UpdateCacheEntry; 40ms in CalculateScore(^^^ItemsProcessedScore^^^); ]
I0725 22:15:11.783655 13682 processor.cc:740] No data in processing queue, waiting...
I0725 22:15:11.785387 13681 processor.cc:740] No data in processing queue, waiting...
I0725 22:15:11.919217 13680 processor.cc:925] Processor: complete processing batch fd6197b6-0250-4875-b832-0f2663491468 into model nwt
I0725 22:15:11.921870 13680 cuckoo_watch.h:45] 215ms in ProcessBatch(batches/aaaaad.batch) [including 8ms in LoadMessage; 25ms in InitializeSparseNdw; 0ms in InitializeTheta; 0ms in CreateRegularizerAgents; 101ms in InferThetaAndUpdateNwtSparse; 0ms in UpdateCacheEntry; 77ms in CalculateScore(^^^ItemsProcessedScore^^^); ]
I0725 22:15:11.922508 13433 master_component.cc:1436] RegularizeModelArgs: rwt_target_name=rwt, pwt_source_name=pwt, nwt_source_name=nwt
I0725 22:15:11.922514 13433 master_component.cc:976] MasterComponent: start regularizing model pwt
I0725 22:15:11.942068 13680 processor.cc:740] No data in processing queue, waiting...
I0725 22:15:12.059707 13433 master_component.cc:1002] MasterComponent: complete regularizing model pwt
I0725 22:15:12.059809 13433 master_component.cc:1449] NormalizeModelArgs: pwt_target_name=pwt, nwt_source_name=nwt, rwt_source_name=rwt
I0725 22:15:12.059890 13433 master_component.cc:1006] MasterComponent: start normalizing model nwt
I0725 22:15:12.129704 13433 master_component.cc:1034] MasterComponent: complete normalizing model nwt
I0725 22:15:12.203613 13433 master_component.cc:1473] DisposeModel rwt
I0725 22:15:12.211995 13433 master_component.cc:1059] FitOffline: ItemsProcessed, num_items=1728, num_batches=5, token_weight=808522, token_weight_in_effect=808522
I0725 22:15:12.212224 13433 c_interface.cc:389] Pass FitOfflineMasterModelArgs, batch_filename_size=5, batch_weight_size=5, num_collection_passes=1, reset_nwt=yes to MN4artm4core15MasterComponentEFvRKNS_25FitOfflineMasterModelArgsEE
I0725 22:15:12.212975 13433 master_component.cc:1398] ProcessBatchesArgs: nwt_target_name=nwt, batch_filename_size=5, batch_size=0, batch_weight_size=5, pwt_source_name=pwt, num_document_passes=1, regularizer=(name:smooth_phi_regularizer, tau:100000), regularizer=(name:sparse_phi_regularizer, tau:-100000), class=(text:1), class=(author:1), reuse_theta=no, opt_for_avx=yes, predict_class_id=, reset_nwt=yes
I0725 22:15:12.228925 13681 processor.cc:747] Processing queue has data, processing started
I0725 22:15:12.228965 13682 processor.cc:747] Processing queue has data, processing started
I0725 22:15:12.229162 13680 processor.cc:747] Processing queue has data, processing started
I0725 22:15:12.229238 13679 processor.cc:747] Processing queue has data, processing started
I0725 22:15:12.231798 13681 processor.cc:820] Processor: start processing batch 8e3b4b58-22b7-4ad6-a263-8cc1e74e76c1 into model nwt
I0725 22:15:12.232930 13682 processor.cc:820] Processor: start processing batch 5906dd0e-c5e8-4781-8f8f-0d1d524d7766 into model nwt
I0725 22:15:12.234191 13680 processor.cc:820] Processor: start processing batch b545f2e7-6fdc-402c-82f7-bbbab8711c74 into model nwt
I0725 22:15:12.234191 13679 processor.cc:820] Processor: start processing batch f40ca37d-a71d-4b5f-a066-98218e5daa7d into model nwt
I0725 22:15:12.286223 13681 processor.cc:925] Processor: complete processing batch 8e3b4b58-22b7-4ad6-a263-8cc1e74e76c1 into model nwt
I0725 22:15:12.287648 13681 cuckoo_watch.h:45] 58ms in ProcessBatch(batches/aaaaaa.batch) [including 2ms in LoadMessage; 4ms in InitializeSparseNdw; 0ms in InitializeTheta; 0ms in CreateRegularizerAgents; 27ms in InferThetaAndUpdateNwtSparse; 0ms in UpdateCacheEntry; 22ms in CalculateScore(^^^ItemsProcessedScore^^^); ]
I0725 22:15:12.295720 13681 processor.cc:820] Processor: start processing batch fd6197b6-0250-4875-b832-0f2663491468 into model nwt
I0725 22:15:12.303532 13682 processor.cc:925] Processor: complete processing batch 5906dd0e-c5e8-4781-8f8f-0d1d524d7766 into model nwt
I0725 22:15:12.306362 13682 cuckoo_watch.h:45] 77ms in ProcessBatch(batches/aaaaab.batch) [including 3ms in LoadMessage; 6ms in InitializeSparseNdw; 0ms in InitializeTheta; 0ms in CreateRegularizerAgents; 35ms in InferThetaAndUpdateNwtSparse; 0ms in UpdateCacheEntry; 28ms in CalculateScore(^^^ItemsProcessedScore^^^); ]
I0725 22:15:12.326910 13682 processor.cc:740] No data in processing queue, waiting...
I0725 22:15:12.338220 13680 processor.cc:925] Processor: complete processing batch b545f2e7-6fdc-402c-82f7-bbbab8711c74 into model nwt
I0725 22:15:12.340442 13680 cuckoo_watch.h:45] 111ms in ProcessBatch(batches/aaaaae.batch) [including 5ms in LoadMessage; 10ms in InitializeSparseNdw; 0ms in InitializeTheta; 0ms in CreateRegularizerAgents; 51ms in InferThetaAndUpdateNwtSparse; 0ms in UpdateCacheEntry; 41ms in CalculateScore(^^^ItemsProcessedScore^^^); ]
I0725 22:15:12.342274 13679 processor.cc:925] Processor: complete processing batch f40ca37d-a71d-4b5f-a066-98218e5daa7d into model nwt
I0725 22:15:12.344244 13679 cuckoo_watch.h:45] 114ms in ProcessBatch(batches/aaaaac.batch) [including 4ms in LoadMessage; 11ms in InitializeSparseNdw; 0ms in InitializeTheta; 0ms in CreateRegularizerAgents; 54ms in InferThetaAndUpdateNwtSparse; 0ms in UpdateCacheEntry; 41ms in CalculateScore(^^^ItemsProcessedScore^^^); ]
I0725 22:15:12.360838 13680 processor.cc:740] No data in processing queue, waiting...
I0725 22:15:12.364650 13679 processor.cc:740] No data in processing queue, waiting...
I0725 22:15:12.503778 13681 processor.cc:925] Processor: complete processing batch fd6197b6-0250-4875-b832-0f2663491468 into model nwt
I0725 22:15:12.506148 13681 cuckoo_watch.h:45] 218ms in ProcessBatch(batches/aaaaad.batch) [including 8ms in LoadMessage; 25ms in InitializeSparseNdw; 0ms in InitializeTheta; 0ms in CreateRegularizerAgents; 102ms in InferThetaAndUpdateNwtSparse; 0ms in UpdateCacheEntry; 79ms in CalculateScore(^^^ItemsProcessedScore^^^); ]
I0725 22:15:12.506289 13433 master_component.cc:1436] RegularizeModelArgs: rwt_target_name=rwt, pwt_source_name=pwt, nwt_source_name=nwt
I0725 22:15:12.506332 13433 master_component.cc:976] MasterComponent: start regularizing model pwt
I0725 22:15:12.526572 13681 processor.cc:740] No data in processing queue, waiting...
I0725 22:15:12.644531 13433 master_component.cc:1002] MasterComponent: complete regularizing model pwt
I0725 22:15:12.644644 13433 master_component.cc:1449] NormalizeModelArgs: pwt_target_name=pwt, nwt_source_name=nwt, rwt_source_name=rwt
I0725 22:15:12.644728 13433 master_component.cc:1006] MasterComponent: start normalizing model nwt
I0725 22:15:12.714259 13433 master_component.cc:1034] MasterComponent: complete normalizing model nwt
I0725 22:15:12.789387 13433 master_component.cc:1473] DisposeModel rwt
I0725 22:15:12.797902 13433 master_component.cc:1059] FitOffline: ItemsProcessed, num_items=1728, num_batches=5, token_weight=808522, token_weight_in_effect=808522
I0725 22:15:12.798195 13433 c_interface.cc:389] Pass FitOfflineMasterModelArgs, batch_filename_size=5, batch_weight_size=5, num_collection_passes=1, reset_nwt=yes to MN4artm4core15MasterComponentEFvRKNS_25FitOfflineMasterModelArgsEE
I0725 22:15:12.798872 13433 master_component.cc:1398] ProcessBatchesArgs: nwt_target_name=nwt, batch_filename_size=5, batch_size=0, batch_weight_size=5, pwt_source_name=pwt, num_document_passes=1, regularizer=(name:smooth_phi_regularizer, tau:100000), regularizer=(name:sparse_phi_regularizer, tau:-100000), class=(text:1), class=(author:1), reuse_theta=no, opt_for_avx=yes, predict_class_id=, reset_nwt=yes
I0725 22:15:12.814142 13682 processor.cc:747] Processing queue has data, processing started
I0725 22:15:12.815239 13679 processor.cc:747] Processing queue has data, processing started
I0725 22:15:12.815312 13680 processor.cc:747] Processing queue has data, processing started
I0725 22:15:12.815493 13681 processor.cc:747] Processing queue has data, processing started
I0725 22:15:12.818284 13680 processor.cc:820] Processor: start processing batch 8e3b4b58-22b7-4ad6-a263-8cc1e74e76c1 into model nwt
I0725 22:15:12.818697 13679 processor.cc:820] Processor: start processing batch 5906dd0e-c5e8-4781-8f8f-0d1d524d7766 into model nwt
I0725 22:15:12.819434 13682 processor.cc:820] Processor: start processing batch b545f2e7-6fdc-402c-82f7-bbbab8711c74 into model nwt
I0725 22:15:12.820539 13681 processor.cc:820] Processor: start processing batch f40ca37d-a71d-4b5f-a066-98218e5daa7d into model nwt
I0725 22:15:12.870420 13680 processor.cc:925] Processor: complete processing batch 8e3b4b58-22b7-4ad6-a263-8cc1e74e76c1 into model nwt
I0725 22:15:12.871731 13680 cuckoo_watch.h:45] 56ms in ProcessBatch(batches/aaaaaa.batch) [including 2ms in LoadMessage; 4ms in InitializeSparseNdw; 0ms in InitializeTheta; 0ms in CreateRegularizerAgents; 27ms in InferThetaAndUpdateNwtSparse; 0ms in UpdateCacheEntry; 20ms in CalculateScore(^^^ItemsProcessedScore^^^); ]
I0725 22:15:12.879725 13680 processor.cc:820] Processor: start processing batch fd6197b6-0250-4875-b832-0f2663491468 into model nwt
I0725 22:15:12.886657 13679 processor.cc:925] Processor: complete processing batch 5906dd0e-c5e8-4781-8f8f-0d1d524d7766 into model nwt
I0725 22:15:12.888128 13679 cuckoo_watch.h:45] 72ms in ProcessBatch(batches/aaaaab.batch) [including 3ms in LoadMessage; 5ms in InitializeSparseNdw; 0ms in InitializeTheta; 0ms in CreateRegularizerAgents; 34ms in InferThetaAndUpdateNwtSparse; 0ms in UpdateCacheEntry; 27ms in CalculateScore(^^^ItemsProcessedScore^^^); ]
I0725 22:15:12.908594 13679 processor.cc:740] No data in processing queue, waiting...
I0725 22:15:12.924506 13682 processor.cc:925] Processor: complete processing batch b545f2e7-6fdc-402c-82f7-bbbab8711c74 into model nwt
I0725 22:15:12.927080 13681 processor.cc:925] Processor: complete processing batch f40ca37d-a71d-4b5f-a066-98218e5daa7d into model nwt
I0725 22:15:12.927779 13682 cuckoo_watch.h:45] 113ms in ProcessBatch(batches/aaaaae.batch) [including 5ms in LoadMessage; 11ms in InitializeSparseNdw; 0ms in InitializeTheta; 0ms in CreateRegularizerAgents; 52ms in InferThetaAndUpdateNwtSparse; 0ms in UpdateCacheEntry; 41ms in CalculateScore(^^^ItemsProcessedScore^^^); ]
I0725 22:15:12.929375 13681 cuckoo_watch.h:45] 113ms in ProcessBatch(batches/aaaaac.batch) [including 5ms in LoadMessage; 11ms in InitializeSparseNdw; 0ms in InitializeTheta; 0ms in CreateRegularizerAgents; 54ms in InferThetaAndUpdateNwtSparse; 0ms in UpdateCacheEntry; 40ms in CalculateScore(^^^ItemsProcessedScore^^^); ]
I0725 22:15:12.948465 13682 processor.cc:740] No data in processing queue, waiting...
I0725 22:15:12.949616 13681 processor.cc:740] No data in processing queue, waiting...
I0725 22:15:13.089090 13680 processor.cc:925] Processor: complete processing batch fd6197b6-0250-4875-b832-0f2663491468 into model nwt
I0725 22:15:13.091823 13680 cuckoo_watch.h:45] 219ms in ProcessBatch(batches/aaaaad.batch) [including 7ms in LoadMessage; 25ms in InitializeSparseNdw; 0ms in InitializeTheta; 0ms in CreateRegularizerAgents; 104ms in InferThetaAndUpdateNwtSparse; 0ms in UpdateCacheEntry; 79ms in CalculateScore(^^^ItemsProcessedScore^^^); ]
I0725 22:15:13.092207 13433 master_component.cc:1436] RegularizeModelArgs: rwt_target_name=rwt, pwt_source_name=pwt, nwt_source_name=nwt
I0725 22:15:13.092222 13433 master_component.cc:976] MasterComponent: start regularizing model pwt
I0725 22:15:13.112186 13680 processor.cc:740] No data in processing queue, waiting...
I0725 22:15:13.225070 13433 master_component.cc:1002] MasterComponent: complete regularizing model pwt
I0725 22:15:13.225172 13433 master_component.cc:1449] NormalizeModelArgs: pwt_target_name=pwt, nwt_source_name=nwt, rwt_source_name=rwt
I0725 22:15:13.225262 13433 master_component.cc:1006] MasterComponent: start normalizing model nwt
I0725 22:15:13.292747 13433 master_component.cc:1034] MasterComponent: complete normalizing model nwt
I0725 22:15:13.367358 13433 master_component.cc:1473] DisposeModel rwt
I0725 22:15:13.375877 13433 master_component.cc:1059] FitOffline: ItemsProcessed, num_items=1728, num_batches=5, token_weight=808522, token_weight_in_effect=808522
I0725 22:15:13.376117 13433 c_interface.cc:389] Pass FitOfflineMasterModelArgs, batch_filename_size=5, batch_weight_size=5, num_collection_passes=1, reset_nwt=yes to MN4artm4core15MasterComponentEFvRKNS_25FitOfflineMasterModelArgsEE
I0725 22:15:13.376833 13433 master_component.cc:1398] ProcessBatchesArgs: nwt_target_name=nwt, batch_filename_size=5, batch_size=0, batch_weight_size=5, pwt_source_name=pwt, num_document_passes=1, regularizer=(name:smooth_phi_regularizer, tau:100000), regularizer=(name:sparse_phi_regularizer, tau:-100000), class=(text:1), class=(author:1), reuse_theta=no, opt_for_avx=yes, predict_class_id=, reset_nwt=yes
I0725 22:15:13.392563 13681 processor.cc:747] Processing queue has data, processing started
I0725 22:15:13.392580 13682 processor.cc:747] Processing queue has data, processing started
I0725 22:15:13.392829 13680 processor.cc:747] Processing queue has data, processing started
I0725 22:15:13.393146 13679 processor.cc:747] Processing queue has data, processing started
I0725 22:15:13.395941 13680 processor.cc:820] Processor: start processing batch 8e3b4b58-22b7-4ad6-a263-8cc1e74e76c1 into model nwt
I0725 22:15:13.396534 13682 processor.cc:820] Processor: start processing batch 5906dd0e-c5e8-4781-8f8f-0d1d524d7766 into model nwt
I0725 22:15:13.397471 13681 processor.cc:820] Processor: start processing batch b545f2e7-6fdc-402c-82f7-bbbab8711c74 into model nwt
I0725 22:15:13.398090 13679 processor.cc:820] Processor: start processing batch f40ca37d-a71d-4b5f-a066-98218e5daa7d into model nwt
I0725 22:15:13.450709 13680 processor.cc:925] Processor: complete processing batch 8e3b4b58-22b7-4ad6-a263-8cc1e74e76c1 into model nwt
I0725 22:15:13.452322 13680 cuckoo_watch.h:45] 59ms in ProcessBatch(batches/aaaaaa.batch) [including 3ms in LoadMessage; 4ms in InitializeSparseNdw; 0ms in InitializeTheta; 0ms in CreateRegularizerAgents; 27ms in InferThetaAndUpdateNwtSparse; 0ms in UpdateCacheEntry; 22ms in CalculateScore(^^^ItemsProcessedScore^^^); ]
I0725 22:15:13.460362 13680 processor.cc:820] Processor: start processing batch fd6197b6-0250-4875-b832-0f2663491468 into model nwt
I0725 22:15:13.467115 13682 processor.cc:925] Processor: complete processing batch 5906dd0e-c5e8-4781-8f8f-0d1d524d7766 into model nwt
I0725 22:15:13.469848 13682 cuckoo_watch.h:45] 76ms in ProcessBatch(batches/aaaaab.batch) [including 3ms in LoadMessage; 6ms in InitializeSparseNdw; 0ms in InitializeTheta; 0ms in CreateRegularizerAgents; 35ms in InferThetaAndUpdateNwtSparse; 0ms in UpdateCacheEntry; 28ms in CalculateScore(^^^ItemsProcessedScore^^^); ]
I0725 22:15:13.490511 13682 processor.cc:740] No data in processing queue, waiting...
I0725 22:15:13.500557 13681 processor.cc:925] Processor: complete processing batch b545f2e7-6fdc-402c-82f7-bbbab8711c74 into model nwt
I0725 22:15:13.502553 13681 cuckoo_watch.h:45] 109ms in ProcessBatch(batches/aaaaae.batch) [including 4ms in LoadMessage; 10ms in InitializeSparseNdw; 0ms in InitializeTheta; 0ms in CreateRegularizerAgents; 50ms in InferThetaAndUpdateNwtSparse; 0ms in UpdateCacheEntry; 41ms in CalculateScore(^^^ItemsProcessedScore^^^); ]
I0725 22:15:13.505568 13679 processor.cc:925] Processor: complete processing batch f40ca37d-a71d-4b5f-a066-98218e5daa7d into model nwt
I0725 22:15:13.507535 13679 cuckoo_watch.h:45] 114ms in ProcessBatch(batches/aaaaac.batch) [including 4ms in LoadMessage; 10ms in InitializeSparseNdw; 0ms in InitializeTheta; 0ms in CreateRegularizerAgents; 54ms in InferThetaAndUpdateNwtSparse; 0ms in UpdateCacheEntry; 41ms in CalculateScore(^^^ItemsProcessedScore^^^); ]
I0725 22:15:13.522778 13681 processor.cc:740] No data in processing queue, waiting...
I0725 22:15:13.527861 13679 processor.cc:740] No data in processing queue, waiting...
I0725 22:15:13.673091 13680 processor.cc:925] Processor: complete processing batch fd6197b6-0250-4875-b832-0f2663491468 into model nwt
I0725 22:15:13.675819 13680 cuckoo_watch.h:45] 223ms in ProcessBatch(batches/aaaaad.batch) [including 8ms in LoadMessage; 26ms in InitializeSparseNdw; 0ms in InitializeTheta; 0ms in CreateRegularizerAgents; 102ms in InferThetaAndUpdateNwtSparse; 0ms in UpdateCacheEntry; 83ms in CalculateScore(^^^ItemsProcessedScore^^^); ]
I0725 22:15:13.676137 13433 master_component.cc:1436] RegularizeModelArgs: rwt_target_name=rwt, pwt_source_name=pwt, nwt_source_name=nwt
I0725 22:15:13.676143 13433 master_component.cc:976] MasterComponent: start regularizing model pwt
I0725 22:15:13.696167 13680 processor.cc:740] No data in processing queue, waiting...
I0725 22:15:13.811820 13433 master_component.cc:1002] MasterComponent: complete regularizing model pwt
I0725 22:15:13.811923 13433 master_component.cc:1449] NormalizeModelArgs: pwt_target_name=pwt, nwt_source_name=nwt, rwt_source_name=rwt
I0725 22:15:13.812017 13433 master_component.cc:1006] MasterComponent: start normalizing model nwt
I0725 22:15:13.881624 13433 master_component.cc:1034] MasterComponent: complete normalizing model nwt
I0725 22:15:13.961191 13433 master_component.cc:1473] DisposeModel rwt
I0725 22:15:13.970649 13433 master_component.cc:1059] FitOffline: ItemsProcessed, num_items=1728, num_batches=5, token_weight=808522, token_weight_in_effect=808522
I0725 22:15:13.970880 13433 c_interface.cc:389] Pass FitOfflineMasterModelArgs, batch_filename_size=5, batch_weight_size=5, num_collection_passes=1, reset_nwt=yes to MN4artm4core15MasterComponentEFvRKNS_25FitOfflineMasterModelArgsEE
I0725 22:15:13.971653 13433 master_component.cc:1398] ProcessBatchesArgs: nwt_target_name=nwt, batch_filename_size=5, batch_size=0, batch_weight_size=5, pwt_source_name=pwt, num_document_passes=1, regularizer=(name:smooth_phi_regularizer, tau:100000), regularizer=(name:sparse_phi_regularizer, tau:-100000), class=(text:1), class=(author:1), reuse_theta=no, opt_for_avx=yes, predict_class_id=, reset_nwt=yes
I0725 22:15:13.987681 13679 processor.cc:747] Processing queue has data, processing started
I0725 22:15:13.988729 13681 processor.cc:747] Processing queue has data, processing started
I0725 22:15:13.988977 13680 processor.cc:747] Processing queue has data, processing started
I0725 22:15:13.990175 13682 processor.cc:747] Processing queue has data, processing started
I0725 22:15:13.991612 13681 processor.cc:820] Processor: start processing batch 8e3b4b58-22b7-4ad6-a263-8cc1e74e76c1 into model nwt
I0725 22:15:13.992647 13680 processor.cc:820] Processor: start processing batch 5906dd0e-c5e8-4781-8f8f-0d1d524d7766 into model nwt
I0725 22:15:13.992719 13679 processor.cc:820] Processor: start processing batch b545f2e7-6fdc-402c-82f7-bbbab8711c74 into model nwt
I0725 22:15:13.996074 13682 processor.cc:820] Processor: start processing batch f40ca37d-a71d-4b5f-a066-98218e5daa7d into model nwt
I0725 22:15:14.047528 13681 processor.cc:925] Processor: complete processing batch 8e3b4b58-22b7-4ad6-a263-8cc1e74e76c1 into model nwt
I0725 22:15:14.049513 13681 cuckoo_watch.h:45] 60ms in ProcessBatch(batches/aaaaaa.batch) [including 2ms in LoadMessage; 4ms in InitializeSparseNdw; 0ms in InitializeTheta; 0ms in CreateRegularizerAgents; 27ms in InferThetaAndUpdateNwtSparse; 0ms in UpdateCacheEntry; 23ms in CalculateScore(^^^ItemsProcessedScore^^^); ]
I0725 22:15:14.057518 13681 processor.cc:820] Processor: start processing batch fd6197b6-0250-4875-b832-0f2663491468 into model nwt
I0725 22:15:14.074086 13680 processor.cc:925] Processor: complete processing batch 5906dd0e-c5e8-4781-8f8f-0d1d524d7766 into model nwt
I0725 22:15:14.075677 13680 cuckoo_watch.h:45] 86ms in ProcessBatch(batches/aaaaab.batch) [including 3ms in LoadMessage; 6ms in InitializeSparseNdw; 0ms in InitializeTheta; 0ms in CreateRegularizerAgents; 39ms in InferThetaAndUpdateNwtSparse; 0ms in UpdateCacheEntry; 35ms in CalculateScore(^^^ItemsProcessedScore^^^); ]
I0725 22:15:14.096755 13680 processor.cc:740] No data in processing queue, waiting...
I0725 22:15:14.108584 13679 processor.cc:925] Processor: complete processing batch b545f2e7-6fdc-402c-82f7-bbbab8711c74 into model nwt
I0725 22:15:14.110499 13679 cuckoo_watch.h:45] 122ms in ProcessBatch(batches/aaaaae.batch) [including 5ms in LoadMessage; 17ms in InitializeSparseNdw; 0ms in InitializeTheta; 0ms in CreateRegularizerAgents; 55ms in InferThetaAndUpdateNwtSparse; 0ms in UpdateCacheEntry; 42ms in CalculateScore(^^^ItemsProcessedScore^^^); ]
I0725 22:15:14.112412 13682 processor.cc:925] Processor: complete processing batch f40ca37d-a71d-4b5f-a066-98218e5daa7d into model nwt
I0725 22:15:14.115509 13682 cuckoo_watch.h:45] 125ms in ProcessBatch(batches/aaaaac.batch) [including 5ms in LoadMessage; 11ms in InitializeSparseNdw; 0ms in InitializeTheta; 0ms in CreateRegularizerAgents; 58ms in InferThetaAndUpdateNwtSparse; 0ms in UpdateCacheEntry; 45ms in CalculateScore(^^^ItemsProcessedScore^^^); ]
I0725 22:15:14.130805 13679 processor.cc:740] No data in processing queue, waiting...
I0725 22:15:14.135979 13682 processor.cc:740] No data in processing queue, waiting...
I0725 22:15:14.267937 13681 processor.cc:925] Processor: complete processing batch fd6197b6-0250-4875-b832-0f2663491468 into model nwt
I0725 22:15:14.270372 13681 cuckoo_watch.h:45] 220ms in ProcessBatch(batches/aaaaad.batch) [including 7ms in LoadMessage; 26ms in InitializeSparseNdw; 0ms in InitializeTheta; 0ms in CreateRegularizerAgents; 103ms in InferThetaAndUpdateNwtSparse; 0ms in UpdateCacheEntry; 80ms in CalculateScore(^^^ItemsProcessedScore^^^); ]
I0725 22:15:14.271278 13433 master_component.cc:1436] RegularizeModelArgs: rwt_target_name=rwt, pwt_source_name=pwt, nwt_source_name=nwt
I0725 22:15:14.271286 13433 master_component.cc:976] MasterComponent: start regularizing model pwt
I0725 22:15:14.290659 13681 processor.cc:740] No data in processing queue, waiting...
I0725 22:15:14.404912 13433 master_component.cc:1002] MasterComponent: complete regularizing model pwt
I0725 22:15:14.405009 13433 master_component.cc:1449] NormalizeModelArgs: pwt_target_name=pwt, nwt_source_name=nwt, rwt_source_name=rwt
I0725 22:15:14.405093 13433 master_component.cc:1006] MasterComponent: start normalizing model nwt
I0725 22:15:14.472095 13433 master_component.cc:1034] MasterComponent: complete normalizing model nwt
I0725 22:15:14.544306 13433 master_component.cc:1473] DisposeModel rwt
I0725 22:15:14.552883 13433 master_component.cc:1059] FitOffline: ItemsProcessed, num_items=1728, num_batches=5, token_weight=808522, token_weight_in_effect=808522
I0725 22:15:14.553122 13433 c_interface.cc:389] Pass FitOfflineMasterModelArgs, batch_filename_size=5, batch_weight_size=5, num_collection_passes=1, reset_nwt=yes to MN4artm4core15MasterComponentEFvRKNS_25FitOfflineMasterModelArgsEE
I0725 22:15:14.553835 13433 master_component.cc:1398] ProcessBatchesArgs: nwt_target_name=nwt, batch_filename_size=5, batch_size=0, batch_weight_size=5, pwt_source_name=pwt, num_document_passes=1, regularizer=(name:smooth_phi_regularizer, tau:100000), regularizer=(name:sparse_phi_regularizer, tau:-100000), class=(text:1), class=(author:1), reuse_theta=no, opt_for_avx=yes, predict_class_id=, reset_nwt=yes
I0725 22:15:14.569890 13682 processor.cc:747] Processing queue has data, processing started
I0725 22:15:14.569922 13679 processor.cc:747] Processing queue has data, processing started
I0725 22:15:14.569981 13680 processor.cc:747] Processing queue has data, processing started
I0725 22:15:14.570441 13681 processor.cc:747] Processing queue has data, processing started
I0725 22:15:14.573438 13679 processor.cc:820] Processor: start processing batch 5906dd0e-c5e8-4781-8f8f-0d1d524d7766 into model nwt
I0725 22:15:14.574247 13680 processor.cc:820] Processor: start processing batch 8e3b4b58-22b7-4ad6-a263-8cc1e74e76c1 into model nwt
I0725 22:15:14.575357 13682 processor.cc:820] Processor: start processing batch b545f2e7-6fdc-402c-82f7-bbbab8711c74 into model nwt
I0725 22:15:14.575448 13681 processor.cc:820] Processor: start processing batch f40ca37d-a71d-4b5f-a066-98218e5daa7d into model nwt
I0725 22:15:14.630487 13680 processor.cc:925] Processor: complete processing batch 8e3b4b58-22b7-4ad6-a263-8cc1e74e76c1 into model nwt
I0725 22:15:14.632329 13680 cuckoo_watch.h:45] 62ms in ProcessBatch(batches/aaaaaa.batch) [including 4ms in LoadMessage; 4ms in InitializeSparseNdw; 0ms in InitializeTheta; 0ms in CreateRegularizerAgents; 27ms in InferThetaAndUpdateNwtSparse; 0ms in UpdateCacheEntry; 24ms in CalculateScore(^^^ItemsProcessedScore^^^); ]
I0725 22:15:14.640944 13680 processor.cc:820] Processor: start processing batch fd6197b6-0250-4875-b832-0f2663491468 into model nwt
I0725 22:15:14.647130 13679 processor.cc:925] Processor: complete processing batch 5906dd0e-c5e8-4781-8f8f-0d1d524d7766 into model nwt
I0725 22:15:14.648922 13679 cuckoo_watch.h:45] 78ms in ProcessBatch(batches/aaaaab.batch) [including 3ms in LoadMessage; 6ms in InitializeSparseNdw; 0ms in InitializeTheta; 0ms in CreateRegularizerAgents; 34ms in InferThetaAndUpdateNwtSparse; 0ms in UpdateCacheEntry; 32ms in CalculateScore(^^^ItemsProcessedScore^^^); ]
I0725 22:15:14.671540 13679 processor.cc:740] No data in processing queue, waiting...
I0725 22:15:14.686175 13681 processor.cc:925] Processor: complete processing batch f40ca37d-a71d-4b5f-a066-98218e5daa7d into model nwt
I0725 22:15:14.686719 13682 processor.cc:925] Processor: complete processing batch b545f2e7-6fdc-402c-82f7-bbbab8711c74 into model nwt
I0725 22:15:14.688489 13681 cuckoo_watch.h:45] 117ms in ProcessBatch(batches/aaaaac.batch) [including 4ms in LoadMessage; 10ms in InitializeSparseNdw; 0ms in InitializeTheta; 0ms in CreateRegularizerAgents; 55ms in InferThetaAndUpdateNwtSparse; 0ms in UpdateCacheEntry; 44ms in CalculateScore(^^^ItemsProcessedScore^^^); ]
I0725 22:15:14.689855 13682 cuckoo_watch.h:45] 119ms in ProcessBatch(batches/aaaaae.batch) [including 5ms in LoadMessage; 10ms in InitializeSparseNdw; 0ms in InitializeTheta; 0ms in CreateRegularizerAgents; 54ms in InferThetaAndUpdateNwtSparse; 0ms in UpdateCacheEntry; 45ms in CalculateScore(^^^ItemsProcessedScore^^^); ]
I0725 22:15:14.708854 13681 processor.cc:740] No data in processing queue, waiting...
I0725 22:15:14.710389 13682 processor.cc:740] No data in processing queue, waiting...
I0725 22:15:14.865741 13680 processor.cc:925] Processor: complete processing batch fd6197b6-0250-4875-b832-0f2663491468 into model nwt
I0725 22:15:14.868693 13680 cuckoo_watch.h:45] 236ms in ProcessBatch(batches/aaaaad.batch) [including 8ms in LoadMessage; 32ms in InitializeSparseNdw; 0ms in InitializeTheta; 0ms in CreateRegularizerAgents; 106ms in InferThetaAndUpdateNwtSparse; 0ms in UpdateCacheEntry; 85ms in CalculateScore(^^^ItemsProcessedScore^^^); ]
I0725 22:15:14.869619 13433 master_component.cc:1436] RegularizeModelArgs: rwt_target_name=rwt, pwt_source_name=pwt, nwt_source_name=nwt
I0725 22:15:14.869637 13433 master_component.cc:976] MasterComponent: start regularizing model pwt
I0725 22:15:14.889258 13680 processor.cc:740] No data in processing queue, waiting...
I0725 22:15:15.009877 13433 master_component.cc:1002] MasterComponent: complete regularizing model pwt
I0725 22:15:15.009981 13433 master_component.cc:1449] NormalizeModelArgs: pwt_target_name=pwt, nwt_source_name=nwt, rwt_source_name=rwt
I0725 22:15:15.010064 13433 master_component.cc:1006] MasterComponent: start normalizing model nwt
I0725 22:15:15.082231 13433 master_component.cc:1034] MasterComponent: complete normalizing model nwt
I0725 22:15:15.158563 13433 master_component.cc:1473] DisposeModel rwt
I0725 22:15:15.167150 13433 master_component.cc:1059] FitOffline: ItemsProcessed, num_items=1728, num_batches=5, token_weight=808522, token_weight_in_effect=808522
I0725 22:15:15.167407 13433 c_interface.cc:389] Pass FitOfflineMasterModelArgs, batch_filename_size=5, batch_weight_size=5, num_collection_passes=1, reset_nwt=yes to MN4artm4core15MasterComponentEFvRKNS_25FitOfflineMasterModelArgsEE
I0725 22:15:15.168139 13433 master_component.cc:1398] ProcessBatchesArgs: nwt_target_name=nwt, batch_filename_size=5, batch_size=0, batch_weight_size=5, pwt_source_name=pwt, num_document_passes=1, regularizer=(name:smooth_phi_regularizer, tau:100000), regularizer=(name:sparse_phi_regularizer, tau:-100000), class=(text:1), class=(author:1), reuse_theta=no, opt_for_avx=yes, predict_class_id=, reset_nwt=yes
I0725 22:15:15.183987 13681 processor.cc:747] Processing queue has data, processing started
I0725 22:15:15.184137 13680 processor.cc:747] Processing queue has data, processing started
I0725 22:15:15.184585 13679 processor.cc:747] Processing queue has data, processing started
I0725 22:15:15.185006 13682 processor.cc:747] Processing queue has data, processing started
I0725 22:15:15.187413 13679 processor.cc:820] Processor: start processing batch 8e3b4b58-22b7-4ad6-a263-8cc1e74e76c1 into model nwt
I0725 22:15:15.187466 13681 processor.cc:820] Processor: start processing batch 5906dd0e-c5e8-4781-8f8f-0d1d524d7766 into model nwt
I0725 22:15:15.189146 13680 processor.cc:820] Processor: start processing batch b545f2e7-6fdc-402c-82f7-bbbab8711c74 into model nwt
I0725 22:15:15.190440 13682 processor.cc:820] Processor: start processing batch f40ca37d-a71d-4b5f-a066-98218e5daa7d into model nwt
I0725 22:15:15.239603 13679 processor.cc:925] Processor: complete processing batch 8e3b4b58-22b7-4ad6-a263-8cc1e74e76c1 into model nwt
I0725 22:15:15.241129 13679 cuckoo_watch.h:45] 56ms in ProcessBatch(batches/aaaaaa.batch) [including 2ms in LoadMessage; 4ms in InitializeSparseNdw; 0ms in InitializeTheta; 0ms in CreateRegularizerAgents; 26ms in InferThetaAndUpdateNwtSparse; 0ms in UpdateCacheEntry; 20ms in CalculateScore(^^^ItemsProcessedScore^^^); ]
I0725 22:15:15.249209 13679 processor.cc:820] Processor: start processing batch fd6197b6-0250-4875-b832-0f2663491468 into model nwt
I0725 22:15:15.255540 13681 processor.cc:925] Processor: complete processing batch 5906dd0e-c5e8-4781-8f8f-0d1d524d7766 into model nwt
I0725 22:15:15.257097 13681 cuckoo_watch.h:45] 73ms in ProcessBatch(batches/aaaaab.batch) [including 3ms in LoadMessage; 6ms in InitializeSparseNdw; 0ms in InitializeTheta; 0ms in CreateRegularizerAgents; 33ms in InferThetaAndUpdateNwtSparse; 0ms in UpdateCacheEntry; 28ms in CalculateScore(^^^ItemsProcessedScore^^^); ]
I0725 22:15:15.278445 13681 processor.cc:740] No data in processing queue, waiting...
I0725 22:15:15.294301 13680 processor.cc:925] Processor: complete processing batch b545f2e7-6fdc-402c-82f7-bbbab8711c74 into model nwt
I0725 22:15:15.296336 13680 cuckoo_watch.h:45] 112ms in ProcessBatch(batches/aaaaae.batch) [including 4ms in LoadMessage; 11ms in InitializeSparseNdw; 0ms in InitializeTheta; 0ms in CreateRegularizerAgents; 52ms in InferThetaAndUpdateNwtSparse; 0ms in UpdateCacheEntry; 41ms in CalculateScore(^^^ItemsProcessedScore^^^); ]
I0725 22:15:15.300935 13682 processor.cc:925] Processor: complete processing batch f40ca37d-a71d-4b5f-a066-98218e5daa7d into model nwt
I0725 22:15:15.303289 13682 cuckoo_watch.h:45] 118ms in ProcessBatch(batches/aaaaac.batch) [including 5ms in LoadMessage; 10ms in InitializeSparseNdw; 0ms in InitializeTheta; 0ms in CreateRegularizerAgents; 55ms in InferThetaAndUpdateNwtSparse; 0ms in UpdateCacheEntry; 43ms in CalculateScore(^^^ItemsProcessedScore^^^); ]
I0725 22:15:15.316718 13680 processor.cc:740] No data in processing queue, waiting...
I0725 22:15:15.323841 13682 processor.cc:740] No data in processing queue, waiting...
I0725 22:15:15.454733 13679 processor.cc:925] Processor: complete processing batch fd6197b6-0250-4875-b832-0f2663491468 into model nwt
I0725 22:15:15.457425 13679 cuckoo_watch.h:45] 216ms in ProcessBatch(batches/aaaaad.batch) [including 8ms in LoadMessage; 25ms in InitializeSparseNdw; 0ms in InitializeTheta; 0ms in CreateRegularizerAgents; 101ms in InferThetaAndUpdateNwtSparse; 0ms in UpdateCacheEntry; 78ms in CalculateScore(^^^ItemsProcessedScore^^^); ]
I0725 22:15:15.458086 13433 master_component.cc:1436] RegularizeModelArgs: rwt_target_name=rwt, pwt_source_name=pwt, nwt_source_name=nwt
I0725 22:15:15.458094 13433 master_component.cc:976] MasterComponent: start regularizing model pwt
I0725 22:15:15.477780 13679 processor.cc:740] No data in processing queue, waiting...
I0725 22:15:15.594535 13433 master_component.cc:1002] MasterComponent: complete regularizing model pwt
I0725 22:15:15.594645 13433 master_component.cc:1449] NormalizeModelArgs: pwt_target_name=pwt, nwt_source_name=nwt, rwt_source_name=rwt
I0725 22:15:15.594730 13433 master_component.cc:1006] MasterComponent: start normalizing model nwt
I0725 22:15:15.663623 13433 master_component.cc:1034] MasterComponent: complete normalizing model nwt
I0725 22:15:15.736899 13433 master_component.cc:1473] DisposeModel rwt
I0725 22:15:15.745666 13433 master_component.cc:1059] FitOffline: ItemsProcessed, num_items=1728, num_batches=5, token_weight=808522, token_weight_in_effect=808522
I0725 22:15:15.745911 13433 c_interface.cc:389] Pass FitOfflineMasterModelArgs, batch_filename_size=5, batch_weight_size=5, num_collection_passes=1, reset_nwt=yes to MN4artm4core15MasterComponentEFvRKNS_25FitOfflineMasterModelArgsEE
I0725 22:15:15.746654 13433 master_component.cc:1398] ProcessBatchesArgs: nwt_target_name=nwt, batch_filename_size=5, batch_size=0, batch_weight_size=5, pwt_source_name=pwt, num_document_passes=1, regularizer=(name:smooth_phi_regularizer, tau:100000), regularizer=(name:sparse_phi_regularizer, tau:-100000), class=(text:1), class=(author:1), reuse_theta=no, opt_for_avx=yes, predict_class_id=, reset_nwt=yes
I0725 22:15:15.762509 13679 processor.cc:747] Processing queue has data, processing started
I0725 22:15:15.763353 13682 processor.cc:747] Processing queue has data, processing started
I0725 22:15:15.763394 13680 processor.cc:747] Processing queue has data, processing started
I0725 22:15:15.763468 13681 processor.cc:747] Processing queue has data, processing started
I0725 22:15:15.766746 13682 processor.cc:820] Processor: start processing batch 8e3b4b58-22b7-4ad6-a263-8cc1e74e76c1 into model nwt
I0725 22:15:15.767035 13680 processor.cc:820] Processor: start processing batch 5906dd0e-c5e8-4781-8f8f-0d1d524d7766 into model nwt
I0725 22:15:15.767324 13679 processor.cc:820] Processor: start processing batch b545f2e7-6fdc-402c-82f7-bbbab8711c74 into model nwt
I0725 22:15:15.768436 13681 processor.cc:820] Processor: start processing batch f40ca37d-a71d-4b5f-a066-98218e5daa7d into model nwt
I0725 22:15:15.823436 13682 processor.cc:925] Processor: complete processing batch 8e3b4b58-22b7-4ad6-a263-8cc1e74e76c1 into model nwt
I0725 22:15:15.825769 13682 cuckoo_watch.h:45] 62ms in ProcessBatch(batches/aaaaaa.batch) [including 3ms in LoadMessage; 4ms in InitializeSparseNdw; 0ms in InitializeTheta; 0ms in CreateRegularizerAgents; 28ms in InferThetaAndUpdateNwtSparse; 0ms in UpdateCacheEntry; 23ms in CalculateScore(^^^ItemsProcessedScore^^^); ]
I0725 22:15:15.834152 13682 processor.cc:820] Processor: start processing batch fd6197b6-0250-4875-b832-0f2663491468 into model nwt
I0725 22:15:15.834446 13680 processor.cc:925] Processor: complete processing batch 5906dd0e-c5e8-4781-8f8f-0d1d524d7766 into model nwt
I0725 22:15:15.836092 13680 cuckoo_watch.h:45] 72ms in ProcessBatch(batches/aaaaab.batch) [including 3ms in LoadMessage; 5ms in InitializeSparseNdw; 0ms in InitializeTheta; 0ms in CreateRegularizerAgents; 34ms in InferThetaAndUpdateNwtSparse; 0ms in UpdateCacheEntry; 27ms in CalculateScore(^^^ItemsProcessedScore^^^); ]
I0725 22:15:15.856408 13680 processor.cc:740] No data in processing queue, waiting...
I0725 22:15:15.870674 13679 processor.cc:925] Processor: complete processing batch b545f2e7-6fdc-402c-82f7-bbbab8711c74 into model nwt
I0725 22:15:15.872644 13679 cuckoo_watch.h:45] 109ms in ProcessBatch(batches/aaaaae.batch) [including 4ms in LoadMessage; 11ms in InitializeSparseNdw; 0ms in InitializeTheta; 0ms in CreateRegularizerAgents; 51ms in InferThetaAndUpdateNwtSparse; 0ms in UpdateCacheEntry; 41ms in CalculateScore(^^^ItemsProcessedScore^^^); ]
I0725 22:15:15.875532 13681 processor.cc:925] Processor: complete processing batch f40ca37d-a71d-4b5f-a066-98218e5daa7d into model nwt
I0725 22:15:15.877511 13681 cuckoo_watch.h:45] 113ms in ProcessBatch(batches/aaaaac.batch) [including 4ms in LoadMessage; 11ms in InitializeSparseNdw; 0ms in InitializeTheta; 0ms in CreateRegularizerAgents; 54ms in InferThetaAndUpdateNwtSparse; 0ms in UpdateCacheEntry; 41ms in CalculateScore(^^^ItemsProcessedScore^^^); ]
I0725 22:15:15.892994 13679 processor.cc:740] No data in processing queue, waiting...
I0725 22:15:15.897778 13681 processor.cc:740] No data in processing queue, waiting...
I0725 22:15:16.041905 13682 processor.cc:925] Processor: complete processing batch fd6197b6-0250-4875-b832-0f2663491468 into model nwt
I0725 22:15:16.045047 13682 cuckoo_watch.h:45] 219ms in ProcessBatch(batches/aaaaad.batch) [including 8ms in LoadMessage; 24ms in InitializeSparseNdw; 0ms in InitializeTheta; 0ms in CreateRegularizerAgents; 102ms in InferThetaAndUpdateNwtSparse; 0ms in UpdateCacheEntry; 81ms in CalculateScore(^^^ItemsProcessedScore^^^); ]
I0725 22:15:16.045680 13433 master_component.cc:1436] RegularizeModelArgs: rwt_target_name=rwt, pwt_source_name=pwt, nwt_source_name=nwt
I0725 22:15:16.045687 13433 master_component.cc:976] MasterComponent: start regularizing model pwt
I0725 22:15:16.065735 13682 processor.cc:740] No data in processing queue, waiting...
I0725 22:15:16.180145 13433 master_component.cc:1002] MasterComponent: complete regularizing model pwt
I0725 22:15:16.180251 13433 master_component.cc:1449] NormalizeModelArgs: pwt_target_name=pwt, nwt_source_name=nwt, rwt_source_name=rwt
I0725 22:15:16.180341 13433 master_component.cc:1006] MasterComponent: start normalizing model nwt
I0725 22:15:16.248497 13433 master_component.cc:1034] MasterComponent: complete normalizing model nwt
I0725 22:15:16.322487 13433 master_component.cc:1473] DisposeModel rwt
I0725 22:15:16.330992 13433 master_component.cc:1059] FitOffline: ItemsProcessed, num_items=1728, num_batches=5, token_weight=808522, token_weight_in_effect=808522
I0725 22:15:16.331226 13433 c_interface.cc:389] Pass FitOfflineMasterModelArgs, batch_filename_size=5, batch_weight_size=5, num_collection_passes=1, reset_nwt=yes to MN4artm4core15MasterComponentEFvRKNS_25FitOfflineMasterModelArgsEE
I0725 22:15:16.331949 13433 master_component.cc:1398] ProcessBatchesArgs: nwt_target_name=nwt, batch_filename_size=5, batch_size=0, batch_weight_size=5, pwt_source_name=pwt, num_document_passes=1, regularizer=(name:smooth_phi_regularizer, tau:100000), regularizer=(name:sparse_phi_regularizer, tau:-100000), class=(text:1), class=(author:1), reuse_theta=no, opt_for_avx=yes, predict_class_id=, reset_nwt=yes
I0725 22:15:16.348034 13681 processor.cc:747] Processing queue has data, processing started
I0725 22:15:16.348161 13679 processor.cc:747] Processing queue has data, processing started
I0725 22:15:16.348333 13682 processor.cc:747] Processing queue has data, processing started
I0725 22:15:16.349654 13680 processor.cc:747] Processing queue has data, processing started
I0725 22:15:16.350970 13679 processor.cc:820] Processor: start processing batch 8e3b4b58-22b7-4ad6-a263-8cc1e74e76c1 into model nwt
I0725 22:15:16.352327 13682 processor.cc:820] Processor: start processing batch 5906dd0e-c5e8-4781-8f8f-0d1d524d7766 into model nwt
I0725 22:15:16.352908 13681 processor.cc:820] Processor: start processing batch b545f2e7-6fdc-402c-82f7-bbbab8711c74 into model nwt
I0725 22:15:16.354686 13680 processor.cc:820] Processor: start processing batch f40ca37d-a71d-4b5f-a066-98218e5daa7d into model nwt
I0725 22:15:16.405228 13679 processor.cc:925] Processor: complete processing batch 8e3b4b58-22b7-4ad6-a263-8cc1e74e76c1 into model nwt
I0725 22:15:16.406684 13679 cuckoo_watch.h:45] 58ms in ProcessBatch(batches/aaaaaa.batch) [including 2ms in LoadMessage; 4ms in InitializeSparseNdw; 0ms in InitializeTheta; 0ms in CreateRegularizerAgents; 27ms in InferThetaAndUpdateNwtSparse; 0ms in UpdateCacheEntry; 22ms in CalculateScore(^^^ItemsProcessedScore^^^); ]
I0725 22:15:16.414733 13679 processor.cc:820] Processor: start processing batch fd6197b6-0250-4875-b832-0f2663491468 into model nwt
I0725 22:15:16.423125 13682 processor.cc:925] Processor: complete processing batch 5906dd0e-c5e8-4781-8f8f-0d1d524d7766 into model nwt
I0725 22:15:16.426185 13682 cuckoo_watch.h:45] 77ms in ProcessBatch(batches/aaaaab.batch) [including 3ms in LoadMessage; 6ms in InitializeSparseNdw; 0ms in InitializeTheta; 0ms in CreateRegularizerAgents; 35ms in InferThetaAndUpdateNwtSparse; 0ms in UpdateCacheEntry; 28ms in CalculateScore(^^^ItemsProcessedScore^^^); ]
I0725 22:15:16.446873 13682 processor.cc:740] No data in processing queue, waiting...
I0725 22:15:16.456176 13681 processor.cc:925] Processor: complete processing batch b545f2e7-6fdc-402c-82f7-bbbab8711c74 into model nwt
I0725 22:15:16.458235 13681 cuckoo_watch.h:45] 110ms in ProcessBatch(batches/aaaaae.batch) [including 4ms in LoadMessage; 10ms in InitializeSparseNdw; 0ms in InitializeTheta; 0ms in CreateRegularizerAgents; 51ms in InferThetaAndUpdateNwtSparse; 0ms in UpdateCacheEntry; 40ms in CalculateScore(^^^ItemsProcessedScore^^^); ]
I0725 22:15:16.463091 13680 processor.cc:925] Processor: complete processing batch f40ca37d-a71d-4b5f-a066-98218e5daa7d into model nwt
I0725 22:15:16.465246 13680 cuckoo_watch.h:45] 115ms in ProcessBatch(batches/aaaaac.batch) [including 5ms in LoadMessage; 11ms in InitializeSparseNdw; 0ms in InitializeTheta; 0ms in CreateRegularizerAgents; 54ms in InferThetaAndUpdateNwtSparse; 0ms in UpdateCacheEntry; 42ms in CalculateScore(^^^ItemsProcessedScore^^^); ]
I0725 22:15:16.478608 13681 processor.cc:740] No data in processing queue, waiting...
I0725 22:15:16.485527 13680 processor.cc:740] No data in processing queue, waiting...
I0725 22:15:16.620609 13679 processor.cc:925] Processor: complete processing batch fd6197b6-0250-4875-b832-0f2663491468 into model nwt
I0725 22:15:16.623509 13679 cuckoo_watch.h:45] 216ms in ProcessBatch(batches/aaaaad.batch) [including 8ms in LoadMessage; 25ms in InitializeSparseNdw; 0ms in InitializeTheta; 0ms in CreateRegularizerAgents; 101ms in InferThetaAndUpdateNwtSparse; 0ms in UpdateCacheEntry; 78ms in CalculateScore(^^^ItemsProcessedScore^^^); ]
I0725 22:15:16.623864 13433 master_component.cc:1436] RegularizeModelArgs: rwt_target_name=rwt, pwt_source_name=pwt, nwt_source_name=nwt
I0725 22:15:16.623872 13433 master_component.cc:976] MasterComponent: start regularizing model pwt
I0725 22:15:16.643708 13679 processor.cc:740] No data in processing queue, waiting...
I0725 22:15:16.756474 13433 master_component.cc:1002] MasterComponent: complete regularizing model pwt
I0725 22:15:16.756580 13433 master_component.cc:1449] NormalizeModelArgs: pwt_target_name=pwt, nwt_source_name=nwt, rwt_source_name=rwt
I0725 22:15:16.756692 13433 master_component.cc:1006] MasterComponent: start normalizing model nwt
I0725 22:15:16.824254 13433 master_component.cc:1034] MasterComponent: complete normalizing model nwt
I0725 22:15:16.895648 13433 master_component.cc:1473] DisposeModel rwt
I0725 22:15:16.903770 13433 master_component.cc:1059] FitOffline: ItemsProcessed, num_items=1728, num_batches=5, token_weight=808522, token_weight_in_effect=808522
I0725 22:15:16.910832 13433 c_interface.cc:231] ArtmCopyRequestedMessage is copying 204 bytes...
I0725 22:15:16.911973 13433 c_interface.cc:231] ArtmCopyRequestedMessage is copying 204 bytes...
I0725 22:15:16.913010 13433 c_interface.cc:231] ArtmCopyRequestedMessage is copying 204 bytes...
I0725 22:15:16.915274 13433 c_interface.cc:231] ArtmCopyRequestedMessage is copying 1890 bytes...
I0725 22:15:16.917403 13433 c_interface.cc:231] ArtmCopyRequestedMessage is copying 1890 bytes...
I0725 22:15:16.919518 13433 c_interface.cc:231] ArtmCopyRequestedMessage is copying 1890 bytes...
I0725 22:15:16.926373 13433 c_interface.cc:231] ArtmCopyRequestedMessage is copying 545747 bytes...
I0725 22:15:16.953004 13433 c_interface.cc:231] ArtmCopyRequestedMessage is copying 913915 bytes...
I0725 22:15:17.032353 13433 c_interface.cc:231] ArtmCopyRequestedMessage is copying 204 bytes...
I0725 22:15:17.033437 13433 c_interface.cc:231] ArtmCopyRequestedMessage is copying 204 bytes...
I0725 22:15:17.034555 13433 c_interface.cc:231] ArtmCopyRequestedMessage is copying 204 bytes...
I0725 22:15:17.037465 13433 c_interface.cc:231] ArtmCopyRequestedMessage is copying 1890 bytes...
I0725 22:15:17.040715 13433 c_interface.cc:231] ArtmCopyRequestedMessage is copying 1890 bytes...
I0725 22:15:17.043663 13433 c_interface.cc:231] ArtmCopyRequestedMessage is copying 1890 bytes...
I0725 22:15:17.051383 13433 c_interface.cc:231] ArtmCopyRequestedMessage is copying 204 bytes...
I0725 22:15:17.052315 13433 c_interface.cc:231] ArtmCopyRequestedMessage is copying 204 bytes...
I0725 22:15:17.053377 13433 c_interface.cc:231] ArtmCopyRequestedMessage is copying 204 bytes...
I0725 22:15:17.055765 13433 c_interface.cc:231] ArtmCopyRequestedMessage is copying 1890 bytes...
I0725 22:15:17.060045 13433 c_interface.cc:231] ArtmCopyRequestedMessage is copying 1890 bytes...
I0725 22:15:17.062731 13433 c_interface.cc:231] ArtmCopyRequestedMessage is copying 1890 bytes...
I0725 22:15:44.016407 13433 c_interface.cc:271] Pass MasterModelConfig: topic_name_size=30, class=(text:1), class=(author:1), score_config_size=1, num_processors=0, pwt_name=pwt, nwt_name=nwt, num_document_passes=10, reuse_theta=yes, cache_theta=yes, opt_for_avx=yes, disk_cache_path= to ArtmCreateMasterModel
I0725 22:15:44.016624 13433 instance.cc:401] MasterModelConfig.processors_count is automatically set to 4
I0725 22:15:44.016723 13705 processor.cc:724] Processor thread started
I0725 22:15:44.016757 13433 c_interface.cc:274] Creating MasterModel (id=4)...
I0725 22:15:44.016819 13706 processor.cc:724] Processor thread started
I0725 22:15:44.017233 13679 processor.cc:732] Processor thread stopped
I0725 22:15:44.017241 13679 processor.cc:733] Total number of processed batches: 55
I0725 22:15:44.017637 13708 processor.cc:724] Processor thread started
I0725 22:15:44.017858 13680 processor.cc:732] Processor thread stopped
I0725 22:15:44.017861 13680 processor.cc:733] Total number of processed batches: 60
I0725 22:15:44.018582 13681 processor.cc:732] Processor thread stopped
I0725 22:15:44.018590 13681 processor.cc:733] Total number of processed batches: 56
I0725 22:15:44.018895 13707 processor.cc:724] Processor thread started
I0725 22:15:44.019354 13682 processor.cc:732] Processor thread stopped
I0725 22:15:44.019361 13682 processor.cc:733] Total number of processed batches: 54
I0725 22:15:44.034668 13433 c_interface.cc:339] Disposing MasterComponent (id=2)...
I0725 22:15:44.037163 13706 processor.cc:740] No data in processing queue, waiting...
I0725 22:15:44.037276 13705 processor.cc:740] No data in processing queue, waiting...
I0725 22:15:44.040169 13708 processor.cc:740] No data in processing queue, waiting...
I0725 22:15:44.040560 13707 processor.cc:740] No data in processing queue, waiting...
I0725 22:15:44.043334 13433 c_interface.cc:231] ArtmCopyRequestedMessage is copying 204 bytes...
I0725 22:15:44.044401 13433 c_interface.cc:231] ArtmCopyRequestedMessage is copying 204 bytes...
I0725 22:15:44.045543 13433 c_interface.cc:231] ArtmCopyRequestedMessage is copying 204 bytes...
I0725 22:15:44.046746 13433 c_interface.cc:231] ArtmCopyRequestedMessage is copying 436 bytes...
I0725 22:15:44.047811 13433 c_interface.cc:231] ArtmCopyRequestedMessage is copying 436 bytes...
I0725 22:15:44.049118 13433 c_interface.cc:231] ArtmCopyRequestedMessage is copying 436 bytes...
I0725 22:15:46.423549 13433 c_interface.cc:271] Pass MasterModelConfig: topic_name_size=0, score_config_size=1, num_processors=0, pwt_name=pwt, nwt_name=nwt, num_document_passes=0, reuse_theta=no, cache_theta=no, opt_for_avx=yes, disk_cache_path= to ArtmCreateMasterModel
I0725 22:15:46.423575 13433 c_interface.cc:274] Creating MasterModel (id=5)...
I0725 22:15:46.423640 13433 c_interface.cc:375] Pass ce38af8d-383d-44f5-a0bf-6b7e9008987d to MN4artm4core15MasterComponentEFvRKSsE
I0725 22:15:46.436153 13433 c_interface.cc:339] Disposing MasterComponent (id=3)...
I0725 22:15:46.437404 13433 c_interface.cc:375] Pass 24e8e9f8-fb65-40e5-80ee-c057292a6b52 to MN4artm4core15MasterComponentEFvRKSsE
I0725 22:15:46.437531 13433 c_interface.cc:389] Pass GatherDictionaryArgs: dictionary_target_name=24e8e9f8-fb65-40e5-80ee-c057292a6b52, data_path=batches, symmetric_cooc_values=0 to MN4artm4core15MasterComponentEFvRKNS_20GatherDictionaryArgsEE
I0725 22:15:46.437611 13433 dictionary_operations.cc:261] Found 5 batches in 'batches' folder
I0725 22:15:46.558182 13433 dictionary_operations.cc:325] Find 26866 unique tokens in 1728 items
I0725 22:15:46.584619 13433 dictionary_operations.cc:589] Dictionary name='24e8e9f8-fb65-40e5-80ee-c057292a6b52' contains entries: author:539; text:26327; 
I0725 22:15:46.585386 13433 c_interface.cc:375] Pass pwt to MN4artm4core15MasterComponentEFvRKSsE
I0725 22:15:46.585405 13433 c_interface.cc:375] Pass nwt to MN4artm4core15MasterComponentEFvRKSsE
