I0725 22:16:11.737282 13705 cuckoo_watch.h:45] 63ms in ProcessBatch(batches/aaaaaa.batch) [including 3ms in LoadMessage; 5ms in InitializeSparseNdw; 0ms in FindReuseThetaCacheEntry; 0ms in InitializeTheta; 0ms in CreateRegularizerAgents; 29ms in InferThetaAndUpdateNwtSparse; 0ms in UpdateCacheEntry; 21ms in CalculateScore(^^^ItemsProcessedScore^^^); ]
I0725 22:16:11.746062 13705 processor.cc:820] Processor: start processing batch fd6197b6-0250-4875-b832-0f2663491468 into model nwt
I0725 22:16:11.775180 13707 processor.cc:925] Processor: complete processing batch 5906dd0e-c5e8-4781-8f8f-0d1d524d7766 into model nwt
I0725 22:16:11.778504 13707 cuckoo_watch.h:45] 104ms in ProcessBatch(batches/aaaaab.batch) [including 18ms in LoadMessage; 16ms in InitializeSparseNdw; 0ms in FindReuseThetaCacheEntry; 0ms in InitializeTheta; 0ms in CreateRegularizerAgents; 39ms in InferThetaAndUpdateNwtSparse; 0ms in UpdateCacheEntry; 26ms in CalculateScore(^^^ItemsProcessedScore^^^); ]
I0725 22:16:11.793893 13706 processor.cc:925] Processor: complete processing batch b545f2e7-6fdc-402c-82f7-bbbab8711c74 into model nwt
I0725 22:16:11.797726 13706 cuckoo_watch.h:45] 124ms in ProcessBatch(batches/aaaaae.batch) [including 6ms in LoadMessage; 14ms in InitializeSparseNdw; 0ms in FindReuseThetaCacheEntry; 0ms in InitializeTheta; 0ms in CreateRegularizerAgents; 57ms in InferThetaAndUpdateNwtSparse; 0ms in UpdateCacheEntry; 43ms in CalculateScore(^^^ItemsProcessedScore^^^); ]
I0725 22:16:11.799052 13707 processor.cc:740] No data in processing queue, waiting...
I0725 22:16:11.811487 13708 processor.cc:925] Processor: complete processing batch f40ca37d-a71d-4b5f-a066-98218e5daa7d into model nwt
I0725 22:16:11.815235 13708 cuckoo_watch.h:45] 140ms in ProcessBatch(batches/aaaaac.batch) [including 21ms in LoadMessage; 13ms in InitializeSparseNdw; 0ms in FindReuseThetaCacheEntry; 0ms in InitializeTheta; 0ms in CreateRegularizerAgents; 58ms in InferThetaAndUpdateNwtSparse; 0ms in UpdateCacheEntry; 42ms in CalculateScore(^^^ItemsProcessedScore^^^); ]
I0725 22:16:11.818146 13706 processor.cc:740] No data in processing queue, waiting...
I0725 22:16:11.835546 13708 processor.cc:740] No data in processing queue, waiting...
I0725 22:16:11.955401 13705 processor.cc:925] Processor: complete processing batch fd6197b6-0250-4875-b832-0f2663491468 into model nwt
I0725 22:16:11.958369 13705 cuckoo_watch.h:45] 220ms in ProcessBatch(batches/aaaaad.batch) [including 8ms in LoadMessage; 26ms in InitializeSparseNdw; 0ms in FindReuseThetaCacheEntry; 0ms in InitializeTheta; 0ms in CreateRegularizerAgents; 104ms in InferThetaAndUpdateNwtSparse; 0ms in UpdateCacheEntry; 77ms in CalculateScore(^^^ItemsProcessedScore^^^); ]
I0725 22:16:11.958791 13433 master_component.cc:1436] RegularizeModelArgs: rwt_target_name=rwt, pwt_source_name=pwt, nwt_source_name=nwt
I0725 22:16:11.958797 13433 master_component.cc:976] MasterComponent: start regularizing model pwt
I0725 22:16:11.978757 13705 processor.cc:740] No data in processing queue, waiting...
I0725 22:16:12.096999 13433 master_component.cc:1002] MasterComponent: complete regularizing model pwt
I0725 22:16:12.097102 13433 master_component.cc:1449] NormalizeModelArgs: pwt_target_name=pwt, nwt_source_name=nwt, rwt_source_name=rwt
I0725 22:16:12.097193 13433 master_component.cc:1006] MasterComponent: start normalizing model nwt
I0725 22:16:12.168499 13433 master_component.cc:1034] MasterComponent: complete normalizing model nwt
I0725 22:16:12.240468 13433 master_component.cc:1473] DisposeModel rwt
I0725 22:16:12.249261 13433 master_component.cc:1059] FitOffline: ItemsProcessed, num_items=1728, num_batches=5, token_weight=808522, token_weight_in_effect=808522
I0725 22:16:12.249495 13433 c_interface.cc:389] Pass FitOfflineMasterModelArgs, batch_filename_size=5, batch_weight_size=5, num_collection_passes=1, reset_nwt=yes to MN4artm4core15MasterComponentEFvRKNS_25FitOfflineMasterModelArgsEE
I0725 22:16:12.250241 13433 master_component.cc:1398] ProcessBatchesArgs: nwt_target_name=nwt, batch_filename_size=5, batch_size=0, batch_weight_size=5, pwt_source_name=pwt, num_document_passes=1, regularizer=(name:smooth_phi_regularizer, tau:100000), regularizer=(name:sparse_phi_regularizer, tau:-100000), class=(text:1), class=(author:1), reuse_theta=yes, opt_for_avx=yes, predict_class_id=, reset_nwt=yes
I0725 22:16:12.266146 13707 processor.cc:747] Processing queue has data, processing started
I0725 22:16:12.266242 13706 processor.cc:747] Processing queue has data, processing started
I0725 22:16:12.267223 13708 processor.cc:747] Processing queue has data, processing started
I0725 22:16:12.267349 13705 processor.cc:747] Processing queue has data, processing started
I0725 22:16:12.270465 13706 processor.cc:820] Processor: start processing batch 5906dd0e-c5e8-4781-8f8f-0d1d524d7766 into model nwt
I0725 22:16:12.270741 13705 processor.cc:820] Processor: start processing batch 8e3b4b58-22b7-4ad6-a263-8cc1e74e76c1 into model nwt
I0725 22:16:12.271778 13707 processor.cc:820] Processor: start processing batch b545f2e7-6fdc-402c-82f7-bbbab8711c74 into model nwt
I0725 22:16:12.272826 13708 processor.cc:820] Processor: start processing batch f40ca37d-a71d-4b5f-a066-98218e5daa7d into model nwt
I0725 22:16:12.325426 13705 processor.cc:925] Processor: complete processing batch 8e3b4b58-22b7-4ad6-a263-8cc1e74e76c1 into model nwt
I0725 22:16:12.328392 13705 cuckoo_watch.h:45] 60ms in ProcessBatch(batches/aaaaaa.batch) [including 3ms in LoadMessage; 4ms in InitializeSparseNdw; 0ms in FindReuseThetaCacheEntry; 0ms in InitializeTheta; 0ms in CreateRegularizerAgents; 27ms in InferThetaAndUpdateNwtSparse; 0ms in UpdateCacheEntry; 21ms in CalculateScore(^^^ItemsProcessedScore^^^); ]
I0725 22:16:12.337052 13705 processor.cc:820] Processor: start processing batch fd6197b6-0250-4875-b832-0f2663491468 into model nwt
I0725 22:16:12.341699 13706 processor.cc:925] Processor: complete processing batch 5906dd0e-c5e8-4781-8f8f-0d1d524d7766 into model nwt
I0725 22:16:12.345679 13706 cuckoo_watch.h:45] 79ms in ProcessBatch(batches/aaaaab.batch) [including 4ms in LoadMessage; 6ms in InitializeSparseNdw; 0ms in FindReuseThetaCacheEntry; 0ms in InitializeTheta; 0ms in CreateRegularizerAgents; 35ms in InferThetaAndUpdateNwtSparse; 0ms in UpdateCacheEntry; 28ms in CalculateScore(^^^ItemsProcessedScore^^^); ]
I0725 22:16:12.366035 13706 processor.cc:740] No data in processing queue, waiting...
I0725 22:16:12.379410 13707 processor.cc:925] Processor: complete processing batch b545f2e7-6fdc-402c-82f7-bbbab8711c74 into model nwt
I0725 22:16:12.383219 13707 cuckoo_watch.h:45] 116ms in ProcessBatch(batches/aaaaae.batch) [including 5ms in LoadMessage; 11ms in InitializeSparseNdw; 0ms in FindReuseThetaCacheEntry; 0ms in InitializeTheta; 0ms in CreateRegularizerAgents; 52ms in InferThetaAndUpdateNwtSparse; 0ms in UpdateCacheEntry; 43ms in CalculateScore(^^^ItemsProcessedScore^^^); ]
I0725 22:16:12.383450 13708 processor.cc:925] Processor: complete processing batch f40ca37d-a71d-4b5f-a066-98218e5daa7d into model nwt
I0725 22:16:12.386905 13708 cuckoo_watch.h:45] 119ms in ProcessBatch(batches/aaaaac.batch) [including 5ms in LoadMessage; 11ms in InitializeSparseNdw; 0ms in FindReuseThetaCacheEntry; 0ms in InitializeTheta; 0ms in CreateRegularizerAgents; 55ms in InferThetaAndUpdateNwtSparse; 0ms in UpdateCacheEntry; 42ms in CalculateScore(^^^ItemsProcessedScore^^^); ]
I0725 22:16:12.403525 13707 processor.cc:740] No data in processing queue, waiting...
I0725 22:16:12.407153 13708 processor.cc:740] No data in processing queue, waiting...
I0725 22:16:12.551019 13705 processor.cc:925] Processor: complete processing batch fd6197b6-0250-4875-b832-0f2663491468 into model nwt
I0725 22:16:12.554704 13705 cuckoo_watch.h:45] 226ms in ProcessBatch(batches/aaaaad.batch) [including 8ms in LoadMessage; 26ms in InitializeSparseNdw; 0ms in FindReuseThetaCacheEntry; 0ms in InitializeTheta; 0ms in CreateRegularizerAgents; 104ms in InferThetaAndUpdateNwtSparse; 0ms in UpdateCacheEntry; 82ms in CalculateScore(^^^ItemsProcessedScore^^^); ]
I0725 22:16:12.555146 13433 master_component.cc:1436] RegularizeModelArgs: rwt_target_name=rwt, pwt_source_name=pwt, nwt_source_name=nwt
I0725 22:16:12.555153 13433 master_component.cc:976] MasterComponent: start regularizing model pwt
I0725 22:16:12.575037 13705 processor.cc:740] No data in processing queue, waiting...
I0725 22:16:12.689288 13433 master_component.cc:1002] MasterComponent: complete regularizing model pwt
I0725 22:16:12.689397 13433 master_component.cc:1449] NormalizeModelArgs: pwt_target_name=pwt, nwt_source_name=nwt, rwt_source_name=rwt
I0725 22:16:12.689482 13433 master_component.cc:1006] MasterComponent: start normalizing model nwt
I0725 22:16:12.759603 13433 master_component.cc:1034] MasterComponent: complete normalizing model nwt
I0725 22:16:12.828553 13433 master_component.cc:1473] DisposeModel rwt
I0725 22:16:12.837158 13433 master_component.cc:1059] FitOffline: ItemsProcessed, num_items=1728, num_batches=5, token_weight=808522, token_weight_in_effect=808522
I0725 22:16:12.837414 13433 c_interface.cc:389] Pass FitOfflineMasterModelArgs, batch_filename_size=5, batch_weight_size=5, num_collection_passes=1, reset_nwt=yes to MN4artm4core15MasterComponentEFvRKNS_25FitOfflineMasterModelArgsEE
I0725 22:16:12.838122 13433 master_component.cc:1398] ProcessBatchesArgs: nwt_target_name=nwt, batch_filename_size=5, batch_size=0, batch_weight_size=5, pwt_source_name=pwt, num_document_passes=1, regularizer=(name:smooth_phi_regularizer, tau:100000), regularizer=(name:sparse_phi_regularizer, tau:-100000), class=(text:1), class=(author:1), reuse_theta=yes, opt_for_avx=yes, predict_class_id=, reset_nwt=yes
I0725 22:16:12.853966 13705 processor.cc:747] Processing queue has data, processing started
I0725 22:16:12.853992 13707 processor.cc:747] Processing queue has data, processing started
I0725 22:16:12.855190 13708 processor.cc:747] Processing queue has data, processing started
I0725 22:16:12.855387 13706 processor.cc:747] Processing queue has data, processing started
I0725 22:16:12.858177 13707 processor.cc:820] Processor: start processing batch 5906dd0e-c5e8-4781-8f8f-0d1d524d7766 into model nwt
I0725 22:16:12.858525 13708 processor.cc:820] Processor: start processing batch 8e3b4b58-22b7-4ad6-a263-8cc1e74e76c1 into model nwt
I0725 22:16:12.859527 13705 processor.cc:820] Processor: start processing batch b545f2e7-6fdc-402c-82f7-bbbab8711c74 into model nwt
I0725 22:16:12.861096 13706 processor.cc:820] Processor: start processing batch f40ca37d-a71d-4b5f-a066-98218e5daa7d into model nwt
I0725 22:16:12.911898 13708 processor.cc:925] Processor: complete processing batch 8e3b4b58-22b7-4ad6-a263-8cc1e74e76c1 into model nwt
I0725 22:16:12.913838 13708 cuckoo_watch.h:45] 58ms in ProcessBatch(batches/aaaaaa.batch) [including 3ms in LoadMessage; 5ms in InitializeSparseNdw; 0ms in FindReuseThetaCacheEntry; 0ms in InitializeTheta; 0ms in CreateRegularizerAgents; 27ms in InferThetaAndUpdateNwtSparse; 0ms in UpdateCacheEntry; 20ms in CalculateScore(^^^ItemsProcessedScore^^^); ]
I0725 22:16:12.922300 13708 processor.cc:820] Processor: start processing batch fd6197b6-0250-4875-b832-0f2663491468 into model nwt
I0725 22:16:12.928504 13707 processor.cc:925] Processor: complete processing batch 5906dd0e-c5e8-4781-8f8f-0d1d524d7766 into model nwt
I0725 22:16:12.931116 13707 cuckoo_watch.h:45] 76ms in ProcessBatch(batches/aaaaab.batch) [including 4ms in LoadMessage; 6ms in InitializeSparseNdw; 0ms in FindReuseThetaCacheEntry; 0ms in InitializeTheta; 0ms in CreateRegularizerAgents; 35ms in InferThetaAndUpdateNwtSparse; 0ms in UpdateCacheEntry; 27ms in CalculateScore(^^^ItemsProcessedScore^^^); ]
I0725 22:16:12.951544 13707 processor.cc:740] No data in processing queue, waiting...
I0725 22:16:12.964048 13705 processor.cc:925] Processor: complete processing batch b545f2e7-6fdc-402c-82f7-bbbab8711c74 into model nwt
I0725 22:16:12.967522 13705 cuckoo_watch.h:45] 113ms in ProcessBatch(batches/aaaaae.batch) [including 5ms in LoadMessage; 11ms in InitializeSparseNdw; 0ms in FindReuseThetaCacheEntry; 0ms in InitializeTheta; 0ms in CreateRegularizerAgents; 51ms in InferThetaAndUpdateNwtSparse; 0ms in UpdateCacheEntry; 40ms in CalculateScore(^^^ItemsProcessedScore^^^); ]
I0725 22:16:12.972079 13706 processor.cc:925] Processor: complete processing batch f40ca37d-a71d-4b5f-a066-98218e5daa7d into model nwt
I0725 22:16:12.975620 13706 cuckoo_watch.h:45] 119ms in ProcessBatch(batches/aaaaac.batch) [including 5ms in LoadMessage; 11ms in InitializeSparseNdw; 0ms in FindReuseThetaCacheEntry; 0ms in InitializeTheta; 0ms in CreateRegularizerAgents; 55ms in InferThetaAndUpdateNwtSparse; 0ms in UpdateCacheEntry; 43ms in CalculateScore(^^^ItemsProcessedScore^^^); ]
I0725 22:16:12.987877 13705 processor.cc:740] No data in processing queue, waiting...
I0725 22:16:12.995865 13706 processor.cc:740] No data in processing queue, waiting...
I0725 22:16:13.132814 13708 processor.cc:925] Processor: complete processing batch fd6197b6-0250-4875-b832-0f2663491468 into model nwt
I0725 22:16:13.136302 13708 cuckoo_watch.h:45] 222ms in ProcessBatch(batches/aaaaad.batch) [including 8ms in LoadMessage; 26ms in InitializeSparseNdw; 0ms in FindReuseThetaCacheEntry; 0ms in InitializeTheta; 0ms in CreateRegularizerAgents; 103ms in InferThetaAndUpdateNwtSparse; 0ms in UpdateCacheEntry; 80ms in CalculateScore(^^^ItemsProcessedScore^^^); ]
I0725 22:16:13.137228 13433 master_component.cc:1436] RegularizeModelArgs: rwt_target_name=rwt, pwt_source_name=pwt, nwt_source_name=nwt
I0725 22:16:13.137235 13433 master_component.cc:976] MasterComponent: start regularizing model pwt
I0725 22:16:13.156422 13708 processor.cc:740] No data in processing queue, waiting...
I0725 22:16:13.275359 13433 master_component.cc:1002] MasterComponent: complete regularizing model pwt
I0725 22:16:13.275456 13433 master_component.cc:1449] NormalizeModelArgs: pwt_target_name=pwt, nwt_source_name=nwt, rwt_source_name=rwt
I0725 22:16:13.275604 13433 master_component.cc:1006] MasterComponent: start normalizing model nwt
I0725 22:16:13.348929 13433 master_component.cc:1034] MasterComponent: complete normalizing model nwt
I0725 22:16:13.420480 13433 master_component.cc:1473] DisposeModel rwt
I0725 22:16:13.429441 13433 master_component.cc:1059] FitOffline: ItemsProcessed, num_items=1728, num_batches=5, token_weight=808522, token_weight_in_effect=808522
I0725 22:16:13.429720 13433 c_interface.cc:389] Pass FitOfflineMasterModelArgs, batch_filename_size=5, batch_weight_size=5, num_collection_passes=1, reset_nwt=yes to MN4artm4core15MasterComponentEFvRKNS_25FitOfflineMasterModelArgsEE
I0725 22:16:13.430461 13433 master_component.cc:1398] ProcessBatchesArgs: nwt_target_name=nwt, batch_filename_size=5, batch_size=0, batch_weight_size=5, pwt_source_name=pwt, num_document_passes=1, regularizer=(name:smooth_phi_regularizer, tau:100000), regularizer=(name:sparse_phi_regularizer, tau:-100000), class=(text:1), class=(author:1), reuse_theta=yes, opt_for_avx=yes, predict_class_id=, reset_nwt=yes
I0725 22:16:13.445953 13706 processor.cc:747] Processing queue has data, processing started
I0725 22:16:13.447116 13707 processor.cc:747] Processing queue has data, processing started
I0725 22:16:13.447122 13705 processor.cc:747] Processing queue has data, processing started
I0725 22:16:13.450034 13708 processor.cc:747] Processing queue has data, processing started
I0725 22:16:13.450469 13707 processor.cc:820] Processor: start processing batch 8e3b4b58-22b7-4ad6-a263-8cc1e74e76c1 into model nwt
I0725 22:16:13.451133 13705 processor.cc:820] Processor: start processing batch 5906dd0e-c5e8-4781-8f8f-0d1d524d7766 into model nwt
I0725 22:16:13.451563 13706 processor.cc:820] Processor: start processing batch b545f2e7-6fdc-402c-82f7-bbbab8711c74 into model nwt
I0725 22:16:13.455557 13708 processor.cc:820] Processor: start processing batch f40ca37d-a71d-4b5f-a066-98218e5daa7d into model nwt
I0725 22:16:13.506193 13707 processor.cc:925] Processor: complete processing batch 8e3b4b58-22b7-4ad6-a263-8cc1e74e76c1 into model nwt
I0725 22:16:13.509060 13707 cuckoo_watch.h:45] 61ms in ProcessBatch(batches/aaaaaa.batch) [including 3ms in LoadMessage; 4ms in InitializeSparseNdw; 0ms in FindReuseThetaCacheEntry; 0ms in InitializeTheta; 0ms in CreateRegularizerAgents; 27ms in InferThetaAndUpdateNwtSparse; 0ms in UpdateCacheEntry; 22ms in CalculateScore(^^^ItemsProcessedScore^^^); ]
I0725 22:16:13.517633 13707 processor.cc:820] Processor: start processing batch fd6197b6-0250-4875-b832-0f2663491468 into model nwt
I0725 22:16:13.520881 13705 processor.cc:925] Processor: complete processing batch 5906dd0e-c5e8-4781-8f8f-0d1d524d7766 into model nwt
I0725 22:16:13.524065 13705 cuckoo_watch.h:45] 76ms in ProcessBatch(batches/aaaaab.batch) [including 3ms in LoadMessage; 6ms in InitializeSparseNdw; 0ms in FindReuseThetaCacheEntry; 0ms in InitializeTheta; 0ms in CreateRegularizerAgents; 34ms in InferThetaAndUpdateNwtSparse; 0ms in UpdateCacheEntry; 28ms in CalculateScore(^^^ItemsProcessedScore^^^); ]
I0725 22:16:13.544502 13705 processor.cc:740] No data in processing queue, waiting...
I0725 22:16:13.558454 13706 processor.cc:925] Processor: complete processing batch b545f2e7-6fdc-402c-82f7-bbbab8711c74 into model nwt
I0725 22:16:13.562387 13706 cuckoo_watch.h:45] 116ms in ProcessBatch(batches/aaaaae.batch) [including 5ms in LoadMessage; 11ms in InitializeSparseNdw; 0ms in FindReuseThetaCacheEntry; 0ms in InitializeTheta; 0ms in CreateRegularizerAgents; 52ms in InferThetaAndUpdateNwtSparse; 0ms in UpdateCacheEntry; 42ms in CalculateScore(^^^ItemsProcessedScore^^^); ]
I0725 22:16:13.565708 13708 processor.cc:925] Processor: complete processing batch f40ca37d-a71d-4b5f-a066-98218e5daa7d into model nwt
I0725 22:16:13.569152 13708 cuckoo_watch.h:45] 118ms in ProcessBatch(batches/aaaaac.batch) [including 5ms in LoadMessage; 12ms in InitializeSparseNdw; 0ms in FindReuseThetaCacheEntry; 0ms in InitializeTheta; 0ms in CreateRegularizerAgents; 56ms in InferThetaAndUpdateNwtSparse; 0ms in UpdateCacheEntry; 41ms in CalculateScore(^^^ItemsProcessedScore^^^); ]
I0725 22:16:13.582836 13706 processor.cc:740] No data in processing queue, waiting...
I0725 22:16:13.589550 13708 processor.cc:740] No data in processing queue, waiting...
I0725 22:16:13.731709 13707 processor.cc:925] Processor: complete processing batch fd6197b6-0250-4875-b832-0f2663491468 into model nwt
I0725 22:16:13.735186 13707 cuckoo_watch.h:45] 225ms in ProcessBatch(batches/aaaaad.batch) [including 8ms in LoadMessage; 26ms in InitializeSparseNdw; 0ms in FindReuseThetaCacheEntry; 0ms in InitializeTheta; 0ms in CreateRegularizerAgents; 102ms in InferThetaAndUpdateNwtSparse; 0ms in UpdateCacheEntry; 84ms in CalculateScore(^^^ItemsProcessedScore^^^); ]
I0725 22:16:13.735395 13433 master_component.cc:1436] RegularizeModelArgs: rwt_target_name=rwt, pwt_source_name=pwt, nwt_source_name=nwt
I0725 22:16:13.735402 13433 master_component.cc:976] MasterComponent: start regularizing model pwt
I0725 22:16:13.755544 13707 processor.cc:740] No data in processing queue, waiting...
I0725 22:16:13.870069 13433 master_component.cc:1002] MasterComponent: complete regularizing model pwt
I0725 22:16:13.870172 13433 master_component.cc:1449] NormalizeModelArgs: pwt_target_name=pwt, nwt_source_name=nwt, rwt_source_name=rwt
I0725 22:16:13.870260 13433 master_component.cc:1006] MasterComponent: start normalizing model nwt
I0725 22:16:13.939018 13433 master_component.cc:1034] MasterComponent: complete normalizing model nwt
I0725 22:16:14.010802 13433 master_component.cc:1473] DisposeModel rwt
I0725 22:16:14.019912 13433 master_component.cc:1059] FitOffline: ItemsProcessed, num_items=1728, num_batches=5, token_weight=808522, token_weight_in_effect=808522
I0725 22:16:14.020344 13433 c_interface.cc:389] Pass FitOfflineMasterModelArgs, batch_filename_size=5, batch_weight_size=5, num_collection_passes=1, reset_nwt=yes to MN4artm4core15MasterComponentEFvRKNS_25FitOfflineMasterModelArgsEE
I0725 22:16:14.021101 13433 master_component.cc:1398] ProcessBatchesArgs: nwt_target_name=nwt, batch_filename_size=5, batch_size=0, batch_weight_size=5, pwt_source_name=pwt, num_document_passes=1, regularizer=(name:smooth_phi_regularizer, tau:100000), regularizer=(name:sparse_phi_regularizer, tau:-100000), class=(text:1), class=(author:1), reuse_theta=yes, opt_for_avx=yes, predict_class_id=, reset_nwt=yes
I0725 22:16:14.036886 13705 processor.cc:747] Processing queue has data, processing started
I0725 22:16:14.037569 13707 processor.cc:747] Processing queue has data, processing started
I0725 22:16:14.037993 13706 processor.cc:747] Processing queue has data, processing started
I0725 22:16:14.041375 13706 processor.cc:820] Processor: start processing batch 8e3b4b58-22b7-4ad6-a263-8cc1e74e76c1 into model nwt
I0725 22:16:14.041643 13707 processor.cc:820] Processor: start processing batch 5906dd0e-c5e8-4781-8f8f-0d1d524d7766 into model nwt
I0725 22:16:14.041774 13708 processor.cc:747] Processing queue has data, processing started
I0725 22:16:14.042404 13705 processor.cc:820] Processor: start processing batch b545f2e7-6fdc-402c-82f7-bbbab8711c74 into model nwt
I0725 22:16:14.047432 13708 processor.cc:820] Processor: start processing batch f40ca37d-a71d-4b5f-a066-98218e5daa7d into model nwt
I0725 22:16:14.095436 13706 processor.cc:925] Processor: complete processing batch 8e3b4b58-22b7-4ad6-a263-8cc1e74e76c1 into model nwt
I0725 22:16:14.098618 13706 cuckoo_watch.h:45] 60ms in ProcessBatch(batches/aaaaaa.batch) [including 3ms in LoadMessage; 4ms in InitializeSparseNdw; 0ms in FindReuseThetaCacheEntry; 0ms in InitializeTheta; 0ms in CreateRegularizerAgents; 27ms in InferThetaAndUpdateNwtSparse; 0ms in UpdateCacheEntry; 21ms in CalculateScore(^^^ItemsProcessedScore^^^); ]
I0725 22:16:14.107244 13706 processor.cc:820] Processor: start processing batch fd6197b6-0250-4875-b832-0f2663491468 into model nwt
I0725 22:16:14.111218 13707 processor.cc:925] Processor: complete processing batch 5906dd0e-c5e8-4781-8f8f-0d1d524d7766 into model nwt
I0725 22:16:14.114573 13707 cuckoo_watch.h:45] 76ms in ProcessBatch(batches/aaaaab.batch) [including 4ms in LoadMessage; 6ms in InitializeSparseNdw; 0ms in FindReuseThetaCacheEntry; 0ms in InitializeTheta; 0ms in CreateRegularizerAgents; 34ms in InferThetaAndUpdateNwtSparse; 0ms in UpdateCacheEntry; 28ms in CalculateScore(^^^ItemsProcessedScore^^^); ]
I0725 22:16:14.134939 13707 processor.cc:740] No data in processing queue, waiting...
I0725 22:16:14.148306 13705 processor.cc:925] Processor: complete processing batch b545f2e7-6fdc-402c-82f7-bbbab8711c74 into model nwt
I0725 22:16:14.151839 13705 cuckoo_watch.h:45] 114ms in ProcessBatch(batches/aaaaae.batch) [including 5ms in LoadMessage; 11ms in InitializeSparseNdw; 0ms in FindReuseThetaCacheEntry; 0ms in InitializeTheta; 0ms in CreateRegularizerAgents; 51ms in InferThetaAndUpdateNwtSparse; 0ms in UpdateCacheEntry; 42ms in CalculateScore(^^^ItemsProcessedScore^^^); ]
I0725 22:16:14.158641 13708 processor.cc:925] Processor: complete processing batch f40ca37d-a71d-4b5f-a066-98218e5daa7d into model nwt
I0725 22:16:14.162004 13708 cuckoo_watch.h:45] 120ms in ProcessBatch(batches/aaaaac.batch) [including 5ms in LoadMessage; 11ms in InitializeSparseNdw; 0ms in FindReuseThetaCacheEntry; 0ms in InitializeTheta; 0ms in CreateRegularizerAgents; 56ms in InferThetaAndUpdateNwtSparse; 0ms in UpdateCacheEntry; 42ms in CalculateScore(^^^ItemsProcessedScore^^^); ]
I0725 22:16:14.172230 13705 processor.cc:740] No data in processing queue, waiting...
I0725 22:16:14.182359 13708 processor.cc:740] No data in processing queue, waiting...
I0725 22:16:14.316097 13706 processor.cc:925] Processor: complete processing batch fd6197b6-0250-4875-b832-0f2663491468 into model nwt
I0725 22:16:14.320446 13706 cuckoo_watch.h:45] 221ms in ProcessBatch(batches/aaaaad.batch) [including 8ms in LoadMessage; 26ms in InitializeSparseNdw; 0ms in FindReuseThetaCacheEntry; 0ms in InitializeTheta; 0ms in CreateRegularizerAgents; 103ms in InferThetaAndUpdateNwtSparse; 0ms in UpdateCacheEntry; 78ms in CalculateScore(^^^ItemsProcessedScore^^^); ]
I0725 22:16:14.320645 13433 master_component.cc:1436] RegularizeModelArgs: rwt_target_name=rwt, pwt_source_name=pwt, nwt_source_name=nwt
I0725 22:16:14.320652 13433 master_component.cc:976] MasterComponent: start regularizing model pwt
I0725 22:16:14.340852 13706 processor.cc:740] No data in processing queue, waiting...
I0725 22:16:14.454912 13433 master_component.cc:1002] MasterComponent: complete regularizing model pwt
I0725 22:16:14.455006 13433 master_component.cc:1449] NormalizeModelArgs: pwt_target_name=pwt, nwt_source_name=nwt, rwt_source_name=rwt
I0725 22:16:14.455093 13433 master_component.cc:1006] MasterComponent: start normalizing model nwt
I0725 22:16:14.523679 13433 master_component.cc:1034] MasterComponent: complete normalizing model nwt
I0725 22:16:14.596190 13433 master_component.cc:1473] DisposeModel rwt
I0725 22:16:14.605523 13433 master_component.cc:1059] FitOffline: ItemsProcessed, num_items=1728, num_batches=5, token_weight=808522, token_weight_in_effect=808522
I0725 22:16:14.605799 13433 c_interface.cc:389] Pass FitOfflineMasterModelArgs, batch_filename_size=5, batch_weight_size=5, num_collection_passes=1, reset_nwt=yes to MN4artm4core15MasterComponentEFvRKNS_25FitOfflineMasterModelArgsEE
I0725 22:16:14.606567 13433 master_component.cc:1398] ProcessBatchesArgs: nwt_target_name=nwt, batch_filename_size=5, batch_size=0, batch_weight_size=5, pwt_source_name=pwt, num_document_passes=1, regularizer=(name:smooth_phi_regularizer, tau:100000), regularizer=(name:sparse_phi_regularizer, tau:-100000), class=(text:1), class=(author:1), reuse_theta=yes, opt_for_avx=yes, predict_class_id=, reset_nwt=yes
I0725 22:16:14.622709 13705 processor.cc:747] Processing queue has data, processing started
I0725 22:16:14.622896 13706 processor.cc:747] Processing queue has data, processing started
I0725 22:16:14.623735 13708 processor.cc:747] Processing queue has data, processing started
I0725 22:16:14.623787 13707 processor.cc:747] Processing queue has data, processing started
I0725 22:16:14.626804 13705 processor.cc:820] Processor: start processing batch 5906dd0e-c5e8-4781-8f8f-0d1d524d7766 into model nwt
I0725 22:16:14.627084 13708 processor.cc:820] Processor: start processing batch 8e3b4b58-22b7-4ad6-a263-8cc1e74e76c1 into model nwt
I0725 22:16:14.628510 13706 processor.cc:820] Processor: start processing batch b545f2e7-6fdc-402c-82f7-bbbab8711c74 into model nwt
I0725 22:16:14.629504 13707 processor.cc:820] Processor: start processing batch f40ca37d-a71d-4b5f-a066-98218e5daa7d into model nwt
I0725 22:16:14.682029 13708 processor.cc:925] Processor: complete processing batch 8e3b4b58-22b7-4ad6-a263-8cc1e74e76c1 into model nwt
I0725 22:16:14.683881 13708 cuckoo_watch.h:45] 60ms in ProcessBatch(batches/aaaaaa.batch) [including 3ms in LoadMessage; 4ms in InitializeSparseNdw; 0ms in FindReuseThetaCacheEntry; 0ms in InitializeTheta; 0ms in CreateRegularizerAgents; 27ms in InferThetaAndUpdateNwtSparse; 0ms in UpdateCacheEntry; 22ms in CalculateScore(^^^ItemsProcessedScore^^^); ]
I0725 22:16:14.692255 13708 processor.cc:820] Processor: start processing batch fd6197b6-0250-4875-b832-0f2663491468 into model nwt
I0725 22:16:14.697026 13705 processor.cc:925] Processor: complete processing batch 5906dd0e-c5e8-4781-8f8f-0d1d524d7766 into model nwt
I0725 22:16:14.700644 13705 cuckoo_watch.h:45] 77ms in ProcessBatch(batches/aaaaab.batch) [including 4ms in LoadMessage; 6ms in InitializeSparseNdw; 0ms in FindReuseThetaCacheEntry; 0ms in InitializeTheta; 0ms in CreateRegularizerAgents; 34ms in InferThetaAndUpdateNwtSparse; 0ms in UpdateCacheEntry; 28ms in CalculateScore(^^^ItemsProcessedScore^^^); ]
I0725 22:16:14.720999 13705 processor.cc:740] No data in processing queue, waiting...
I0725 22:16:14.736693 13706 processor.cc:925] Processor: complete processing batch b545f2e7-6fdc-402c-82f7-bbbab8711c74 into model nwt
I0725 22:16:14.740582 13706 cuckoo_watch.h:45] 117ms in ProcessBatch(batches/aaaaae.batch) [including 5ms in LoadMessage; 11ms in InitializeSparseNdw; 0ms in FindReuseThetaCacheEntry; 0ms in InitializeTheta; 0ms in CreateRegularizerAgents; 52ms in InferThetaAndUpdateNwtSparse; 0ms in UpdateCacheEntry; 43ms in CalculateScore(^^^ItemsProcessedScore^^^); ]
I0725 22:16:14.741174 13707 processor.cc:925] Processor: complete processing batch f40ca37d-a71d-4b5f-a066-98218e5daa7d into model nwt
I0725 22:16:14.745019 13707 cuckoo_watch.h:45] 121ms in ProcessBatch(batches/aaaaac.batch) [including 5ms in LoadMessage; 11ms in InitializeSparseNdw; 0ms in FindReuseThetaCacheEntry; 0ms in InitializeTheta; 0ms in CreateRegularizerAgents; 56ms in InferThetaAndUpdateNwtSparse; 0ms in UpdateCacheEntry; 42ms in CalculateScore(^^^ItemsProcessedScore^^^); ]
I0725 22:16:14.760912 13706 processor.cc:740] No data in processing queue, waiting...
I0725 22:16:14.765367 13707 processor.cc:740] No data in processing queue, waiting...
I0725 22:16:14.902737 13708 processor.cc:925] Processor: complete processing batch fd6197b6-0250-4875-b832-0f2663491468 into model nwt
I0725 22:16:14.906774 13708 cuckoo_watch.h:45] 222ms in ProcessBatch(batches/aaaaad.batch) [including 8ms in LoadMessage; 26ms in InitializeSparseNdw; 0ms in FindReuseThetaCacheEntry; 0ms in InitializeTheta; 0ms in CreateRegularizerAgents; 102ms in InferThetaAndUpdateNwtSparse; 0ms in UpdateCacheEntry; 80ms in CalculateScore(^^^ItemsProcessedScore^^^); ]
I0725 22:16:14.907593 13433 master_component.cc:1436] RegularizeModelArgs: rwt_target_name=rwt, pwt_source_name=pwt, nwt_source_name=nwt
I0725 22:16:14.907600 13433 master_component.cc:976] MasterComponent: start regularizing model pwt
I0725 22:16:14.927609 13708 processor.cc:740] No data in processing queue, waiting...
I0725 22:16:15.043265 13433 master_component.cc:1002] MasterComponent: complete regularizing model pwt
I0725 22:16:15.043375 13433 master_component.cc:1449] NormalizeModelArgs: pwt_target_name=pwt, nwt_source_name=nwt, rwt_source_name=rwt
I0725 22:16:15.043458 13433 master_component.cc:1006] MasterComponent: start normalizing model nwt
I0725 22:16:15.113198 13433 master_component.cc:1034] MasterComponent: complete normalizing model nwt
I0725 22:16:15.184866 13433 master_component.cc:1473] DisposeModel rwt
I0725 22:16:15.193540 13433 master_component.cc:1059] FitOffline: ItemsProcessed, num_items=1728, num_batches=5, token_weight=808522, token_weight_in_effect=808522
I0725 22:16:15.193823 13433 c_interface.cc:389] Pass FitOfflineMasterModelArgs, batch_filename_size=5, batch_weight_size=5, num_collection_passes=1, reset_nwt=yes to MN4artm4core15MasterComponentEFvRKNS_25FitOfflineMasterModelArgsEE
I0725 22:16:15.194540 13433 master_component.cc:1398] ProcessBatchesArgs: nwt_target_name=nwt, batch_filename_size=5, batch_size=0, batch_weight_size=5, pwt_source_name=pwt, num_document_passes=1, regularizer=(name:smooth_phi_regularizer, tau:100000), regularizer=(name:sparse_phi_regularizer, tau:-100000), class=(text:1), class=(author:1), reuse_theta=yes, opt_for_avx=yes, predict_class_id=, reset_nwt=yes
I0725 22:16:15.210296 13707 processor.cc:747] Processing queue has data, processing started
I0725 22:16:15.211448 13705 processor.cc:747] Processing queue has data, processing started
I0725 22:16:15.211457 13706 processor.cc:747] Processing queue has data, processing started
I0725 22:16:15.211649 13708 processor.cc:747] Processing queue has data, processing started
I0725 22:16:15.215034 13708 processor.cc:820] Processor: start processing batch 8e3b4b58-22b7-4ad6-a263-8cc1e74e76c1 into model nwt
I0725 22:16:15.215576 13705 processor.cc:820] Processor: start processing batch 5906dd0e-c5e8-4781-8f8f-0d1d524d7766 into model nwt
I0725 22:16:15.215910 13707 processor.cc:820] Processor: start processing batch b545f2e7-6fdc-402c-82f7-bbbab8711c74 into model nwt
I0725 22:16:15.217309 13706 processor.cc:820] Processor: start processing batch f40ca37d-a71d-4b5f-a066-98218e5daa7d into model nwt
I0725 22:16:15.268647 13708 processor.cc:925] Processor: complete processing batch 8e3b4b58-22b7-4ad6-a263-8cc1e74e76c1 into model nwt
I0725 22:16:15.270421 13708 cuckoo_watch.h:45] 58ms in ProcessBatch(batches/aaaaaa.batch) [including 3ms in LoadMessage; 4ms in InitializeSparseNdw; 0ms in FindReuseThetaCacheEntry; 0ms in InitializeTheta; 0ms in CreateRegularizerAgents; 26ms in InferThetaAndUpdateNwtSparse; 0ms in UpdateCacheEntry; 21ms in CalculateScore(^^^ItemsProcessedScore^^^); ]
I0725 22:16:15.278985 13708 processor.cc:820] Processor: start processing batch fd6197b6-0250-4875-b832-0f2663491468 into model nwt
I0725 22:16:15.283864 13705 processor.cc:925] Processor: complete processing batch 5906dd0e-c5e8-4781-8f8f-0d1d524d7766 into model nwt
I0725 22:16:15.286247 13705 cuckoo_watch.h:45] 74ms in ProcessBatch(batches/aaaaab.batch) [including 4ms in LoadMessage; 6ms in InitializeSparseNdw; 0ms in FindReuseThetaCacheEntry; 0ms in InitializeTheta; 0ms in CreateRegularizerAgents; 34ms in InferThetaAndUpdateNwtSparse; 0ms in UpdateCacheEntry; 26ms in CalculateScore(^^^ItemsProcessedScore^^^); ]
I0725 22:16:15.306566 13705 processor.cc:740] No data in processing queue, waiting...
I0725 22:16:15.320015 13707 processor.cc:925] Processor: complete processing batch b545f2e7-6fdc-402c-82f7-bbbab8711c74 into model nwt
I0725 22:16:15.322842 13707 cuckoo_watch.h:45] 112ms in ProcessBatch(batches/aaaaae.batch) [including 5ms in LoadMessage; 11ms in InitializeSparseNdw; 0ms in FindReuseThetaCacheEntry; 0ms in InitializeTheta; 0ms in CreateRegularizerAgents; 50ms in InferThetaAndUpdateNwtSparse; 0ms in UpdateCacheEntry; 41ms in CalculateScore(^^^ItemsProcessedScore^^^); ]
I0725 22:16:15.327136 13706 processor.cc:925] Processor: complete processing batch f40ca37d-a71d-4b5f-a066-98218e5daa7d into model nwt
I0725 22:16:15.329953 13706 cuckoo_watch.h:45] 118ms in ProcessBatch(batches/aaaaac.batch) [including 5ms in LoadMessage; 11ms in InitializeSparseNdw; 0ms in FindReuseThetaCacheEntry; 0ms in InitializeTheta; 0ms in CreateRegularizerAgents; 55ms in InferThetaAndUpdateNwtSparse; 0ms in UpdateCacheEntry; 42ms in CalculateScore(^^^ItemsProcessedScore^^^); ]
I0725 22:16:15.343334 13707 processor.cc:740] No data in processing queue, waiting...
I0725 22:16:15.350272 13706 processor.cc:740] No data in processing queue, waiting...
I0725 22:16:15.486449 13708 processor.cc:925] Processor: complete processing batch fd6197b6-0250-4875-b832-0f2663491468 into model nwt
I0725 22:16:15.489749 13708 cuckoo_watch.h:45] 219ms in ProcessBatch(batches/aaaaad.batch) [including 8ms in LoadMessage; 26ms in InitializeSparseNdw; 0ms in FindReuseThetaCacheEntry; 0ms in InitializeTheta; 0ms in CreateRegularizerAgents; 101ms in InferThetaAndUpdateNwtSparse; 0ms in UpdateCacheEntry; 79ms in CalculateScore(^^^ItemsProcessedScore^^^); ]
I0725 22:16:15.489868 13433 master_component.cc:1436] RegularizeModelArgs: rwt_target_name=rwt, pwt_source_name=pwt, nwt_source_name=nwt
I0725 22:16:15.489876 13433 master_component.cc:976] MasterComponent: start regularizing model pwt
I0725 22:16:15.510605 13708 processor.cc:740] No data in processing queue, waiting...
I0725 22:16:15.625327 13433 master_component.cc:1002] MasterComponent: complete regularizing model pwt
I0725 22:16:15.625428 13433 master_component.cc:1449] NormalizeModelArgs: pwt_target_name=pwt, nwt_source_name=nwt, rwt_source_name=rwt
I0725 22:16:15.625509 13433 master_component.cc:1006] MasterComponent: start normalizing model nwt
I0725 22:16:15.696274 13433 master_component.cc:1034] MasterComponent: complete normalizing model nwt
I0725 22:16:15.768997 13433 master_component.cc:1473] DisposeModel rwt
I0725 22:16:15.777706 13433 master_component.cc:1059] FitOffline: ItemsProcessed, num_items=1728, num_batches=5, token_weight=808522, token_weight_in_effect=808522
I0725 22:16:15.777947 13433 c_interface.cc:389] Pass FitOfflineMasterModelArgs, batch_filename_size=5, batch_weight_size=5, num_collection_passes=1, reset_nwt=yes to MN4artm4core15MasterComponentEFvRKNS_25FitOfflineMasterModelArgsEE
I0725 22:16:15.778663 13433 master_component.cc:1398] ProcessBatchesArgs: nwt_target_name=nwt, batch_filename_size=5, batch_size=0, batch_weight_size=5, pwt_source_name=pwt, num_document_passes=1, regularizer=(name:smooth_phi_regularizer, tau:100000), regularizer=(name:sparse_phi_regularizer, tau:-100000), class=(text:1), class=(author:1), reuse_theta=yes, opt_for_avx=yes, predict_class_id=, reset_nwt=yes
I0725 22:16:15.794682 13707 processor.cc:747] Processing queue has data, processing started
I0725 22:16:15.794909 13708 processor.cc:747] Processing queue has data, processing started
I0725 22:16:15.795749 13706 processor.cc:747] Processing queue has data, processing started
I0725 22:16:15.795796 13705 processor.cc:747] Processing queue has data, processing started
I0725 22:16:15.799015 13708 processor.cc:820] Processor: start processing batch 5906dd0e-c5e8-4781-8f8f-0d1d524d7766 into model nwt
I0725 22:16:15.799242 13706 processor.cc:820] Processor: start processing batch 8e3b4b58-22b7-4ad6-a263-8cc1e74e76c1 into model nwt
I0725 22:16:15.800333 13707 processor.cc:820] Processor: start processing batch b545f2e7-6fdc-402c-82f7-bbbab8711c74 into model nwt
I0725 22:16:15.801415 13705 processor.cc:820] Processor: start processing batch f40ca37d-a71d-4b5f-a066-98218e5daa7d into model nwt
I0725 22:16:15.854528 13706 processor.cc:925] Processor: complete processing batch 8e3b4b58-22b7-4ad6-a263-8cc1e74e76c1 into model nwt
I0725 22:16:15.856629 13706 cuckoo_watch.h:45] 60ms in ProcessBatch(batches/aaaaaa.batch) [including 3ms in LoadMessage; 4ms in InitializeSparseNdw; 0ms in FindReuseThetaCacheEntry; 0ms in InitializeTheta; 0ms in CreateRegularizerAgents; 27ms in InferThetaAndUpdateNwtSparse; 0ms in UpdateCacheEntry; 21ms in CalculateScore(^^^ItemsProcessedScore^^^); ]
I0725 22:16:15.865181 13706 processor.cc:820] Processor: start processing batch fd6197b6-0250-4875-b832-0f2663491468 into model nwt
I0725 22:16:15.867677 13708 processor.cc:925] Processor: complete processing batch 5906dd0e-c5e8-4781-8f8f-0d1d524d7766 into model nwt
I0725 22:16:15.870290 13708 cuckoo_watch.h:45] 75ms in ProcessBatch(batches/aaaaab.batch) [including 4ms in LoadMessage; 6ms in InitializeSparseNdw; 0ms in FindReuseThetaCacheEntry; 0ms in InitializeTheta; 0ms in CreateRegularizerAgents; 34ms in InferThetaAndUpdateNwtSparse; 0ms in UpdateCacheEntry; 27ms in CalculateScore(^^^ItemsProcessedScore^^^); ]
I0725 22:16:15.891060 13708 processor.cc:740] No data in processing queue, waiting...
I0725 22:16:15.904511 13707 processor.cc:925] Processor: complete processing batch b545f2e7-6fdc-402c-82f7-bbbab8711c74 into model nwt
I0725 22:16:15.907446 13707 cuckoo_watch.h:45] 112ms in ProcessBatch(batches/aaaaae.batch) [including 5ms in LoadMessage; 11ms in InitializeSparseNdw; 0ms in FindReuseThetaCacheEntry; 0ms in InitializeTheta; 0ms in CreateRegularizerAgents; 51ms in InferThetaAndUpdateNwtSparse; 0ms in UpdateCacheEntry; 41ms in CalculateScore(^^^ItemsProcessedScore^^^); ]
I0725 22:16:15.909826 13705 processor.cc:925] Processor: complete processing batch f40ca37d-a71d-4b5f-a066-98218e5daa7d into model nwt
I0725 22:16:15.913457 13705 cuckoo_watch.h:45] 117ms in ProcessBatch(batches/aaaaac.batch) [including 5ms in LoadMessage; 11ms in InitializeSparseNdw; 0ms in FindReuseThetaCacheEntry; 0ms in InitializeTheta; 0ms in CreateRegularizerAgents; 54ms in InferThetaAndUpdateNwtSparse; 0ms in UpdateCacheEntry; 41ms in CalculateScore(^^^ItemsProcessedScore^^^); ]
I0725 22:16:15.927830 13707 processor.cc:740] No data in processing queue, waiting...
I0725 22:16:15.933765 13705 processor.cc:740] No data in processing queue, waiting...
I0725 22:16:16.076627 13706 processor.cc:925] Processor: complete processing batch fd6197b6-0250-4875-b832-0f2663491468 into model nwt
I0725 22:16:16.080441 13706 cuckoo_watch.h:45] 223ms in ProcessBatch(batches/aaaaad.batch) [including 8ms in LoadMessage; 25ms in InitializeSparseNdw; 0ms in FindReuseThetaCacheEntry; 0ms in InitializeTheta; 0ms in CreateRegularizerAgents; 103ms in InferThetaAndUpdateNwtSparse; 0ms in UpdateCacheEntry; 81ms in CalculateScore(^^^ItemsProcessedScore^^^); ]
I0725 22:16:16.081193 13433 master_component.cc:1436] RegularizeModelArgs: rwt_target_name=rwt, pwt_source_name=pwt, nwt_source_name=nwt
I0725 22:16:16.081202 13433 master_component.cc:976] MasterComponent: start regularizing model pwt
I0725 22:16:16.100785 13706 processor.cc:740] No data in processing queue, waiting...
I0725 22:16:16.219581 13433 master_component.cc:1002] MasterComponent: complete regularizing model pwt
I0725 22:16:16.219725 13433 master_component.cc:1449] NormalizeModelArgs: pwt_target_name=pwt, nwt_source_name=nwt, rwt_source_name=rwt
I0725 22:16:16.219810 13433 master_component.cc:1006] MasterComponent: start normalizing model nwt
I0725 22:16:16.291018 13433 master_component.cc:1034] MasterComponent: complete normalizing model nwt
I0725 22:16:16.363289 13433 master_component.cc:1473] DisposeModel rwt
I0725 22:16:16.371994 13433 master_component.cc:1059] FitOffline: ItemsProcessed, num_items=1728, num_batches=5, token_weight=808522, token_weight_in_effect=808522
I0725 22:16:16.372263 13433 c_interface.cc:389] Pass FitOfflineMasterModelArgs, batch_filename_size=5, batch_weight_size=5, num_collection_passes=1, reset_nwt=yes to MN4artm4core15MasterComponentEFvRKNS_25FitOfflineMasterModelArgsEE
I0725 22:16:16.372942 13433 master_component.cc:1398] ProcessBatchesArgs: nwt_target_name=nwt, batch_filename_size=5, batch_size=0, batch_weight_size=5, pwt_source_name=pwt, num_document_passes=1, regularizer=(name:smooth_phi_regularizer, tau:100000), regularizer=(name:sparse_phi_regularizer, tau:-100000), class=(text:1), class=(author:1), reuse_theta=yes, opt_for_avx=yes, predict_class_id=, reset_nwt=yes
I0725 22:16:16.389497 13708 processor.cc:747] Processing queue has data, processing started
I0725 22:16:16.389497 13707 processor.cc:747] Processing queue has data, processing started
I0725 22:16:16.389700 13706 processor.cc:747] Processing queue has data, processing started
I0725 22:16:16.391968 13705 processor.cc:747] Processing queue has data, processing started
I0725 22:16:16.392810 13708 processor.cc:820] Processor: start processing batch 8e3b4b58-22b7-4ad6-a263-8cc1e74e76c1 into model nwt
I0725 22:16:16.393600 13707 processor.cc:820] Processor: start processing batch 5906dd0e-c5e8-4781-8f8f-0d1d524d7766 into model nwt
I0725 22:16:16.395294 13706 processor.cc:820] Processor: start processing batch b545f2e7-6fdc-402c-82f7-bbbab8711c74 into model nwt
I0725 22:16:16.397611 13705 processor.cc:820] Processor: start processing batch f40ca37d-a71d-4b5f-a066-98218e5daa7d into model nwt
I0725 22:16:16.446178 13708 processor.cc:925] Processor: complete processing batch 8e3b4b58-22b7-4ad6-a263-8cc1e74e76c1 into model nwt
I0725 22:16:16.448158 13708 cuckoo_watch.h:45] 58ms in ProcessBatch(batches/aaaaaa.batch) [including 3ms in LoadMessage; 4ms in InitializeSparseNdw; 0ms in FindReuseThetaCacheEntry; 0ms in InitializeTheta; 0ms in CreateRegularizerAgents; 26ms in InferThetaAndUpdateNwtSparse; 0ms in UpdateCacheEntry; 21ms in CalculateScore(^^^ItemsProcessedScore^^^); ]
I0725 22:16:16.456662 13708 processor.cc:820] Processor: start processing batch fd6197b6-0250-4875-b832-0f2663491468 into model nwt
I0725 22:16:16.463587 13707 processor.cc:925] Processor: complete processing batch 5906dd0e-c5e8-4781-8f8f-0d1d524d7766 into model nwt
I0725 22:16:16.466084 13707 cuckoo_watch.h:45] 76ms in ProcessBatch(batches/aaaaab.batch) [including 4ms in LoadMessage; 6ms in InitializeSparseNdw; 0ms in FindReuseThetaCacheEntry; 0ms in InitializeTheta; 0ms in CreateRegularizerAgents; 35ms in InferThetaAndUpdateNwtSparse; 0ms in UpdateCacheEntry; 27ms in CalculateScore(^^^ItemsProcessedScore^^^); ]
I0725 22:16:16.486564 13707 processor.cc:740] No data in processing queue, waiting...
I0725 22:16:16.499735 13706 processor.cc:925] Processor: complete processing batch b545f2e7-6fdc-402c-82f7-bbbab8711c74 into model nwt
I0725 22:16:16.503491 13706 cuckoo_watch.h:45] 113ms in ProcessBatch(batches/aaaaae.batch) [including 5ms in LoadMessage; 11ms in InitializeSparseNdw; 0ms in FindReuseThetaCacheEntry; 0ms in InitializeTheta; 0ms in CreateRegularizerAgents; 51ms in InferThetaAndUpdateNwtSparse; 0ms in UpdateCacheEntry; 40ms in CalculateScore(^^^ItemsProcessedScore^^^); ]
I0725 22:16:16.505512 13705 processor.cc:925] Processor: complete processing batch f40ca37d-a71d-4b5f-a066-98218e5daa7d into model nwt
I0725 22:16:16.509105 13705 cuckoo_watch.h:45] 116ms in ProcessBatch(batches/aaaaac.batch) [including 5ms in LoadMessage; 11ms in InitializeSparseNdw; 0ms in FindReuseThetaCacheEntry; 0ms in InitializeTheta; 0ms in CreateRegularizerAgents; 54ms in InferThetaAndUpdateNwtSparse; 0ms in UpdateCacheEntry; 41ms in CalculateScore(^^^ItemsProcessedScore^^^); ]
I0725 22:16:16.523772 13706 processor.cc:740] No data in processing queue, waiting...
I0725 22:16:16.529454 13705 processor.cc:740] No data in processing queue, waiting...
I0725 22:16:16.665930 13708 processor.cc:925] Processor: complete processing batch fd6197b6-0250-4875-b832-0f2663491468 into model nwt
I0725 22:16:16.669876 13708 cuckoo_watch.h:45] 221ms in ProcessBatch(batches/aaaaad.batch) [including 8ms in LoadMessage; 26ms in InitializeSparseNdw; 0ms in FindReuseThetaCacheEntry; 0ms in InitializeTheta; 0ms in CreateRegularizerAgents; 102ms in InferThetaAndUpdateNwtSparse; 0ms in UpdateCacheEntry; 79ms in CalculateScore(^^^ItemsProcessedScore^^^); ]
I0725 22:16:16.670004 13433 master_component.cc:1436] RegularizeModelArgs: rwt_target_name=rwt, pwt_source_name=pwt, nwt_source_name=nwt
I0725 22:16:16.670011 13433 master_component.cc:976] MasterComponent: start regularizing model pwt
I0725 22:16:16.690665 13708 processor.cc:740] No data in processing queue, waiting...
I0725 22:16:16.802914 13433 master_component.cc:1002] MasterComponent: complete regularizing model pwt
I0725 22:16:16.803019 13433 master_component.cc:1449] NormalizeModelArgs: pwt_target_name=pwt, nwt_source_name=nwt, rwt_source_name=rwt
I0725 22:16:16.803094 13433 master_component.cc:1006] MasterComponent: start normalizing model nwt
I0725 22:16:16.871891 13433 master_component.cc:1034] MasterComponent: complete normalizing model nwt
I0725 22:16:16.941262 13433 master_component.cc:1473] DisposeModel rwt
I0725 22:16:16.949858 13433 master_component.cc:1059] FitOffline: ItemsProcessed, num_items=1728, num_batches=5, token_weight=808522, token_weight_in_effect=808522
I0725 22:16:16.956132 13433 c_interface.cc:231] ArtmCopyRequestedMessage is copying 553515 bytes...
I0725 22:16:16.980121 13433 c_interface.cc:231] ArtmCopyRequestedMessage is copying 910036 bytes...
I0725 22:16:17.018573 13433 c_interface.cc:231] ArtmCopyRequestedMessage is copying 204 bytes...
I0725 22:16:17.021036 13433 c_interface.cc:231] ArtmCopyRequestedMessage is copying 204 bytes...
I0725 22:16:17.022044 13433 c_interface.cc:231] ArtmCopyRequestedMessage is copying 204 bytes...
I0725 22:16:17.024185 13433 c_interface.cc:231] ArtmCopyRequestedMessage is copying 1890 bytes...
I0725 22:16:17.026118 13433 c_interface.cc:231] ArtmCopyRequestedMessage is copying 1890 bytes...
I0725 22:16:17.027997 13433 c_interface.cc:231] ArtmCopyRequestedMessage is copying 1890 bytes...
I0725 22:16:17.036074 13433 c_interface.cc:231] ArtmCopyRequestedMessage is copying 204 bytes...
I0725 22:16:17.037091 13433 c_interface.cc:231] ArtmCopyRequestedMessage is copying 204 bytes...
I0725 22:16:17.038082 13433 c_interface.cc:231] ArtmCopyRequestedMessage is copying 204 bytes...
I0725 22:16:17.040246 13433 c_interface.cc:231] ArtmCopyRequestedMessage is copying 1890 bytes...
I0725 22:16:17.042569 13433 c_interface.cc:231] ArtmCopyRequestedMessage is copying 1890 bytes...
I0725 22:16:17.045024 13433 c_interface.cc:231] ArtmCopyRequestedMessage is copying 1890 bytes...
I0725 22:16:17.053308 13433 c_interface.cc:231] ArtmCopyRequestedMessage is copying 204 bytes...
I0725 22:16:17.054200 13433 c_interface.cc:231] ArtmCopyRequestedMessage is copying 204 bytes...
I0725 22:16:17.055052 13433 c_interface.cc:231] ArtmCopyRequestedMessage is copying 204 bytes...
I0725 22:16:17.056967 13433 c_interface.cc:231] ArtmCopyRequestedMessage is copying 1890 bytes...
I0725 22:16:17.058833 13433 c_interface.cc:231] ArtmCopyRequestedMessage is copying 1890 bytes...
I0725 22:16:17.060688 13433 c_interface.cc:231] ArtmCopyRequestedMessage is copying 1890 bytes...
I0725 22:16:41.346814 13433 c_interface.cc:231] ArtmCopyRequestedMessage is copying 204 bytes...
I0725 22:16:41.348122 13433 c_interface.cc:231] ArtmCopyRequestedMessage is copying 204 bytes...
I0725 22:16:41.349406 13433 c_interface.cc:231] ArtmCopyRequestedMessage is copying 204 bytes...
I0725 22:16:41.352030 13433 c_interface.cc:231] ArtmCopyRequestedMessage is copying 1890 bytes...
I0725 22:16:41.354677 13433 c_interface.cc:231] ArtmCopyRequestedMessage is copying 1890 bytes...
I0725 22:16:41.358067 13433 c_interface.cc:231] ArtmCopyRequestedMessage is copying 1890 bytes...
I0725 22:48:37.448267 13433 c_interface.cc:231] ArtmCopyRequestedMessage is copying 204 bytes...
I0725 22:48:37.450414 13433 c_interface.cc:231] ArtmCopyRequestedMessage is copying 204 bytes...
I0725 22:48:37.451432 13433 c_interface.cc:231] ArtmCopyRequestedMessage is copying 204 bytes...
I0725 22:48:37.453495 13433 c_interface.cc:231] ArtmCopyRequestedMessage is copying 1890 bytes...
I0725 22:48:37.455507 13433 c_interface.cc:231] ArtmCopyRequestedMessage is copying 1890 bytes...
I0725 22:48:37.457504 13433 c_interface.cc:231] ArtmCopyRequestedMessage is copying 1890 bytes...
I0725 22:48:37.470737 13433 c_interface.cc:231] ArtmCopyRequestedMessage is copying 204 bytes...
