Log file created at: 2020/07/25 22:13:10
Running on machine: snake
Log line format: [IWEF]mmdd hh:mm:ss.uuuuuu threadid file:line] msg
I0725 22:13:10.913595 13433 c_interface.cc:127] Logging enabled to .
I0725 22:13:10.913707 13433 c_interface.cc:128] BigARTM version: v0.9.2
I0725 22:13:10.913730 13433 c_interface.cc:271] Pass MasterModelConfig: topic_name_size=0, score_config_size=1, num_processors=0, pwt_name=pwt, nwt_name=nwt, num_document_passes=0, reuse_theta=no, cache_theta=no, opt_for_avx=yes, disk_cache_path= to ArtmCreateMasterModel
I0725 22:13:10.913748 13433 c_interface.cc:274] Creating MasterModel (id=1)...
I0725 22:13:10.914203 13433 collection_parser.cc:557] CollectionParserConfig.num_threads is automatically set to 4
I0725 22:13:11.492517 13433 c_interface.cc:375] Pass 69d8c408-5f37-4791-ba07-2e94e01b84b2 to MN4artm4core15MasterComponentEFvRKSsE
I0725 22:13:11.492604 13433 c_interface.cc:389] Pass GatherDictionaryArgs: dictionary_target_name=69d8c408-5f37-4791-ba07-2e94e01b84b2, data_path=batches, symmetric_cooc_values=0 to MN4artm4core15MasterComponentEFvRKNS_20GatherDictionaryArgsEE
I0725 22:13:11.492655 13433 dictionary_operations.cc:261] Found 5 batches in 'batches' folder
I0725 22:13:11.572490 13433 dictionary_operations.cc:325] Find 26866 unique tokens in 1728 items
I0725 22:13:11.590680 13433 dictionary_operations.cc:589] Dictionary name='69d8c408-5f37-4791-ba07-2e94e01b84b2' contains entries: author:539; text:26327; 
I0725 22:13:17.604121 13433 c_interface.cc:271] Pass MasterModelConfig: topic_name_size=30, class=(text:1), class=(author:1), score_config_size=1, num_processors=0, pwt_name=pwt, nwt_name=nwt, num_document_passes=10, reuse_theta=no, cache_theta=yes, opt_for_avx=yes, disk_cache_path= to ArtmCreateMasterModel
I0725 22:13:17.604192 13433 instance.cc:401] MasterModelConfig.processors_count is automatically set to 4
I0725 22:13:17.604282 13433 c_interface.cc:274] Creating MasterModel (id=2)...
I0725 22:13:17.604562 13682 processor.cc:724] Processor thread started
I0725 22:13:17.605876 13680 processor.cc:724] Processor thread started
I0725 22:13:17.606464 13681 processor.cc:724] Processor thread started
I0725 22:13:17.606750 13679 processor.cc:724] Processor thread started
I0725 22:13:17.625733 13682 processor.cc:740] No data in processing queue, waiting...
I0725 22:13:17.626143 13680 processor.cc:740] No data in processing queue, waiting...
I0725 22:13:17.626698 13681 processor.cc:740] No data in processing queue, waiting...
I0725 22:13:17.626952 13679 processor.cc:740] No data in processing queue, waiting...
I0725 22:13:17.657487 13433 c_interface.cc:231] ArtmCopyRequestedMessage is copying 387 bytes...
I0725 22:13:17.658080 13433 c_interface.cc:231] ArtmCopyRequestedMessage is copying 387 bytes...
I0725 22:13:17.658639 13433 c_interface.cc:231] ArtmCopyRequestedMessage is copying 387 bytes...
I0725 22:14:39.277777 13433 c_interface.cc:271] Pass MasterModelConfig: topic_name_size=0, score_config_size=1, num_processors=0, pwt_name=pwt, nwt_name=nwt, num_document_passes=0, reuse_theta=no, cache_theta=no, opt_for_avx=yes, disk_cache_path= to ArtmCreateMasterModel
I0725 22:14:39.277833 13433 c_interface.cc:274] Creating MasterModel (id=3)...
I0725 22:14:39.277953 13433 c_interface.cc:375] Pass ce38af8d-383d-44f5-a0bf-6b7e9008987d to MN4artm4core15MasterComponentEFvRKSsE
I0725 22:14:39.278170 13433 c_interface.cc:389] Pass GatherDictionaryArgs: dictionary_target_name=ce38af8d-383d-44f5-a0bf-6b7e9008987d, data_path=batches, symmetric_cooc_values=0 to MN4artm4core15MasterComponentEFvRKNS_20GatherDictionaryArgsEE
I0725 22:14:39.278247 13433 dictionary_operations.cc:261] Found 5 batches in 'batches' folder
I0725 22:14:39.393343 13433 dictionary_operations.cc:325] Find 26866 unique tokens in 1728 items
I0725 22:14:39.415639 13433 dictionary_operations.cc:589] Dictionary name='ce38af8d-383d-44f5-a0bf-6b7e9008987d' contains entries: author:539; text:26327; 
I0725 22:14:39.416384 13433 c_interface.cc:375] Pass pwt to MN4artm4core15MasterComponentEFvRKSsE
I0725 22:14:39.416411 13433 c_interface.cc:375] Pass nwt to MN4artm4core15MasterComponentEFvRKSsE
I0725 22:14:39.416508 13433 c_interface.cc:389] Pass InitializeModelArgs: model_name=pwt, dictionary_name=ce38af8d-383d-44f5-a0bf-6b7e9008987d, topic_name_size=30, seed=1 to MN4artm4core15MasterComponentEFvRKNS_19InitializeModelArgsEE
I0725 22:14:39.511611 13433 master_component.cc:664] InitializeModel() created matrix pwt with 30 topics and 26866 tokens; 
I0725 22:14:39.511734 13433 c_interface.cc:389] Pass InitializeModelArgs: model_name=nwt, dictionary_name=ce38af8d-383d-44f5-a0bf-6b7e9008987d, topic_name_size=30, seed=1 to MN4artm4core15MasterComponentEFvRKNS_19InitializeModelArgsEE
I0725 22:14:39.601956 13433 master_component.cc:664] InitializeModel() created matrix nwt with 30 topics and 26866 tokens; 
I0725 22:14:39.602102 13433 c_interface.cc:231] ArtmCopyRequestedMessage is copying 309 bytes...
I0725 22:14:39.607020 13433 c_interface.cc:231] ArtmCopyRequestedMessage is copying 204 bytes...
I0725 22:14:39.608036 13433 c_interface.cc:231] ArtmCopyRequestedMessage is copying 204 bytes...
I0725 22:14:39.609045 13433 c_interface.cc:231] ArtmCopyRequestedMessage is copying 204 bytes...
I0725 22:14:39.611178 13433 c_interface.cc:231] ArtmCopyRequestedMessage is copying 532 bytes...
I0725 22:14:39.613289 13433 c_interface.cc:231] ArtmCopyRequestedMessage is copying 532 bytes...
I0725 22:14:39.615401 13433 c_interface.cc:231] ArtmCopyRequestedMessage is copying 532 bytes...
I0725 22:14:41.880199 13433 c_interface.cc:389] Pass MasterModelConfig: topic_name_size=30, class=(text:1), class=(author:1), score_config_size=2, num_processors=0, pwt_name=pwt, nwt_name=nwt, num_document_passes=10, reuse_theta=no, cache_theta=yes, opt_for_avx=yes, disk_cache_path= to MN4artm4core15MasterComponentEFvRKNS_17MasterModelConfigEE
I0725 22:14:41.880242 13433 instance.cc:401] MasterModelConfig.processors_count is automatically set to 4
I0725 22:14:41.880486 13433 c_interface.cc:389] Pass MasterModelConfig: topic_name_size=30, class=(text:1), class=(author:1), score_config_size=3, num_processors=0, pwt_name=pwt, nwt_name=nwt, num_document_passes=10, reuse_theta=no, cache_theta=yes, opt_for_avx=yes, disk_cache_path= to MN4artm4core15MasterComponentEFvRKNS_17MasterModelConfigEE
I0725 22:14:41.880498 13433 instance.cc:401] MasterModelConfig.processors_count is automatically set to 4
I0725 22:14:41.906765 13433 c_interface.cc:231] ArtmCopyRequestedMessage is copying 204 bytes...
I0725 22:14:41.907737 13433 c_interface.cc:231] ArtmCopyRequestedMessage is copying 204 bytes...
I0725 22:14:41.908699 13433 c_interface.cc:231] ArtmCopyRequestedMessage is copying 204 bytes...
I0725 22:14:41.910516 13433 c_interface.cc:231] ArtmCopyRequestedMessage is copying 1174 bytes...
I0725 22:14:41.912624 13433 c_interface.cc:231] ArtmCopyRequestedMessage is copying 1174 bytes...
I0725 22:14:41.914810 13433 c_interface.cc:231] ArtmCopyRequestedMessage is copying 1174 bytes...
I0725 22:14:45.211750 13433 c_interface.cc:389] Pass MasterModelConfig: topic_name_size=30, class=(text:1), class=(author:1), score_config_size=3, num_processors=0, pwt_name=pwt, nwt_name=nwt, num_document_passes=10, regularizer=(smooth_phi_regularizer:100000), reuse_theta=no, cache_theta=yes, opt_for_avx=yes, disk_cache_path= to MN4artm4core15MasterComponentEFvRKNS_17MasterModelConfigEE
I0725 22:14:45.211822 13433 instance.cc:401] MasterModelConfig.processors_count is automatically set to 4
I0725 22:14:45.211874 13433 instance.cc:232] Regularizer 'smooth_phi_regularizer' was cold-reconfigured
I0725 22:14:45.248577 13433 c_interface.cc:231] ArtmCopyRequestedMessage is copying 204 bytes...
I0725 22:14:45.249558 13433 c_interface.cc:231] ArtmCopyRequestedMessage is copying 204 bytes...
I0725 22:14:45.250605 13433 c_interface.cc:231] ArtmCopyRequestedMessage is copying 204 bytes...
I0725 22:14:45.252552 13433 c_interface.cc:231] ArtmCopyRequestedMessage is copying 1327 bytes...
I0725 22:14:45.258813 13433 c_interface.cc:231] ArtmCopyRequestedMessage is copying 1327 bytes...
I0725 22:14:45.261302 13433 c_interface.cc:231] ArtmCopyRequestedMessage is copying 1327 bytes...
I0725 22:14:46.787137 13433 c_interface.cc:389] Pass MasterModelConfig: topic_name_size=30, class=(text:1), class=(author:1), score_config_size=3, num_processors=0, pwt_name=pwt, nwt_name=nwt, num_document_passes=1, regularizer=(smooth_phi_regularizer:100000), reuse_theta=no, cache_theta=yes, opt_for_avx=yes, disk_cache_path= to MN4artm4core15MasterComponentEFvRKNS_17MasterModelConfigEE
I0725 22:14:46.787187 13433 instance.cc:401] MasterModelConfig.processors_count is automatically set to 4
I0725 22:14:46.787240 13433 instance.cc:232] Regularizer 'smooth_phi_regularizer' was cold-reconfigured
I0725 22:14:46.801880 13433 c_interface.cc:389] Pass FitOfflineMasterModelArgs, batch_filename_size=5, batch_weight_size=5, num_collection_passes=1, reset_nwt=yes to MN4artm4core15MasterComponentEFvRKNS_25FitOfflineMasterModelArgsEE
I0725 22:14:46.801913 13433 master_component.cc:1398] ProcessBatchesArgs: nwt_target_name=nwt, batch_filename_size=5, batch_size=0, batch_weight_size=5, pwt_source_name=pwt, num_document_passes=1, regularizer=(name:smooth_phi_regularizer, tau:100000), class=(text:1), class=(author:1), reuse_theta=no, opt_for_avx=yes, predict_class_id=, reset_nwt=yes
I0725 22:14:46.813443 13681 processor.cc:747] Processing queue has data, processing started
I0725 22:14:46.814101 13682 processor.cc:747] Processing queue has data, processing started
I0725 22:14:46.814561 13680 processor.cc:747] Processing queue has data, processing started
I0725 22:14:46.817024 13680 processor.cc:820] Processor: start processing batch 8e3b4b58-22b7-4ad6-a263-8cc1e74e76c1 into model nwt
I0725 22:14:46.817412 13682 processor.cc:820] Processor: start processing batch 5906dd0e-c5e8-4781-8f8f-0d1d524d7766 into model nwt
I0725 22:14:46.818042 13681 processor.cc:820] Processor: start processing batch b545f2e7-6fdc-402c-82f7-bbbab8711c74 into model nwt
I0725 22:14:46.821693 13679 processor.cc:747] Processing queue has data, processing started
I0725 22:14:46.826225 13679 processor.cc:820] Processor: start processing batch f40ca37d-a71d-4b5f-a066-98218e5daa7d into model nwt
I0725 22:14:46.862264 13680 processor.cc:925] Processor: complete processing batch 8e3b4b58-22b7-4ad6-a263-8cc1e74e76c1 into model nwt
I0725 22:14:46.863194 13680 cuckoo_watch.h:45] 48ms in ProcessBatch(batches/aaaaaa.batch) [including 2ms in LoadMessage; 3ms in InitializeSparseNdw; 0ms in InitializeTheta; 0ms in CreateRegularizerAgents; 24ms in InferThetaAndUpdateNwtSparse; 0ms in UpdateCacheEntry; 16ms in CalculateScore(^^^ItemsProcessedScore^^^); ]
I0725 22:14:46.871068 13680 processor.cc:820] Processor: start processing batch fd6197b6-0250-4875-b832-0f2663491468 into model nwt
I0725 22:14:46.880770 13682 processor.cc:925] Processor: complete processing batch 5906dd0e-c5e8-4781-8f8f-0d1d524d7766 into model nwt
I0725 22:14:46.882076 13682 cuckoo_watch.h:45] 67ms in ProcessBatch(batches/aaaaab.batch) [including 3ms in LoadMessage; 5ms in InitializeSparseNdw; 0ms in InitializeTheta; 0ms in CreateRegularizerAgents; 30ms in InferThetaAndUpdateNwtSparse; 0ms in UpdateCacheEntry; 26ms in CalculateScore(^^^ItemsProcessedScore^^^); ]
I0725 22:14:46.910715 13682 processor.cc:740] No data in processing queue, waiting...
I0725 22:14:46.938565 13679 processor.cc:925] Processor: complete processing batch f40ca37d-a71d-4b5f-a066-98218e5daa7d into model nwt
I0725 22:14:46.939941 13679 cuckoo_watch.h:45] 118ms in ProcessBatch(batches/aaaaac.batch) [including 4ms in LoadMessage; 10ms in InitializeSparseNdw; 0ms in InitializeTheta; 0ms in CreateRegularizerAgents; 60ms in InferThetaAndUpdateNwtSparse; 0ms in UpdateCacheEntry; 40ms in CalculateScore(^^^ItemsProcessedScore^^^); ]
I0725 22:14:46.940441 13681 processor.cc:925] Processor: complete processing batch b545f2e7-6fdc-402c-82f7-bbbab8711c74 into model nwt
I0725 22:14:46.941761 13681 cuckoo_watch.h:45] 128ms in ProcessBatch(batches/aaaaae.batch) [including 4ms in LoadMessage; 27ms in InitializeSparseNdw; 0ms in InitializeTheta; 0ms in CreateRegularizerAgents; 50ms in InferThetaAndUpdateNwtSparse; 0ms in UpdateCacheEntry; 44ms in CalculateScore(^^^ItemsProcessedScore^^^); ]
I0725 22:14:46.960085 13679 processor.cc:740] No data in processing queue, waiting...
I0725 22:14:46.962167 13681 processor.cc:740] No data in processing queue, waiting...
I0725 22:14:47.083081 13680 processor.cc:925] Processor: complete processing batch fd6197b6-0250-4875-b832-0f2663491468 into model nwt
I0725 22:14:47.084935 13680 cuckoo_watch.h:45] 221ms in ProcessBatch(batches/aaaaad.batch) [including 7ms in LoadMessage; 26ms in InitializeSparseNdw; 0ms in InitializeTheta; 0ms in CreateRegularizerAgents; 104ms in InferThetaAndUpdateNwtSparse; 0ms in UpdateCacheEntry; 80ms in CalculateScore(^^^ItemsProcessedScore^^^); ]
I0725 22:14:47.085767 13433 master_component.cc:1436] RegularizeModelArgs: rwt_target_name=rwt, pwt_source_name=pwt, nwt_source_name=nwt
I0725 22:14:47.085774 13433 master_component.cc:976] MasterComponent: start regularizing model pwt
I0725 22:14:47.105221 13680 processor.cc:740] No data in processing queue, waiting...
I0725 22:14:47.180330 13433 master_component.cc:1002] MasterComponent: complete regularizing model pwt
I0725 22:14:47.180354 13433 master_component.cc:1449] NormalizeModelArgs: pwt_target_name=pwt, nwt_source_name=nwt, rwt_source_name=rwt
I0725 22:14:47.180358 13433 master_component.cc:1006] MasterComponent: start normalizing model nwt
I0725 22:14:47.245937 13433 master_component.cc:1034] MasterComponent: complete normalizing model nwt
I0725 22:14:47.333402 13433 master_component.cc:1473] DisposeModel rwt
I0725 22:14:47.339293 13433 master_component.cc:1059] FitOffline: ItemsProcessed, num_items=1728, num_batches=5, token_weight=808522, token_weight_in_effect=808522
I0725 22:14:47.339464 13433 c_interface.cc:389] Pass FitOfflineMasterModelArgs, batch_filename_size=5, batch_weight_size=5, num_collection_passes=1, reset_nwt=yes to MN4artm4core15MasterComponentEFvRKNS_25FitOfflineMasterModelArgsEE
I0725 22:14:47.339488 13433 master_component.cc:1398] ProcessBatchesArgs: nwt_target_name=nwt, batch_filename_size=5, batch_size=0, batch_weight_size=5, pwt_source_name=pwt, num_document_passes=1, regularizer=(name:smooth_phi_regularizer, tau:100000), class=(text:1), class=(author:1), reuse_theta=no, opt_for_avx=yes, predict_class_id=, reset_nwt=yes
I0725 22:14:47.352048 13679 processor.cc:747] Processing queue has data, processing started
I0725 22:14:47.352056 13682 processor.cc:747] Processing queue has data, processing started
I0725 22:14:47.352159 13680 processor.cc:747] Processing queue has data, processing started
I0725 22:14:47.352680 13681 processor.cc:747] Processing queue has data, processing started
I0725 22:14:47.354599 13682 processor.cc:820] Processor: start processing batch 8e3b4b58-22b7-4ad6-a263-8cc1e74e76c1 into model nwt
I0725 22:14:47.355238 13679 processor.cc:820] Processor: start processing batch 5906dd0e-c5e8-4781-8f8f-0d1d524d7766 into model nwt
I0725 22:14:47.356679 13680 processor.cc:820] Processor: start processing batch b545f2e7-6fdc-402c-82f7-bbbab8711c74 into model nwt
I0725 22:14:47.357254 13681 processor.cc:820] Processor: start processing batch f40ca37d-a71d-4b5f-a066-98218e5daa7d into model nwt
I0725 22:14:47.405390 13682 processor.cc:925] Processor: complete processing batch 8e3b4b58-22b7-4ad6-a263-8cc1e74e76c1 into model nwt
I0725 22:14:47.406409 13682 cuckoo_watch.h:45] 54ms in ProcessBatch(batches/aaaaaa.batch) [including 2ms in LoadMessage; 4ms in InitializeSparseNdw; 0ms in InitializeTheta; 0ms in CreateRegularizerAgents; 25ms in InferThetaAndUpdateNwtSparse; 0ms in UpdateCacheEntry; 21ms in CalculateScore(^^^ItemsProcessedScore^^^); ]
I0725 22:14:47.414392 13682 processor.cc:820] Processor: start processing batch fd6197b6-0250-4875-b832-0f2663491468 into model nwt
I0725 22:14:47.422838 13679 processor.cc:925] Processor: complete processing batch 5906dd0e-c5e8-4781-8f8f-0d1d524d7766 into model nwt
I0725 22:14:47.424042 13679 cuckoo_watch.h:45] 71ms in ProcessBatch(batches/aaaaab.batch) [including 3ms in LoadMessage; 5ms in InitializeSparseNdw; 0ms in InitializeTheta; 0ms in CreateRegularizerAgents; 31ms in InferThetaAndUpdateNwtSparse; 0ms in UpdateCacheEntry; 29ms in CalculateScore(^^^ItemsProcessedScore^^^); ]
I0725 22:14:47.444392 13679 processor.cc:740] No data in processing queue, waiting...
I0725 22:14:47.457255 13680 processor.cc:925] Processor: complete processing batch b545f2e7-6fdc-402c-82f7-bbbab8711c74 into model nwt
I0725 22:14:47.458726 13680 cuckoo_watch.h:45] 106ms in ProcessBatch(batches/aaaaae.batch) [including 4ms in LoadMessage; 10ms in InitializeSparseNdw; 0ms in InitializeTheta; 0ms in CreateRegularizerAgents; 50ms in InferThetaAndUpdateNwtSparse; 0ms in UpdateCacheEntry; 38ms in CalculateScore(^^^ItemsProcessedScore^^^); ]
I0725 22:14:47.460841 13681 processor.cc:925] Processor: complete processing batch f40ca37d-a71d-4b5f-a066-98218e5daa7d into model nwt
I0725 22:14:47.462415 13681 cuckoo_watch.h:45] 109ms in ProcessBatch(batches/aaaaac.batch) [including 4ms in LoadMessage; 11ms in InitializeSparseNdw; 0ms in InitializeTheta; 0ms in CreateRegularizerAgents; 52ms in InferThetaAndUpdateNwtSparse; 0ms in UpdateCacheEntry; 39ms in CalculateScore(^^^ItemsProcessedScore^^^); ]
I0725 22:14:47.479048 13680 processor.cc:740] No data in processing queue, waiting...
I0725 22:14:47.482748 13681 processor.cc:740] No data in processing queue, waiting...
I0725 22:14:47.620090 13682 processor.cc:925] Processor: complete processing batch fd6197b6-0250-4875-b832-0f2663491468 into model nwt
I0725 22:14:47.622010 13682 cuckoo_watch.h:45] 215ms in ProcessBatch(batches/aaaaad.batch) [including 7ms in LoadMessage; 26ms in InitializeSparseNdw; 0ms in InitializeTheta; 0ms in CreateRegularizerAgents; 99ms in InferThetaAndUpdateNwtSparse; 0ms in UpdateCacheEntry; 79ms in CalculateScore(^^^ItemsProcessedScore^^^); ]
I0725 22:14:47.622469 13433 master_component.cc:1436] RegularizeModelArgs: rwt_target_name=rwt, pwt_source_name=pwt, nwt_source_name=nwt
I0725 22:14:47.622478 13433 master_component.cc:976] MasterComponent: start regularizing model pwt
I0725 22:14:47.642307 13682 processor.cc:740] No data in processing queue, waiting...
I0725 22:14:47.714066 13433 master_component.cc:1002] MasterComponent: complete regularizing model pwt
I0725 22:14:47.714087 13433 master_component.cc:1449] NormalizeModelArgs: pwt_target_name=pwt, nwt_source_name=nwt, rwt_source_name=rwt
I0725 22:14:47.714090 13433 master_component.cc:1006] MasterComponent: start normalizing model nwt
I0725 22:14:47.776266 13433 master_component.cc:1034] MasterComponent: complete normalizing model nwt
I0725 22:14:47.863373 13433 master_component.cc:1473] DisposeModel rwt
I0725 22:14:47.871814 13433 master_component.cc:1059] FitOffline: ItemsProcessed, num_items=1728, num_batches=5, token_weight=808522, token_weight_in_effect=808522
I0725 22:14:47.872555 13433 c_interface.cc:389] Pass FitOfflineMasterModelArgs, batch_filename_size=5, batch_weight_size=5, num_collection_passes=1, reset_nwt=yes to MN4artm4core15MasterComponentEFvRKNS_25FitOfflineMasterModelArgsEE
I0725 22:14:47.872943 13433 master_component.cc:1398] ProcessBatchesArgs: nwt_target_name=nwt, batch_filename_size=5, batch_size=0, batch_weight_size=5, pwt_source_name=pwt, num_document_passes=1, regularizer=(name:smooth_phi_regularizer, tau:100000), class=(text:1), class=(author:1), reuse_theta=no, opt_for_avx=yes, predict_class_id=, reset_nwt=yes
I0725 22:14:47.884637 13682 processor.cc:747] Processing queue has data, processing started
I0725 22:14:47.885349 13681 processor.cc:747] Processing queue has data, processing started
I0725 22:14:47.885424 13679 processor.cc:747] Processing queue has data, processing started
I0725 22:14:47.885617 13680 processor.cc:747] Processing queue has data, processing started
I0725 22:14:47.887897 13681 processor.cc:820] Processor: start processing batch 8e3b4b58-22b7-4ad6-a263-8cc1e74e76c1 into model nwt
I0725 22:14:47.888569 13679 processor.cc:820] Processor: start processing batch 5906dd0e-c5e8-4781-8f8f-0d1d524d7766 into model nwt
I0725 22:14:47.889173 13682 processor.cc:820] Processor: start processing batch b545f2e7-6fdc-402c-82f7-bbbab8711c74 into model nwt
I0725 22:14:47.890223 13680 processor.cc:820] Processor: start processing batch f40ca37d-a71d-4b5f-a066-98218e5daa7d into model nwt
I0725 22:14:47.936894 13681 processor.cc:925] Processor: complete processing batch 8e3b4b58-22b7-4ad6-a263-8cc1e74e76c1 into model nwt
I0725 22:14:47.937866 13681 cuckoo_watch.h:45] 52ms in ProcessBatch(batches/aaaaaa.batch) [including 2ms in LoadMessage; 4ms in InitializeSparseNdw; 0ms in InitializeTheta; 0ms in CreateRegularizerAgents; 25ms in InferThetaAndUpdateNwtSparse; 0ms in UpdateCacheEntry; 19ms in CalculateScore(^^^ItemsProcessedScore^^^); ]
I0725 22:14:47.945652 13681 processor.cc:820] Processor: start processing batch fd6197b6-0250-4875-b832-0f2663491468 into model nwt
I0725 22:14:47.953763 13679 processor.cc:925] Processor: complete processing batch 5906dd0e-c5e8-4781-8f8f-0d1d524d7766 into model nwt
I0725 22:14:47.955024 13679 cuckoo_watch.h:45] 69ms in ProcessBatch(batches/aaaaab.batch) [including 3ms in LoadMessage; 5ms in InitializeSparseNdw; 0ms in InitializeTheta; 0ms in CreateRegularizerAgents; 31ms in InferThetaAndUpdateNwtSparse; 0ms in UpdateCacheEntry; 27ms in CalculateScore(^^^ItemsProcessedScore^^^); ]
I0725 22:14:47.975376 13679 processor.cc:740] No data in processing queue, waiting...
I0725 22:14:47.988318 13682 processor.cc:925] Processor: complete processing batch b545f2e7-6fdc-402c-82f7-bbbab8711c74 into model nwt
I0725 22:14:47.989781 13682 cuckoo_watch.h:45] 105ms in ProcessBatch(batches/aaaaae.batch) [including 4ms in LoadMessage; 11ms in InitializeSparseNdw; 0ms in InitializeTheta; 0ms in CreateRegularizerAgents; 48ms in InferThetaAndUpdateNwtSparse; 0ms in UpdateCacheEntry; 39ms in CalculateScore(^^^ItemsProcessedScore^^^); ]
I0725 22:14:47.993201 13680 processor.cc:925] Processor: complete processing batch f40ca37d-a71d-4b5f-a066-98218e5daa7d into model nwt
I0725 22:14:47.994735 13680 cuckoo_watch.h:45] 109ms in ProcessBatch(batches/aaaaac.batch) [including 4ms in LoadMessage; 10ms in InitializeSparseNdw; 0ms in InitializeTheta; 0ms in CreateRegularizerAgents; 51ms in InferThetaAndUpdateNwtSparse; 0ms in UpdateCacheEntry; 40ms in CalculateScore(^^^ItemsProcessedScore^^^); ]
I0725 22:14:48.010087 13682 processor.cc:740] No data in processing queue, waiting...
I0725 22:14:48.015244 13680 processor.cc:740] No data in processing queue, waiting...
I0725 22:14:48.150904 13681 processor.cc:925] Processor: complete processing batch fd6197b6-0250-4875-b832-0f2663491468 into model nwt
I0725 22:14:48.152890 13681 cuckoo_watch.h:45] 214ms in ProcessBatch(batches/aaaaad.batch) [including 7ms in LoadMessage; 26ms in InitializeSparseNdw; 0ms in InitializeTheta; 0ms in CreateRegularizerAgents; 100ms in InferThetaAndUpdateNwtSparse; 0ms in UpdateCacheEntry; 78ms in CalculateScore(^^^ItemsProcessedScore^^^); ]
I0725 22:14:48.153748 13433 master_component.cc:1436] RegularizeModelArgs: rwt_target_name=rwt, pwt_source_name=pwt, nwt_source_name=nwt
I0725 22:14:48.153756 13433 master_component.cc:976] MasterComponent: start regularizing model pwt
I0725 22:14:48.173135 13681 processor.cc:740] No data in processing queue, waiting...
I0725 22:14:48.246937 13433 master_component.cc:1002] MasterComponent: complete regularizing model pwt
I0725 22:14:48.246990 13433 master_component.cc:1449] NormalizeModelArgs: pwt_target_name=pwt, nwt_source_name=nwt, rwt_source_name=rwt
I0725 22:14:48.246994 13433 master_component.cc:1006] MasterComponent: start normalizing model nwt
I0725 22:14:48.308364 13433 master_component.cc:1034] MasterComponent: complete normalizing model nwt
I0725 22:14:48.395613 13433 master_component.cc:1473] DisposeModel rwt
I0725 22:14:48.404090 13433 master_component.cc:1059] FitOffline: ItemsProcessed, num_items=1728, num_batches=5, token_weight=808522, token_weight_in_effect=808522
I0725 22:14:48.404774 13433 c_interface.cc:389] Pass FitOfflineMasterModelArgs, batch_filename_size=5, batch_weight_size=5, num_collection_passes=1, reset_nwt=yes to MN4artm4core15MasterComponentEFvRKNS_25FitOfflineMasterModelArgsEE
I0725 22:14:48.405213 13433 master_component.cc:1398] ProcessBatchesArgs: nwt_target_name=nwt, batch_filename_size=5, batch_size=0, batch_weight_size=5, pwt_source_name=pwt, num_document_passes=1, regularizer=(name:smooth_phi_regularizer, tau:100000), class=(text:1), class=(author:1), reuse_theta=no, opt_for_avx=yes, predict_class_id=, reset_nwt=yes
I0725 22:14:48.416712 13680 processor.cc:747] Processing queue has data, processing started
I0725 22:14:48.417969 13682 processor.cc:747] Processing queue has data, processing started
I0725 22:14:48.418406 13681 processor.cc:747] Processing queue has data, processing started
I0725 22:14:48.420449 13682 processor.cc:820] Processor: start processing batch 8e3b4b58-22b7-4ad6-a263-8cc1e74e76c1 into model nwt
I0725 22:14:48.421207 13680 processor.cc:820] Processor: start processing batch b545f2e7-6fdc-402c-82f7-bbbab8711c74 into model nwt
I0725 22:14:48.421536 13681 processor.cc:820] Processor: start processing batch 5906dd0e-c5e8-4781-8f8f-0d1d524d7766 into model nwt
I0725 22:14:48.422358 13679 processor.cc:747] Processing queue has data, processing started
I0725 22:14:48.427022 13679 processor.cc:820] Processor: start processing batch f40ca37d-a71d-4b5f-a066-98218e5daa7d into model nwt
I0725 22:14:48.469055 13682 processor.cc:925] Processor: complete processing batch 8e3b4b58-22b7-4ad6-a263-8cc1e74e76c1 into model nwt
I0725 22:14:48.469995 13682 cuckoo_watch.h:45] 51ms in ProcessBatch(batches/aaaaaa.batch) [including 2ms in LoadMessage; 4ms in InitializeSparseNdw; 0ms in InitializeTheta; 0ms in CreateRegularizerAgents; 25ms in InferThetaAndUpdateNwtSparse; 0ms in UpdateCacheEntry; 19ms in CalculateScore(^^^ItemsProcessedScore^^^); ]
I0725 22:14:48.477895 13682 processor.cc:820] Processor: start processing batch fd6197b6-0250-4875-b832-0f2663491468 into model nwt
I0725 22:14:48.485024 13681 processor.cc:925] Processor: complete processing batch 5906dd0e-c5e8-4781-8f8f-0d1d524d7766 into model nwt
I0725 22:14:48.486142 13681 cuckoo_watch.h:45] 67ms in ProcessBatch(batches/aaaaab.batch) [including 3ms in LoadMessage; 5ms in InitializeSparseNdw; 0ms in InitializeTheta; 0ms in CreateRegularizerAgents; 31ms in InferThetaAndUpdateNwtSparse; 0ms in UpdateCacheEntry; 25ms in CalculateScore(^^^ItemsProcessedScore^^^); ]
I0725 22:14:48.506534 13681 processor.cc:740] No data in processing queue, waiting...
I0725 22:14:48.520197 13680 processor.cc:925] Processor: complete processing batch b545f2e7-6fdc-402c-82f7-bbbab8711c74 into model nwt
I0725 22:14:48.521564 13680 cuckoo_watch.h:45] 104ms in ProcessBatch(batches/aaaaae.batch) [including 4ms in LoadMessage; 11ms in InitializeSparseNdw; 0ms in InitializeTheta; 0ms in CreateRegularizerAgents; 47ms in InferThetaAndUpdateNwtSparse; 0ms in UpdateCacheEntry; 39ms in CalculateScore(^^^ItemsProcessedScore^^^); ]
I0725 22:14:48.530360 13679 processor.cc:925] Processor: complete processing batch f40ca37d-a71d-4b5f-a066-98218e5daa7d into model nwt
I0725 22:14:48.531718 13679 cuckoo_watch.h:45] 109ms in ProcessBatch(batches/aaaaac.batch) [including 4ms in LoadMessage; 11ms in InitializeSparseNdw; 0ms in InitializeTheta; 0ms in CreateRegularizerAgents; 51ms in InferThetaAndUpdateNwtSparse; 0ms in UpdateCacheEntry; 40ms in CalculateScore(^^^ItemsProcessedScore^^^); ]
I0725 22:14:48.541931 13680 processor.cc:740] No data in processing queue, waiting...
I0725 22:14:48.552057 13679 processor.cc:740] No data in processing queue, waiting...
I0725 22:14:48.689122 13682 processor.cc:925] Processor: complete processing batch fd6197b6-0250-4875-b832-0f2663491468 into model nwt
I0725 22:14:48.691378 13682 cuckoo_watch.h:45] 221ms in ProcessBatch(batches/aaaaad.batch) [including 7ms in LoadMessage; 25ms in InitializeSparseNdw; 0ms in InitializeTheta; 0ms in CreateRegularizerAgents; 97ms in InferThetaAndUpdateNwtSparse; 0ms in UpdateCacheEntry; 87ms in CalculateScore(^^^ItemsProcessedScore^^^); ]
I0725 22:14:48.691450 13433 master_component.cc:1436] RegularizeModelArgs: rwt_target_name=rwt, pwt_source_name=pwt, nwt_source_name=nwt
I0725 22:14:48.691458 13433 master_component.cc:976] MasterComponent: start regularizing model pwt
I0725 22:14:48.711622 13682 processor.cc:740] No data in processing queue, waiting...
I0725 22:14:48.792439 13433 master_component.cc:1002] MasterComponent: complete regularizing model pwt
I0725 22:14:48.792464 13433 master_component.cc:1449] NormalizeModelArgs: pwt_target_name=pwt, nwt_source_name=nwt, rwt_source_name=rwt
I0725 22:14:48.792467 13433 master_component.cc:1006] MasterComponent: start normalizing model nwt
I0725 22:14:48.855414 13433 master_component.cc:1034] MasterComponent: complete normalizing model nwt
I0725 22:14:48.942998 13433 master_component.cc:1473] DisposeModel rwt
I0725 22:14:48.952303 13433 master_component.cc:1059] FitOffline: ItemsProcessed, num_items=1728, num_batches=5, token_weight=808522, token_weight_in_effect=808522
I0725 22:14:48.953079 13433 c_interface.cc:389] Pass FitOfflineMasterModelArgs, batch_filename_size=5, batch_weight_size=5, num_collection_passes=1, reset_nwt=yes to MN4artm4core15MasterComponentEFvRKNS_25FitOfflineMasterModelArgsEE
I0725 22:14:48.953512 13433 master_component.cc:1398] ProcessBatchesArgs: nwt_target_name=nwt, batch_filename_size=5, batch_size=0, batch_weight_size=5, pwt_source_name=pwt, num_document_passes=1, regularizer=(name:smooth_phi_regularizer, tau:100000), class=(text:1), class=(author:1), reuse_theta=no, opt_for_avx=yes, predict_class_id=, reset_nwt=yes
I0725 22:14:48.965508 13680 processor.cc:747] Processing queue has data, processing started
I0725 22:14:48.965690 13679 processor.cc:747] Processing queue has data, processing started
I0725 22:14:48.965948 13682 processor.cc:747] Processing queue has data, processing started
I0725 22:14:48.966609 13681 processor.cc:747] Processing queue has data, processing started
I0725 22:14:48.968248 13679 processor.cc:820] Processor: start processing batch 8e3b4b58-22b7-4ad6-a263-8cc1e74e76c1 into model nwt
I0725 22:14:48.969126 13682 processor.cc:820] Processor: start processing batch 5906dd0e-c5e8-4781-8f8f-0d1d524d7766 into model nwt
I0725 22:14:48.970113 13680 processor.cc:820] Processor: start processing batch b545f2e7-6fdc-402c-82f7-bbbab8711c74 into model nwt
I0725 22:14:48.971216 13681 processor.cc:820] Processor: start processing batch f40ca37d-a71d-4b5f-a066-98218e5daa7d into model nwt
I0725 22:14:49.035115 13679 processor.cc:925] Processor: complete processing batch 8e3b4b58-22b7-4ad6-a263-8cc1e74e76c1 into model nwt
I0725 22:14:49.036129 13679 cuckoo_watch.h:45] 70ms in ProcessBatch(batches/aaaaaa.batch) [including 2ms in LoadMessage; 4ms in InitializeSparseNdw; 0ms in InitializeTheta; 0ms in CreateRegularizerAgents; 33ms in InferThetaAndUpdateNwtSparse; 0ms in UpdateCacheEntry; 29ms in CalculateScore(^^^ItemsProcessedScore^^^); ]
I0725 22:14:49.041188 13682 processor.cc:925] Processor: complete processing batch 5906dd0e-c5e8-4781-8f8f-0d1d524d7766 into model nwt
I0725 22:14:49.042486 13682 cuckoo_watch.h:45] 76ms in ProcessBatch(batches/aaaaab.batch) [including 3ms in LoadMessage; 5ms in InitializeSparseNdw; 0ms in InitializeTheta; 0ms in CreateRegularizerAgents; 36ms in InferThetaAndUpdateNwtSparse; 0ms in UpdateCacheEntry; 29ms in CalculateScore(^^^ItemsProcessedScore^^^); ]
I0725 22:14:49.044147 13679 processor.cc:820] Processor: start processing batch fd6197b6-0250-4875-b832-0f2663491468 into model nwt
I0725 22:14:49.066915 13682 processor.cc:740] No data in processing queue, waiting...
I0725 22:14:49.071578 13680 processor.cc:925] Processor: complete processing batch b545f2e7-6fdc-402c-82f7-bbbab8711c74 into model nwt
I0725 22:14:49.073021 13680 cuckoo_watch.h:45] 107ms in ProcessBatch(batches/aaaaae.batch) [including 4ms in LoadMessage; 11ms in InitializeSparseNdw; 0ms in InitializeTheta; 0ms in CreateRegularizerAgents; 48ms in InferThetaAndUpdateNwtSparse; 0ms in UpdateCacheEntry; 41ms in CalculateScore(^^^ItemsProcessedScore^^^); ]
I0725 22:14:49.085834 13681 processor.cc:925] Processor: complete processing batch f40ca37d-a71d-4b5f-a066-98218e5daa7d into model nwt
I0725 22:14:49.087291 13681 cuckoo_watch.h:45] 120ms in ProcessBatch(batches/aaaaac.batch) [including 4ms in LoadMessage; 11ms in InitializeSparseNdw; 0ms in InitializeTheta; 0ms in CreateRegularizerAgents; 55ms in InferThetaAndUpdateNwtSparse; 0ms in UpdateCacheEntry; 46ms in CalculateScore(^^^ItemsProcessedScore^^^); ]
I0725 22:14:49.093633 13680 processor.cc:740] No data in processing queue, waiting...
I0725 22:14:49.107564 13681 processor.cc:740] No data in processing queue, waiting...
I0725 22:14:49.261627 13679 processor.cc:925] Processor: complete processing batch fd6197b6-0250-4875-b832-0f2663491468 into model nwt
I0725 22:14:49.263787 13679 cuckoo_watch.h:45] 227ms in ProcessBatch(batches/aaaaad.batch) [including 7ms in LoadMessage; 26ms in InitializeSparseNdw; 0ms in InitializeTheta; 0ms in CreateRegularizerAgents; 105ms in InferThetaAndUpdateNwtSparse; 0ms in UpdateCacheEntry; 85ms in CalculateScore(^^^ItemsProcessedScore^^^); ]
I0725 22:14:49.263850 13433 master_component.cc:1436] RegularizeModelArgs: rwt_target_name=rwt, pwt_source_name=pwt, nwt_source_name=nwt
I0725 22:14:49.263859 13433 master_component.cc:976] MasterComponent: start regularizing model pwt
I0725 22:14:49.284006 13679 processor.cc:740] No data in processing queue, waiting...
I0725 22:14:49.361635 13433 master_component.cc:1002] MasterComponent: complete regularizing model pwt
I0725 22:14:49.361658 13433 master_component.cc:1449] NormalizeModelArgs: pwt_target_name=pwt, nwt_source_name=nwt, rwt_source_name=rwt
I0725 22:14:49.361662 13433 master_component.cc:1006] MasterComponent: start normalizing model nwt
I0725 22:14:49.425534 13433 master_component.cc:1034] MasterComponent: complete normalizing model nwt
I0725 22:14:49.519695 13433 master_component.cc:1473] DisposeModel rwt
I0725 22:14:49.528342 13433 master_component.cc:1059] FitOffline: ItemsProcessed, num_items=1728, num_batches=5, token_weight=808522, token_weight_in_effect=808522
I0725 22:14:49.529373 13433 c_interface.cc:389] Pass FitOfflineMasterModelArgs, batch_filename_size=5, batch_weight_size=5, num_collection_passes=1, reset_nwt=yes to MN4artm4core15MasterComponentEFvRKNS_25FitOfflineMasterModelArgsEE
I0725 22:14:49.529970 13433 master_component.cc:1398] ProcessBatchesArgs: nwt_target_name=nwt, batch_filename_size=5, batch_size=0, batch_weight_size=5, pwt_source_name=pwt, num_document_passes=1, regularizer=(name:smooth_phi_regularizer, tau:100000), class=(text:1), class=(author:1), reuse_theta=no, opt_for_avx=yes, predict_class_id=, reset_nwt=yes
I0725 22:14:49.542737 13682 processor.cc:747] Processing queue has data, processing started
I0725 22:14:49.542821 13681 processor.cc:747] Processing queue has data, processing started
I0725 22:14:49.542904 13679 processor.cc:747] Processing queue has data, processing started
I0725 22:14:49.544502 13680 processor.cc:747] Processing queue has data, processing started
I0725 22:14:49.545372 13681 processor.cc:820] Processor: start processing batch 8e3b4b58-22b7-4ad6-a263-8cc1e74e76c1 into model nwt
I0725 22:14:49.546030 13679 processor.cc:820] Processor: start processing batch 5906dd0e-c5e8-4781-8f8f-0d1d524d7766 into model nwt
I0725 22:14:49.548174 13682 processor.cc:820] Processor: start processing batch b545f2e7-6fdc-402c-82f7-bbbab8711c74 into model nwt
I0725 22:14:49.549086 13680 processor.cc:820] Processor: start processing batch f40ca37d-a71d-4b5f-a066-98218e5daa7d into model nwt
I0725 22:14:49.605501 13681 processor.cc:925] Processor: complete processing batch 8e3b4b58-22b7-4ad6-a263-8cc1e74e76c1 into model nwt
I0725 22:14:49.606510 13681 cuckoo_watch.h:45] 63ms in ProcessBatch(batches/aaaaaa.batch) [including 2ms in LoadMessage; 4ms in InitializeSparseNdw; 0ms in InitializeTheta; 0ms in CreateRegularizerAgents; 27ms in InferThetaAndUpdateNwtSparse; 0ms in UpdateCacheEntry; 28ms in CalculateScore(^^^ItemsProcessedScore^^^); ]
I0725 22:14:49.617628 13681 processor.cc:820] Processor: start processing batch fd6197b6-0250-4875-b832-0f2663491468 into model nwt
I0725 22:14:49.619047 13679 processor.cc:925] Processor: complete processing batch 5906dd0e-c5e8-4781-8f8f-0d1d524d7766 into model nwt
I0725 22:14:49.620278 13679 cuckoo_watch.h:45] 77ms in ProcessBatch(batches/aaaaab.batch) [including 3ms in LoadMessage; 5ms in InitializeSparseNdw; 0ms in InitializeTheta; 0ms in CreateRegularizerAgents; 35ms in InferThetaAndUpdateNwtSparse; 0ms in UpdateCacheEntry; 31ms in CalculateScore(^^^ItemsProcessedScore^^^); ]
I0725 22:14:49.643785 13679 processor.cc:740] No data in processing queue, waiting...
I0725 22:14:49.655725 13680 processor.cc:925] Processor: complete processing batch f40ca37d-a71d-4b5f-a066-98218e5daa7d into model nwt
I0725 22:14:49.657202 13680 cuckoo_watch.h:45] 112ms in ProcessBatch(batches/aaaaac.batch) [including 4ms in LoadMessage; 11ms in InitializeSparseNdw; 0ms in InitializeTheta; 0ms in CreateRegularizerAgents; 52ms in InferThetaAndUpdateNwtSparse; 1ms in UpdateCacheEntry; 41ms in CalculateScore(^^^ItemsProcessedScore^^^); ]
I0725 22:14:49.660188 13682 processor.cc:925] Processor: complete processing batch b545f2e7-6fdc-402c-82f7-bbbab8711c74 into model nwt
I0725 22:14:49.662227 13682 cuckoo_watch.h:45] 119ms in ProcessBatch(batches/aaaaae.batch) [including 5ms in LoadMessage; 11ms in InitializeSparseNdw; 0ms in InitializeTheta; 0ms in CreateRegularizerAgents; 56ms in InferThetaAndUpdateNwtSparse; 0ms in UpdateCacheEntry; 43ms in CalculateScore(^^^ItemsProcessedScore^^^); ]
I0725 22:14:49.677465 13680 processor.cc:740] No data in processing queue, waiting...
I0725 22:14:49.682510 13682 processor.cc:740] No data in processing queue, waiting...
I0725 22:14:49.834256 13681 processor.cc:925] Processor: complete processing batch fd6197b6-0250-4875-b832-0f2663491468 into model nwt
I0725 22:14:49.836300 13681 cuckoo_watch.h:45] 229ms in ProcessBatch(batches/aaaaad.batch) [including 11ms in LoadMessage; 25ms in InitializeSparseNdw; 0ms in InitializeTheta; 0ms in CreateRegularizerAgents; 104ms in InferThetaAndUpdateNwtSparse; 0ms in UpdateCacheEntry; 86ms in CalculateScore(^^^ItemsProcessedScore^^^); ]
I0725 22:14:49.836781 13433 master_component.cc:1436] RegularizeModelArgs: rwt_target_name=rwt, pwt_source_name=pwt, nwt_source_name=nwt
I0725 22:14:49.836788 13433 master_component.cc:976] MasterComponent: start regularizing model pwt
I0725 22:14:49.856483 13681 processor.cc:740] No data in processing queue, waiting...
I0725 22:14:49.934685 13433 master_component.cc:1002] MasterComponent: complete regularizing model pwt
I0725 22:14:49.934728 13433 master_component.cc:1449] NormalizeModelArgs: pwt_target_name=pwt, nwt_source_name=nwt, rwt_source_name=rwt
I0725 22:14:49.934732 13433 master_component.cc:1006] MasterComponent: start normalizing model nwt
I0725 22:14:49.998173 13433 master_component.cc:1034] MasterComponent: complete normalizing model nwt
I0725 22:14:50.091820 13433 master_component.cc:1473] DisposeModel rwt
I0725 22:14:50.100778 13433 master_component.cc:1059] FitOffline: ItemsProcessed, num_items=1728, num_batches=5, token_weight=808522, token_weight_in_effect=808522
I0725 22:14:50.101505 13433 c_interface.cc:389] Pass FitOfflineMasterModelArgs, batch_filename_size=5, batch_weight_size=5, num_collection_passes=1, reset_nwt=yes to MN4artm4core15MasterComponentEFvRKNS_25FitOfflineMasterModelArgsEE
I0725 22:14:50.101971 13433 master_component.cc:1398] ProcessBatchesArgs: nwt_target_name=nwt, batch_filename_size=5, batch_size=0, batch_weight_size=5, pwt_source_name=pwt, num_document_passes=1, regularizer=(name:smooth_phi_regularizer, tau:100000), class=(text:1), class=(author:1), reuse_theta=no, opt_for_avx=yes, predict_class_id=, reset_nwt=yes
I0725 22:14:50.113795 13679 processor.cc:747] Processing queue has data, processing started
I0725 22:14:50.114305 13681 processor.cc:747] Processing queue has data, processing started
I0725 22:14:50.115186 13680 processor.cc:747] Processing queue has data, processing started
I0725 22:14:50.115929 13682 processor.cc:747] Processing queue has data, processing started
I0725 22:14:50.116986 13679 processor.cc:820] Processor: start processing batch 5906dd0e-c5e8-4781-8f8f-0d1d524d7766 into model nwt
I0725 22:14:50.117689 13680 processor.cc:820] Processor: start processing batch 8e3b4b58-22b7-4ad6-a263-8cc1e74e76c1 into model nwt
I0725 22:14:50.118854 13681 processor.cc:820] Processor: start processing batch b545f2e7-6fdc-402c-82f7-bbbab8711c74 into model nwt
I0725 22:14:50.120534 13682 processor.cc:820] Processor: start processing batch f40ca37d-a71d-4b5f-a066-98218e5daa7d into model nwt
I0725 22:14:50.167547 13680 processor.cc:925] Processor: complete processing batch 8e3b4b58-22b7-4ad6-a263-8cc1e74e76c1 into model nwt
I0725 22:14:50.168532 13680 cuckoo_watch.h:45] 53ms in ProcessBatch(batches/aaaaaa.batch) [including 2ms in LoadMessage; 4ms in InitializeSparseNdw; 0ms in InitializeTheta; 0ms in CreateRegularizerAgents; 25ms in InferThetaAndUpdateNwtSparse; 0ms in UpdateCacheEntry; 19ms in CalculateScore(^^^ItemsProcessedScore^^^); ]
I0725 22:14:50.176692 13680 processor.cc:820] Processor: start processing batch fd6197b6-0250-4875-b832-0f2663491468 into model nwt
I0725 22:14:50.183951 13679 processor.cc:925] Processor: complete processing batch 5906dd0e-c5e8-4781-8f8f-0d1d524d7766 into model nwt
I0725 22:14:50.185045 13679 cuckoo_watch.h:45] 71ms in ProcessBatch(batches/aaaaab.batch) [including 3ms in LoadMessage; 5ms in InitializeSparseNdw; 0ms in InitializeTheta; 0ms in CreateRegularizerAgents; 33ms in InferThetaAndUpdateNwtSparse; 0ms in UpdateCacheEntry; 27ms in CalculateScore(^^^ItemsProcessedScore^^^); ]
I0725 22:14:50.205595 13679 processor.cc:740] No data in processing queue, waiting...
I0725 22:14:50.219481 13681 processor.cc:925] Processor: complete processing batch b545f2e7-6fdc-402c-82f7-bbbab8711c74 into model nwt
I0725 22:14:50.220940 13681 cuckoo_watch.h:45] 106ms in ProcessBatch(batches/aaaaae.batch) [including 4ms in LoadMessage; 10ms in InitializeSparseNdw; 0ms in InitializeTheta; 0ms in CreateRegularizerAgents; 49ms in InferThetaAndUpdateNwtSparse; 0ms in UpdateCacheEntry; 40ms in CalculateScore(^^^ItemsProcessedScore^^^); ]
I0725 22:14:50.223958 13682 processor.cc:925] Processor: complete processing batch f40ca37d-a71d-4b5f-a066-98218e5daa7d into model nwt
I0725 22:14:50.225718 13682 cuckoo_watch.h:45] 109ms in ProcessBatch(batches/aaaaac.batch) [including 4ms in LoadMessage; 10ms in InitializeSparseNdw; 0ms in InitializeTheta; 0ms in CreateRegularizerAgents; 51ms in InferThetaAndUpdateNwtSparse; 0ms in UpdateCacheEntry; 40ms in CalculateScore(^^^ItemsProcessedScore^^^); ]
I0725 22:14:50.241225 13681 processor.cc:740] No data in processing queue, waiting...
I0725 22:14:50.246024 13682 processor.cc:740] No data in processing queue, waiting...
I0725 22:14:50.393630 13680 processor.cc:925] Processor: complete processing batch fd6197b6-0250-4875-b832-0f2663491468 into model nwt
I0725 22:14:50.395939 13680 cuckoo_watch.h:45] 227ms in ProcessBatch(batches/aaaaad.batch) [including 8ms in LoadMessage; 26ms in InitializeSparseNdw; 0ms in InitializeTheta; 0ms in CreateRegularizerAgents; 101ms in InferThetaAndUpdateNwtSparse; 0ms in UpdateCacheEntry; 88ms in CalculateScore(^^^ItemsProcessedScore^^^); ]
I0725 22:14:50.396818 13433 master_component.cc:1436] RegularizeModelArgs: rwt_target_name=rwt, pwt_source_name=pwt, nwt_source_name=nwt
I0725 22:14:50.396827 13433 master_component.cc:976] MasterComponent: start regularizing model pwt
I0725 22:14:50.416101 13680 processor.cc:740] No data in processing queue, waiting...
I0725 22:14:50.492465 13433 master_component.cc:1002] MasterComponent: complete regularizing model pwt
I0725 22:14:50.492486 13433 master_component.cc:1449] NormalizeModelArgs: pwt_target_name=pwt, nwt_source_name=nwt, rwt_source_name=rwt
I0725 22:14:50.492491 13433 master_component.cc:1006] MasterComponent: start normalizing model nwt
I0725 22:14:50.553277 13433 master_component.cc:1034] MasterComponent: complete normalizing model nwt
I0725 22:14:50.639611 13433 master_component.cc:1473] DisposeModel rwt
I0725 22:14:50.647827 13433 master_component.cc:1059] FitOffline: ItemsProcessed, num_items=1728, num_batches=5, token_weight=808522, token_weight_in_effect=808522
I0725 22:14:50.648504 13433 c_interface.cc:389] Pass FitOfflineMasterModelArgs, batch_filename_size=5, batch_weight_size=5, num_collection_passes=1, reset_nwt=yes to MN4artm4core15MasterComponentEFvRKNS_25FitOfflineMasterModelArgsEE
I0725 22:14:50.648914 13433 master_component.cc:1398] ProcessBatchesArgs: nwt_target_name=nwt, batch_filename_size=5, batch_size=0, batch_weight_size=5, pwt_source_name=pwt, num_document_passes=1, regularizer=(name:smooth_phi_regularizer, tau:100000), class=(text:1), class=(author:1), reuse_theta=no, opt_for_avx=yes, predict_class_id=, reset_nwt=yes
I0725 22:14:50.660377 13681 processor.cc:747] Processing queue has data, processing started
I0725 22:14:50.661511 13679 processor.cc:747] Processing queue has data, processing started
I0725 22:14:50.661608 13682 processor.cc:747] Processing queue has data, processing started
I0725 22:14:50.662004 13680 processor.cc:747] Processing queue has data, processing started
I0725 22:14:50.664047 13679 processor.cc:820] Processor: start processing batch 8e3b4b58-22b7-4ad6-a263-8cc1e74e76c1 into model nwt
I0725 22:14:50.664904 13681 processor.cc:820] Processor: start processing batch b545f2e7-6fdc-402c-82f7-bbbab8711c74 into model nwt
I0725 22:14:50.665163 13680 processor.cc:820] Processor: start processing batch 5906dd0e-c5e8-4781-8f8f-0d1d524d7766 into model nwt
I0725 22:14:50.666231 13682 processor.cc:820] Processor: start processing batch f40ca37d-a71d-4b5f-a066-98218e5daa7d into model nwt
I0725 22:14:50.712857 13679 processor.cc:925] Processor: complete processing batch 8e3b4b58-22b7-4ad6-a263-8cc1e74e76c1 into model nwt
I0725 22:14:50.713855 13679 cuckoo_watch.h:45] 52ms in ProcessBatch(batches/aaaaaa.batch) [including 2ms in LoadMessage; 4ms in InitializeSparseNdw; 0ms in InitializeTheta; 0ms in CreateRegularizerAgents; 24ms in InferThetaAndUpdateNwtSparse; 0ms in UpdateCacheEntry; 19ms in CalculateScore(^^^ItemsProcessedScore^^^); ]
I0725 22:14:50.721702 13679 processor.cc:820] Processor: start processing batch fd6197b6-0250-4875-b832-0f2663491468 into model nwt
I0725 22:14:50.728127 13680 processor.cc:925] Processor: complete processing batch 5906dd0e-c5e8-4781-8f8f-0d1d524d7766 into model nwt
I0725 22:14:50.729244 13680 cuckoo_watch.h:45] 67ms in ProcessBatch(batches/aaaaab.batch) [including 3ms in LoadMessage; 5ms in InitializeSparseNdw; 0ms in InitializeTheta; 0ms in CreateRegularizerAgents; 31ms in InferThetaAndUpdateNwtSparse; 0ms in UpdateCacheEntry; 26ms in CalculateScore(^^^ItemsProcessedScore^^^); ]
I0725 22:14:50.749634 13680 processor.cc:740] No data in processing queue, waiting...
I0725 22:14:50.762903 13681 processor.cc:925] Processor: complete processing batch b545f2e7-6fdc-402c-82f7-bbbab8711c74 into model nwt
I0725 22:14:50.764259 13681 cuckoo_watch.h:45] 103ms in ProcessBatch(batches/aaaaae.batch) [including 4ms in LoadMessage; 10ms in InitializeSparseNdw; 0ms in InitializeTheta; 0ms in CreateRegularizerAgents; 47ms in InferThetaAndUpdateNwtSparse; 0ms in UpdateCacheEntry; 39ms in CalculateScore(^^^ItemsProcessedScore^^^); ]
I0725 22:14:50.768306 13682 processor.cc:925] Processor: complete processing batch f40ca37d-a71d-4b5f-a066-98218e5daa7d into model nwt
I0725 22:14:50.769666 13682 cuckoo_watch.h:45] 108ms in ProcessBatch(batches/aaaaac.batch) [including 4ms in LoadMessage; 10ms in InitializeSparseNdw; 0ms in InitializeTheta; 0ms in CreateRegularizerAgents; 51ms in InferThetaAndUpdateNwtSparse; 0ms in UpdateCacheEntry; 40ms in CalculateScore(^^^ItemsProcessedScore^^^); ]
I0725 22:14:50.784606 13681 processor.cc:740] No data in processing queue, waiting...
I0725 22:14:50.790026 13682 processor.cc:740] No data in processing queue, waiting...
I0725 22:14:50.919034 13679 processor.cc:925] Processor: complete processing batch fd6197b6-0250-4875-b832-0f2663491468 into model nwt
I0725 22:14:50.920807 13679 cuckoo_watch.h:45] 206ms in ProcessBatch(batches/aaaaad.batch) [including 7ms in LoadMessage; 25ms in InitializeSparseNdw; 0ms in InitializeTheta; 0ms in CreateRegularizerAgents; 96ms in InferThetaAndUpdateNwtSparse; 0ms in UpdateCacheEntry; 74ms in CalculateScore(^^^ItemsProcessedScore^^^); ]
I0725 22:14:50.921272 13433 master_component.cc:1436] RegularizeModelArgs: rwt_target_name=rwt, pwt_source_name=pwt, nwt_source_name=nwt
I0725 22:14:50.921279 13433 master_component.cc:976] MasterComponent: start regularizing model pwt
I0725 22:14:50.941138 13679 processor.cc:740] No data in processing queue, waiting...
I0725 22:14:51.011822 13433 master_component.cc:1002] MasterComponent: complete regularizing model pwt
I0725 22:14:51.011842 13433 master_component.cc:1449] NormalizeModelArgs: pwt_target_name=pwt, nwt_source_name=nwt, rwt_source_name=rwt
I0725 22:14:51.011845 13433 master_component.cc:1006] MasterComponent: start normalizing model nwt
I0725 22:14:51.071887 13433 master_component.cc:1034] MasterComponent: complete normalizing model nwt
I0725 22:14:51.156368 13433 master_component.cc:1473] DisposeModel rwt
