I0725 22:15:46.585494 13433 c_interface.cc:389] Pass InitializeModelArgs: model_name=pwt, dictionary_name=24e8e9f8-fb65-40e5-80ee-c057292a6b52, topic_name_size=30, seed=1 to MN4artm4core15MasterComponentEFvRKNS_19InitializeModelArgsEE
I0725 22:15:46.680994 13433 master_component.cc:664] InitializeModel() created matrix pwt with 30 topics and 26866 tokens; 
I0725 22:15:46.681133 13433 c_interface.cc:389] Pass InitializeModelArgs: model_name=nwt, dictionary_name=24e8e9f8-fb65-40e5-80ee-c057292a6b52, topic_name_size=30, seed=1 to MN4artm4core15MasterComponentEFvRKNS_19InitializeModelArgsEE
I0725 22:15:46.773561 13433 master_component.cc:664] InitializeModel() created matrix nwt with 30 topics and 26866 tokens; 
I0725 22:15:46.773722 13433 c_interface.cc:231] ArtmCopyRequestedMessage is copying 309 bytes...
I0725 22:15:46.778302 13433 c_interface.cc:231] ArtmCopyRequestedMessage is copying 204 bytes...
I0725 22:15:46.779393 13433 c_interface.cc:231] ArtmCopyRequestedMessage is copying 204 bytes...
I0725 22:15:46.780371 13433 c_interface.cc:231] ArtmCopyRequestedMessage is copying 204 bytes...
I0725 22:15:46.782698 13433 c_interface.cc:231] ArtmCopyRequestedMessage is copying 532 bytes...
I0725 22:15:46.784654 13433 c_interface.cc:231] ArtmCopyRequestedMessage is copying 532 bytes...
I0725 22:15:46.786422 13433 c_interface.cc:231] ArtmCopyRequestedMessage is copying 532 bytes...
I0725 22:15:48.518883 13433 c_interface.cc:389] Pass MasterModelConfig: topic_name_size=30, class=(text:1), class=(author:1), score_config_size=2, num_processors=0, pwt_name=pwt, nwt_name=nwt, num_document_passes=10, reuse_theta=yes, cache_theta=yes, opt_for_avx=yes, disk_cache_path= to MN4artm4core15MasterComponentEFvRKNS_17MasterModelConfigEE
I0725 22:15:48.518930 13433 instance.cc:401] MasterModelConfig.processors_count is automatically set to 4
I0725 22:15:48.519371 13433 c_interface.cc:389] Pass MasterModelConfig: topic_name_size=30, class=(text:1), class=(author:1), score_config_size=3, num_processors=0, pwt_name=pwt, nwt_name=nwt, num_document_passes=10, reuse_theta=yes, cache_theta=yes, opt_for_avx=yes, disk_cache_path= to MN4artm4core15MasterComponentEFvRKNS_17MasterModelConfigEE
I0725 22:15:48.519385 13433 instance.cc:401] MasterModelConfig.processors_count is automatically set to 4
I0725 22:15:48.553438 13433 c_interface.cc:231] ArtmCopyRequestedMessage is copying 204 bytes...
I0725 22:15:48.554435 13433 c_interface.cc:231] ArtmCopyRequestedMessage is copying 204 bytes...
I0725 22:15:48.555335 13433 c_interface.cc:231] ArtmCopyRequestedMessage is copying 204 bytes...
I0725 22:15:48.557612 13433 c_interface.cc:231] ArtmCopyRequestedMessage is copying 1174 bytes...
I0725 22:15:48.559911 13433 c_interface.cc:231] ArtmCopyRequestedMessage is copying 1174 bytes...
I0725 22:15:48.562067 13433 c_interface.cc:231] ArtmCopyRequestedMessage is copying 1174 bytes...
I0725 22:15:50.746682 13433 c_interface.cc:389] Pass MasterModelConfig: topic_name_size=30, class=(text:1), class=(author:1), score_config_size=3, num_processors=0, pwt_name=pwt, nwt_name=nwt, num_document_passes=10, regularizer=(smooth_phi_regularizer:100000), reuse_theta=yes, cache_theta=yes, opt_for_avx=yes, disk_cache_path= to MN4artm4core15MasterComponentEFvRKNS_17MasterModelConfigEE
I0725 22:15:50.746733 13433 instance.cc:401] MasterModelConfig.processors_count is automatically set to 4
I0725 22:15:50.746783 13433 instance.cc:232] Regularizer 'smooth_phi_regularizer' was cold-reconfigured
I0725 22:15:50.764756 13433 c_interface.cc:231] ArtmCopyRequestedMessage is copying 204 bytes...
I0725 22:15:50.765772 13433 c_interface.cc:231] ArtmCopyRequestedMessage is copying 204 bytes...
I0725 22:15:50.766777 13433 c_interface.cc:231] ArtmCopyRequestedMessage is copying 204 bytes...
I0725 22:15:50.768944 13433 c_interface.cc:231] ArtmCopyRequestedMessage is copying 1327 bytes...
I0725 22:15:50.771168 13433 c_interface.cc:231] ArtmCopyRequestedMessage is copying 1327 bytes...
I0725 22:15:50.773228 13433 c_interface.cc:231] ArtmCopyRequestedMessage is copying 1327 bytes...
I0725 22:15:51.252490 13433 c_interface.cc:389] Pass MasterModelConfig: topic_name_size=30, class=(text:1), class=(author:1), score_config_size=3, num_processors=0, pwt_name=pwt, nwt_name=nwt, num_document_passes=1, regularizer=(smooth_phi_regularizer:100000), reuse_theta=yes, cache_theta=yes, opt_for_avx=yes, disk_cache_path= to MN4artm4core15MasterComponentEFvRKNS_17MasterModelConfigEE
I0725 22:15:51.252554 13433 instance.cc:401] MasterModelConfig.processors_count is automatically set to 4
I0725 22:15:51.252629 13433 instance.cc:232] Regularizer 'smooth_phi_regularizer' was cold-reconfigured
I0725 22:15:51.253033 13433 c_interface.cc:389] Pass FitOfflineMasterModelArgs, batch_filename_size=5, batch_weight_size=5, num_collection_passes=1, reset_nwt=yes to MN4artm4core15MasterComponentEFvRKNS_25FitOfflineMasterModelArgsEE
I0725 22:15:51.253062 13433 master_component.cc:1398] ProcessBatchesArgs: nwt_target_name=nwt, batch_filename_size=5, batch_size=0, batch_weight_size=5, pwt_source_name=pwt, num_document_passes=1, regularizer=(name:smooth_phi_regularizer, tau:100000), class=(text:1), class=(author:1), reuse_theta=yes, opt_for_avx=yes, predict_class_id=, reset_nwt=yes
I0725 22:15:51.267326 13708 processor.cc:747] Processing queue has data, processing started
I0725 22:15:51.268052 13707 processor.cc:747] Processing queue has data, processing started
I0725 22:15:51.268468 13705 processor.cc:747] Processing queue has data, processing started
I0725 22:15:51.271587 13707 processor.cc:820] Processor: start processing batch 5906dd0e-c5e8-4781-8f8f-0d1d524d7766 into model nwt
I0725 22:15:51.271868 13708 processor.cc:820] Processor: start processing batch b545f2e7-6fdc-402c-82f7-bbbab8711c74 into model nwt
I0725 22:15:51.272361 13705 processor.cc:820] Processor: start processing batch 8e3b4b58-22b7-4ad6-a263-8cc1e74e76c1 into model nwt
I0725 22:15:51.273624 13706 processor.cc:747] Processing queue has data, processing started
I0725 22:15:51.280658 13706 processor.cc:820] Processor: start processing batch f40ca37d-a71d-4b5f-a066-98218e5daa7d into model nwt
I0725 22:15:51.325448 13705 processor.cc:925] Processor: complete processing batch 8e3b4b58-22b7-4ad6-a263-8cc1e74e76c1 into model nwt
I0725 22:15:51.326398 13705 cuckoo_watch.h:45] 57ms in ProcessBatch(batches/aaaaaa.batch) [including 3ms in LoadMessage; 4ms in InitializeSparseNdw; 0ms in FindReuseThetaCacheEntry; 0ms in InitializeTheta; 0ms in CreateRegularizerAgents; 26ms in InferThetaAndUpdateNwtSparse; 0ms in UpdateCacheEntry; 22ms in CalculateScore(^^^ItemsProcessedScore^^^); ]
I0725 22:15:51.335772 13705 processor.cc:820] Processor: start processing batch fd6197b6-0250-4875-b832-0f2663491468 into model nwt
I0725 22:15:51.342401 13707 processor.cc:925] Processor: complete processing batch 5906dd0e-c5e8-4781-8f8f-0d1d524d7766 into model nwt
I0725 22:15:51.343564 13707 cuckoo_watch.h:45] 75ms in ProcessBatch(batches/aaaaab.batch) [including 3ms in LoadMessage; 10ms in InitializeSparseNdw; 0ms in FindReuseThetaCacheEntry; 0ms in InitializeTheta; 0ms in CreateRegularizerAgents; 32ms in InferThetaAndUpdateNwtSparse; 0ms in UpdateCacheEntry; 27ms in CalculateScore(^^^ItemsProcessedScore^^^); ]
I0725 22:15:51.364008 13707 processor.cc:740] No data in processing queue, waiting...
I0725 22:15:51.375699 13708 processor.cc:925] Processor: complete processing batch b545f2e7-6fdc-402c-82f7-bbbab8711c74 into model nwt
I0725 22:15:51.377096 13708 cuckoo_watch.h:45] 109ms in ProcessBatch(batches/aaaaae.batch) [including 4ms in LoadMessage; 11ms in InitializeSparseNdw; 0ms in FindReuseThetaCacheEntry; 0ms in InitializeTheta; 0ms in CreateRegularizerAgents; 52ms in InferThetaAndUpdateNwtSparse; 0ms in UpdateCacheEntry; 40ms in CalculateScore(^^^ItemsProcessedScore^^^); ]
I0725 22:15:51.392310 13706 processor.cc:925] Processor: complete processing batch f40ca37d-a71d-4b5f-a066-98218e5daa7d into model nwt
I0725 22:15:51.393733 13706 cuckoo_watch.h:45] 120ms in ProcessBatch(batches/aaaaac.batch) [including 7ms in LoadMessage; 12ms in InitializeSparseNdw; 0ms in FindReuseThetaCacheEntry; 0ms in InitializeTheta; 0ms in CreateRegularizerAgents; 56ms in InferThetaAndUpdateNwtSparse; 0ms in UpdateCacheEntry; 42ms in CalculateScore(^^^ItemsProcessedScore^^^); ]
I0725 22:15:51.398772 13708 processor.cc:740] No data in processing queue, waiting...
I0725 22:15:51.414001 13706 processor.cc:740] No data in processing queue, waiting...
I0725 22:15:51.544847 13705 processor.cc:925] Processor: complete processing batch fd6197b6-0250-4875-b832-0f2663491468 into model nwt
I0725 22:15:51.546784 13705 cuckoo_watch.h:45] 220ms in ProcessBatch(batches/aaaaad.batch) [including 9ms in LoadMessage; 27ms in InitializeSparseNdw; 0ms in FindReuseThetaCacheEntry; 0ms in InitializeTheta; 0ms in CreateRegularizerAgents; 102ms in InferThetaAndUpdateNwtSparse; 0ms in UpdateCacheEntry; 78ms in CalculateScore(^^^ItemsProcessedScore^^^); ]
I0725 22:15:51.547698 13433 master_component.cc:1436] RegularizeModelArgs: rwt_target_name=rwt, pwt_source_name=pwt, nwt_source_name=nwt
I0725 22:15:51.547706 13433 master_component.cc:976] MasterComponent: start regularizing model pwt
I0725 22:15:51.567018 13705 processor.cc:740] No data in processing queue, waiting...
I0725 22:15:51.641367 13433 master_component.cc:1002] MasterComponent: complete regularizing model pwt
I0725 22:15:51.641389 13433 master_component.cc:1449] NormalizeModelArgs: pwt_target_name=pwt, nwt_source_name=nwt, rwt_source_name=rwt
I0725 22:15:51.641393 13433 master_component.cc:1006] MasterComponent: start normalizing model nwt
I0725 22:15:51.709543 13433 master_component.cc:1034] MasterComponent: complete normalizing model nwt
I0725 22:15:51.798243 13433 master_component.cc:1473] DisposeModel rwt
I0725 22:15:51.804246 13433 master_component.cc:1059] FitOffline: ItemsProcessed, num_items=1728, num_batches=5, token_weight=808522, token_weight_in_effect=808522
I0725 22:15:51.804417 13433 c_interface.cc:389] Pass FitOfflineMasterModelArgs, batch_filename_size=5, batch_weight_size=5, num_collection_passes=1, reset_nwt=yes to MN4artm4core15MasterComponentEFvRKNS_25FitOfflineMasterModelArgsEE
I0725 22:15:51.804442 13433 master_component.cc:1398] ProcessBatchesArgs: nwt_target_name=nwt, batch_filename_size=5, batch_size=0, batch_weight_size=5, pwt_source_name=pwt, num_document_passes=1, regularizer=(name:smooth_phi_regularizer, tau:100000), class=(text:1), class=(author:1), reuse_theta=yes, opt_for_avx=yes, predict_class_id=, reset_nwt=yes
I0725 22:15:51.816967 13706 processor.cc:747] Processing queue has data, processing started
I0725 22:15:51.817039 13705 processor.cc:747] Processing queue has data, processing started
I0725 22:15:51.817214 13708 processor.cc:747] Processing queue has data, processing started
I0725 22:15:51.817483 13707 processor.cc:747] Processing queue has data, processing started
I0725 22:15:51.819725 13708 processor.cc:820] Processor: start processing batch 8e3b4b58-22b7-4ad6-a263-8cc1e74e76c1 into model nwt
I0725 22:15:51.820186 13705 processor.cc:820] Processor: start processing batch 5906dd0e-c5e8-4781-8f8f-0d1d524d7766 into model nwt
I0725 22:15:51.821491 13706 processor.cc:820] Processor: start processing batch b545f2e7-6fdc-402c-82f7-bbbab8711c74 into model nwt
I0725 22:15:51.822083 13707 processor.cc:820] Processor: start processing batch f40ca37d-a71d-4b5f-a066-98218e5daa7d into model nwt
I0725 22:15:51.870963 13708 processor.cc:925] Processor: complete processing batch 8e3b4b58-22b7-4ad6-a263-8cc1e74e76c1 into model nwt
I0725 22:15:51.871909 13708 cuckoo_watch.h:45] 54ms in ProcessBatch(batches/aaaaaa.batch) [including 2ms in LoadMessage; 4ms in InitializeSparseNdw; 0ms in FindReuseThetaCacheEntry; 0ms in InitializeTheta; 0ms in CreateRegularizerAgents; 25ms in InferThetaAndUpdateNwtSparse; 0ms in UpdateCacheEntry; 21ms in CalculateScore(^^^ItemsProcessedScore^^^); ]
I0725 22:15:51.879776 13708 processor.cc:820] Processor: start processing batch fd6197b6-0250-4875-b832-0f2663491468 into model nwt
I0725 22:15:51.885676 13705 processor.cc:925] Processor: complete processing batch 5906dd0e-c5e8-4781-8f8f-0d1d524d7766 into model nwt
I0725 22:15:51.887054 13705 cuckoo_watch.h:45] 69ms in ProcessBatch(batches/aaaaab.batch) [including 3ms in LoadMessage; 5ms in InitializeSparseNdw; 0ms in FindReuseThetaCacheEntry; 0ms in InitializeTheta; 0ms in CreateRegularizerAgents; 31ms in InferThetaAndUpdateNwtSparse; 0ms in UpdateCacheEntry; 27ms in CalculateScore(^^^ItemsProcessedScore^^^); ]
I0725 22:15:51.907773 13705 processor.cc:740] No data in processing queue, waiting...
I0725 22:15:51.927686 13707 processor.cc:925] Processor: complete processing batch f40ca37d-a71d-4b5f-a066-98218e5daa7d into model nwt
I0725 22:15:51.929181 13707 cuckoo_watch.h:45] 111ms in ProcessBatch(batches/aaaaac.batch) [including 4ms in LoadMessage; 10ms in InitializeSparseNdw; 0ms in FindReuseThetaCacheEntry; 0ms in InitializeTheta; 0ms in CreateRegularizerAgents; 51ms in InferThetaAndUpdateNwtSparse; 0ms in UpdateCacheEntry; 42ms in CalculateScore(^^^ItemsProcessedScore^^^); ]
I0725 22:15:51.932400 13706 processor.cc:925] Processor: complete processing batch b545f2e7-6fdc-402c-82f7-bbbab8711c74 into model nwt
I0725 22:15:51.933818 13706 cuckoo_watch.h:45] 116ms in ProcessBatch(batches/aaaaae.batch) [including 4ms in LoadMessage; 10ms in InitializeSparseNdw; 0ms in FindReuseThetaCacheEntry; 0ms in InitializeTheta; 0ms in CreateRegularizerAgents; 48ms in InferThetaAndUpdateNwtSparse; 0ms in UpdateCacheEntry; 51ms in CalculateScore(^^^ItemsProcessedScore^^^); ]
I0725 22:15:51.951335 13707 processor.cc:740] No data in processing queue, waiting...
I0725 22:15:51.954267 13706 processor.cc:740] No data in processing queue, waiting...
I0725 22:15:52.083698 13708 processor.cc:925] Processor: complete processing batch fd6197b6-0250-4875-b832-0f2663491468 into model nwt
I0725 22:15:52.085705 13708 cuckoo_watch.h:45] 213ms in ProcessBatch(batches/aaaaad.batch) [including 7ms in LoadMessage; 27ms in InitializeSparseNdw; 0ms in FindReuseThetaCacheEntry; 0ms in InitializeTheta; 0ms in CreateRegularizerAgents; 98ms in InferThetaAndUpdateNwtSparse; 0ms in UpdateCacheEntry; 77ms in CalculateScore(^^^ItemsProcessedScore^^^); ]
I0725 22:15:52.086066 13433 master_component.cc:1436] RegularizeModelArgs: rwt_target_name=rwt, pwt_source_name=pwt, nwt_source_name=nwt
I0725 22:15:52.086072 13433 master_component.cc:976] MasterComponent: start regularizing model pwt
I0725 22:15:52.106076 13708 processor.cc:740] No data in processing queue, waiting...
I0725 22:15:52.180310 13433 master_component.cc:1002] MasterComponent: complete regularizing model pwt
I0725 22:15:52.180343 13433 master_component.cc:1449] NormalizeModelArgs: pwt_target_name=pwt, nwt_source_name=nwt, rwt_source_name=rwt
I0725 22:15:52.180347 13433 master_component.cc:1006] MasterComponent: start normalizing model nwt
I0725 22:15:52.244858 13433 master_component.cc:1034] MasterComponent: complete normalizing model nwt
I0725 22:15:52.331948 13433 master_component.cc:1473] DisposeModel rwt
I0725 22:15:52.340390 13433 master_component.cc:1059] FitOffline: ItemsProcessed, num_items=1728, num_batches=5, token_weight=808522, token_weight_in_effect=808522
I0725 22:15:52.341094 13433 c_interface.cc:389] Pass FitOfflineMasterModelArgs, batch_filename_size=5, batch_weight_size=5, num_collection_passes=1, reset_nwt=yes to MN4artm4core15MasterComponentEFvRKNS_25FitOfflineMasterModelArgsEE
I0725 22:15:52.341503 13433 master_component.cc:1398] ProcessBatchesArgs: nwt_target_name=nwt, batch_filename_size=5, batch_size=0, batch_weight_size=5, pwt_source_name=pwt, num_document_passes=1, regularizer=(name:smooth_phi_regularizer, tau:100000), class=(text:1), class=(author:1), reuse_theta=yes, opt_for_avx=yes, predict_class_id=, reset_nwt=yes
I0725 22:15:52.352784 13707 processor.cc:747] Processing queue has data, processing started
I0725 22:15:52.353754 13705 processor.cc:747] Processing queue has data, processing started
I0725 22:15:52.353792 13708 processor.cc:747] Processing queue has data, processing started
I0725 22:15:52.354542 13706 processor.cc:747] Processing queue has data, processing started
I0725 22:15:52.356209 13705 processor.cc:820] Processor: start processing batch 8e3b4b58-22b7-4ad6-a263-8cc1e74e76c1 into model nwt
I0725 22:15:52.356885 13708 processor.cc:820] Processor: start processing batch 5906dd0e-c5e8-4781-8f8f-0d1d524d7766 into model nwt
I0725 22:15:52.359107 13706 processor.cc:820] Processor: start processing batch f40ca37d-a71d-4b5f-a066-98218e5daa7d into model nwt
I0725 22:15:52.359894 13707 processor.cc:820] Processor: start processing batch b545f2e7-6fdc-402c-82f7-bbbab8711c74 into model nwt
I0725 22:15:52.409750 13705 processor.cc:925] Processor: complete processing batch 8e3b4b58-22b7-4ad6-a263-8cc1e74e76c1 into model nwt
I0725 22:15:52.410806 13705 cuckoo_watch.h:45] 57ms in ProcessBatch(batches/aaaaaa.batch) [including 2ms in LoadMessage; 4ms in InitializeSparseNdw; 0ms in FindReuseThetaCacheEntry; 0ms in InitializeTheta; 0ms in CreateRegularizerAgents; 27ms in InferThetaAndUpdateNwtSparse; 0ms in UpdateCacheEntry; 21ms in CalculateScore(^^^ItemsProcessedScore^^^); ]
I0725 22:15:52.421804 13705 processor.cc:820] Processor: start processing batch fd6197b6-0250-4875-b832-0f2663491468 into model nwt
I0725 22:15:52.427920 13708 processor.cc:925] Processor: complete processing batch 5906dd0e-c5e8-4781-8f8f-0d1d524d7766 into model nwt
I0725 22:15:52.429486 13708 cuckoo_watch.h:45] 75ms in ProcessBatch(batches/aaaaab.batch) [including 3ms in LoadMessage; 6ms in InitializeSparseNdw; 0ms in FindReuseThetaCacheEntry; 0ms in InitializeTheta; 0ms in CreateRegularizerAgents; 35ms in InferThetaAndUpdateNwtSparse; 0ms in UpdateCacheEntry; 28ms in CalculateScore(^^^ItemsProcessedScore^^^); ]
I0725 22:15:52.450646 13708 processor.cc:740] No data in processing queue, waiting...
I0725 22:15:52.463631 13707 processor.cc:925] Processor: complete processing batch b545f2e7-6fdc-402c-82f7-bbbab8711c74 into model nwt
I0725 22:15:52.465085 13707 cuckoo_watch.h:45] 112ms in ProcessBatch(batches/aaaaae.batch) [including 7ms in LoadMessage; 10ms in InitializeSparseNdw; 0ms in FindReuseThetaCacheEntry; 0ms in InitializeTheta; 0ms in CreateRegularizerAgents; 50ms in InferThetaAndUpdateNwtSparse; 0ms in UpdateCacheEntry; 41ms in CalculateScore(^^^ItemsProcessedScore^^^); ]
I0725 22:15:52.485414 13707 processor.cc:740] No data in processing queue, waiting...
I0725 22:15:52.485659 13706 processor.cc:925] Processor: complete processing batch f40ca37d-a71d-4b5f-a066-98218e5daa7d into model nwt
I0725 22:15:52.487118 13706 cuckoo_watch.h:45] 132ms in ProcessBatch(batches/aaaaac.batch) [including 4ms in LoadMessage; 11ms in InitializeSparseNdw; 0ms in FindReuseThetaCacheEntry; 0ms in InitializeTheta; 0ms in CreateRegularizerAgents; 73ms in InferThetaAndUpdateNwtSparse; 0ms in UpdateCacheEntry; 41ms in CalculateScore(^^^ItemsProcessedScore^^^); ]
I0725 22:15:52.507464 13706 processor.cc:740] No data in processing queue, waiting...
I0725 22:15:52.631409 13705 processor.cc:925] Processor: complete processing batch fd6197b6-0250-4875-b832-0f2663491468 into model nwt
I0725 22:15:52.633412 13705 cuckoo_watch.h:45] 222ms in ProcessBatch(batches/aaaaad.batch) [including 10ms in LoadMessage; 26ms in InitializeSparseNdw; 0ms in FindReuseThetaCacheEntry; 0ms in InitializeTheta; 0ms in CreateRegularizerAgents; 101ms in InferThetaAndUpdateNwtSparse; 0ms in UpdateCacheEntry; 81ms in CalculateScore(^^^ItemsProcessedScore^^^); ]
I0725 22:15:52.634133 13433 master_component.cc:1436] RegularizeModelArgs: rwt_target_name=rwt, pwt_source_name=pwt, nwt_source_name=nwt
I0725 22:15:52.634141 13433 master_component.cc:976] MasterComponent: start regularizing model pwt
I0725 22:15:52.653677 13705 processor.cc:740] No data in processing queue, waiting...
I0725 22:15:52.729840 13433 master_component.cc:1002] MasterComponent: complete regularizing model pwt
I0725 22:15:52.729864 13433 master_component.cc:1449] NormalizeModelArgs: pwt_target_name=pwt, nwt_source_name=nwt, rwt_source_name=rwt
I0725 22:15:52.729867 13433 master_component.cc:1006] MasterComponent: start normalizing model nwt
I0725 22:15:52.792383 13433 master_component.cc:1034] MasterComponent: complete normalizing model nwt
I0725 22:15:52.881686 13433 master_component.cc:1473] DisposeModel rwt
I0725 22:15:52.890208 13433 master_component.cc:1059] FitOffline: ItemsProcessed, num_items=1728, num_batches=5, token_weight=808522, token_weight_in_effect=808522
I0725 22:15:52.890918 13433 c_interface.cc:389] Pass FitOfflineMasterModelArgs, batch_filename_size=5, batch_weight_size=5, num_collection_passes=1, reset_nwt=yes to MN4artm4core15MasterComponentEFvRKNS_25FitOfflineMasterModelArgsEE
I0725 22:15:52.891331 13433 master_component.cc:1398] ProcessBatchesArgs: nwt_target_name=nwt, batch_filename_size=5, batch_size=0, batch_weight_size=5, pwt_source_name=pwt, num_document_passes=1, regularizer=(name:smooth_phi_regularizer, tau:100000), class=(text:1), class=(author:1), reuse_theta=yes, opt_for_avx=yes, predict_class_id=, reset_nwt=yes
I0725 22:15:52.903640 13707 processor.cc:747] Processing queue has data, processing started
I0725 22:15:52.903815 13706 processor.cc:747] Processing queue has data, processing started
I0725 22:15:52.903877 13708 processor.cc:747] Processing queue has data, processing started
I0725 22:15:52.905138 13705 processor.cc:747] Processing queue has data, processing started
I0725 22:15:52.906409 13708 processor.cc:820] Processor: start processing batch 8e3b4b58-22b7-4ad6-a263-8cc1e74e76c1 into model nwt
I0725 22:15:52.906833 13707 processor.cc:820] Processor: start processing batch 5906dd0e-c5e8-4781-8f8f-0d1d524d7766 into model nwt
I0725 22:15:52.908349 13706 processor.cc:820] Processor: start processing batch b545f2e7-6fdc-402c-82f7-bbbab8711c74 into model nwt
I0725 22:15:52.909749 13705 processor.cc:820] Processor: start processing batch f40ca37d-a71d-4b5f-a066-98218e5daa7d into model nwt
I0725 22:15:52.969385 13708 processor.cc:925] Processor: complete processing batch 8e3b4b58-22b7-4ad6-a263-8cc1e74e76c1 into model nwt
I0725 22:15:52.970676 13708 cuckoo_watch.h:45] 66ms in ProcessBatch(batches/aaaaaa.batch) [including 2ms in LoadMessage; 4ms in InitializeSparseNdw; 0ms in FindReuseThetaCacheEntry; 0ms in InitializeTheta; 0ms in CreateRegularizerAgents; 30ms in InferThetaAndUpdateNwtSparse; 0ms in UpdateCacheEntry; 27ms in CalculateScore(^^^ItemsProcessedScore^^^); ]
I0725 22:15:52.973385 13707 processor.cc:925] Processor: complete processing batch 5906dd0e-c5e8-4781-8f8f-0d1d524d7766 into model nwt
I0725 22:15:52.974812 13707 cuckoo_watch.h:45] 71ms in ProcessBatch(batches/aaaaab.batch) [including 3ms in LoadMessage; 6ms in InitializeSparseNdw; 0ms in FindReuseThetaCacheEntry; 0ms in InitializeTheta; 0ms in CreateRegularizerAgents; 33ms in InferThetaAndUpdateNwtSparse; 0ms in UpdateCacheEntry; 26ms in CalculateScore(^^^ItemsProcessedScore^^^); ]
I0725 22:15:52.979152 13708 processor.cc:820] Processor: start processing batch fd6197b6-0250-4875-b832-0f2663491468 into model nwt
I0725 22:15:52.999285 13707 processor.cc:740] No data in processing queue, waiting...
I0725 22:15:53.017558 13706 processor.cc:925] Processor: complete processing batch b545f2e7-6fdc-402c-82f7-bbbab8711c74 into model nwt
I0725 22:15:53.018939 13706 cuckoo_watch.h:45] 115ms in ProcessBatch(batches/aaaaae.batch) [including 4ms in LoadMessage; 12ms in InitializeSparseNdw; 0ms in FindReuseThetaCacheEntry; 0ms in InitializeTheta; 0ms in CreateRegularizerAgents; 55ms in InferThetaAndUpdateNwtSparse; 0ms in UpdateCacheEntry; 40ms in CalculateScore(^^^ItemsProcessedScore^^^); ]
I0725 22:15:53.023802 13705 processor.cc:925] Processor: complete processing batch f40ca37d-a71d-4b5f-a066-98218e5daa7d into model nwt
I0725 22:15:53.025198 13705 cuckoo_watch.h:45] 120ms in ProcessBatch(batches/aaaaac.batch) [including 4ms in LoadMessage; 12ms in InitializeSparseNdw; 0ms in FindReuseThetaCacheEntry; 0ms in InitializeTheta; 0ms in CreateRegularizerAgents; 54ms in InferThetaAndUpdateNwtSparse; 0ms in UpdateCacheEntry; 47ms in CalculateScore(^^^ItemsProcessedScore^^^); ]
I0725 22:15:53.039294 13706 processor.cc:740] No data in processing queue, waiting...
I0725 22:15:53.045621 13705 processor.cc:740] No data in processing queue, waiting...
I0725 22:15:53.197815 13708 processor.cc:925] Processor: complete processing batch fd6197b6-0250-4875-b832-0f2663491468 into model nwt
I0725 22:15:53.199949 13708 cuckoo_watch.h:45] 229ms in ProcessBatch(batches/aaaaad.batch) [including 8ms in LoadMessage; 26ms in InitializeSparseNdw; 0ms in FindReuseThetaCacheEntry; 0ms in InitializeTheta; 0ms in CreateRegularizerAgents; 104ms in InferThetaAndUpdateNwtSparse; 0ms in UpdateCacheEntry; 86ms in CalculateScore(^^^ItemsProcessedScore^^^); ]
I0725 22:15:53.200356 13433 master_component.cc:1436] RegularizeModelArgs: rwt_target_name=rwt, pwt_source_name=pwt, nwt_source_name=nwt
I0725 22:15:53.200397 13433 master_component.cc:976] MasterComponent: start regularizing model pwt
I0725 22:15:53.220225 13708 processor.cc:740] No data in processing queue, waiting...
I0725 22:15:53.301913 13433 master_component.cc:1002] MasterComponent: complete regularizing model pwt
I0725 22:15:53.301957 13433 master_component.cc:1449] NormalizeModelArgs: pwt_target_name=pwt, nwt_source_name=nwt, rwt_source_name=rwt
I0725 22:15:53.301961 13433 master_component.cc:1006] MasterComponent: start normalizing model nwt
I0725 22:15:53.370074 13433 master_component.cc:1034] MasterComponent: complete normalizing model nwt
I0725 22:15:53.467939 13433 master_component.cc:1473] DisposeModel rwt
I0725 22:15:53.476613 13433 master_component.cc:1059] FitOffline: ItemsProcessed, num_items=1728, num_batches=5, token_weight=808522, token_weight_in_effect=808522
I0725 22:15:53.477320 13433 c_interface.cc:389] Pass FitOfflineMasterModelArgs, batch_filename_size=5, batch_weight_size=5, num_collection_passes=1, reset_nwt=yes to MN4artm4core15MasterComponentEFvRKNS_25FitOfflineMasterModelArgsEE
I0725 22:15:53.477774 13433 master_component.cc:1398] ProcessBatchesArgs: nwt_target_name=nwt, batch_filename_size=5, batch_size=0, batch_weight_size=5, pwt_source_name=pwt, num_document_passes=1, regularizer=(name:smooth_phi_regularizer, tau:100000), class=(text:1), class=(author:1), reuse_theta=yes, opt_for_avx=yes, predict_class_id=, reset_nwt=yes
I0725 22:15:53.490841 13707 processor.cc:747] Processing queue has data, processing started
I0725 22:15:53.491127 13705 processor.cc:747] Processing queue has data, processing started
I0725 22:15:53.491164 13706 processor.cc:747] Processing queue has data, processing started
I0725 22:15:53.493669 13705 processor.cc:820] Processor: start processing batch 8e3b4b58-22b7-4ad6-a263-8cc1e74e76c1 into model nwt
I0725 22:15:53.494262 13706 processor.cc:820] Processor: start processing batch 5906dd0e-c5e8-4781-8f8f-0d1d524d7766 into model nwt
I0725 22:15:53.495366 13707 processor.cc:820] Processor: start processing batch b545f2e7-6fdc-402c-82f7-bbbab8711c74 into model nwt
I0725 22:15:53.496039 13708 processor.cc:747] Processing queue has data, processing started
I0725 22:15:53.501788 13708 processor.cc:820] Processor: start processing batch f40ca37d-a71d-4b5f-a066-98218e5daa7d into model nwt
I0725 22:15:53.556643 13705 processor.cc:925] Processor: complete processing batch 8e3b4b58-22b7-4ad6-a263-8cc1e74e76c1 into model nwt
I0725 22:15:53.557716 13705 cuckoo_watch.h:45] 66ms in ProcessBatch(batches/aaaaaa.batch) [including 2ms in LoadMessage; 4ms in InitializeSparseNdw; 0ms in FindReuseThetaCacheEntry; 0ms in InitializeTheta; 0ms in CreateRegularizerAgents; 32ms in InferThetaAndUpdateNwtSparse; 0ms in UpdateCacheEntry; 25ms in CalculateScore(^^^ItemsProcessedScore^^^); ]
I0725 22:15:53.563112 13706 processor.cc:925] Processor: complete processing batch 5906dd0e-c5e8-4781-8f8f-0d1d524d7766 into model nwt
I0725 22:15:53.564549 13706 cuckoo_watch.h:45] 73ms in ProcessBatch(batches/aaaaab.batch) [including 3ms in LoadMessage; 7ms in InitializeSparseNdw; 0ms in FindReuseThetaCacheEntry; 0ms in InitializeTheta; 0ms in CreateRegularizerAgents; 33ms in InferThetaAndUpdateNwtSparse; 0ms in UpdateCacheEntry; 27ms in CalculateScore(^^^ItemsProcessedScore^^^); ]
I0725 22:15:53.566025 13705 processor.cc:820] Processor: start processing batch fd6197b6-0250-4875-b832-0f2663491468 into model nwt
I0725 22:15:53.588562 13706 processor.cc:740] No data in processing queue, waiting...
I0725 22:15:53.601752 13707 processor.cc:925] Processor: complete processing batch b545f2e7-6fdc-402c-82f7-bbbab8711c74 into model nwt
I0725 22:15:53.603232 13707 cuckoo_watch.h:45] 112ms in ProcessBatch(batches/aaaaae.batch) [including 4ms in LoadMessage; 12ms in InitializeSparseNdw; 0ms in FindReuseThetaCacheEntry; 0ms in InitializeTheta; 0ms in CreateRegularizerAgents; 50ms in InferThetaAndUpdateNwtSparse; 0ms in UpdateCacheEntry; 43ms in CalculateScore(^^^ItemsProcessedScore^^^); ]
I0725 22:15:53.616372 13708 processor.cc:925] Processor: complete processing batch f40ca37d-a71d-4b5f-a066-98218e5daa7d into model nwt
I0725 22:15:53.618031 13708 cuckoo_watch.h:45] 121ms in ProcessBatch(batches/aaaaac.batch) [including 5ms in LoadMessage; 12ms in InitializeSparseNdw; 0ms in FindReuseThetaCacheEntry; 0ms in InitializeTheta; 0ms in CreateRegularizerAgents; 56ms in InferThetaAndUpdateNwtSparse; 0ms in UpdateCacheEntry; 45ms in CalculateScore(^^^ItemsProcessedScore^^^); ]
I0725 22:15:53.625113 13707 processor.cc:740] No data in processing queue, waiting...
I0725 22:15:53.638270 13708 processor.cc:740] No data in processing queue, waiting...
I0725 22:15:53.781067 13705 processor.cc:925] Processor: complete processing batch fd6197b6-0250-4875-b832-0f2663491468 into model nwt
I0725 22:15:53.783370 13705 cuckoo_watch.h:45] 225ms in ProcessBatch(batches/aaaaad.batch) [including 8ms in LoadMessage; 25ms in InitializeSparseNdw; 0ms in FindReuseThetaCacheEntry; 0ms in InitializeTheta; 0ms in CreateRegularizerAgents; 102ms in InferThetaAndUpdateNwtSparse; 0ms in UpdateCacheEntry; 86ms in CalculateScore(^^^ItemsProcessedScore^^^); ]
I0725 22:15:53.783548 13433 master_component.cc:1436] RegularizeModelArgs: rwt_target_name=rwt, pwt_source_name=pwt, nwt_source_name=nwt
I0725 22:15:53.783565 13433 master_component.cc:976] MasterComponent: start regularizing model pwt
I0725 22:15:53.803717 13705 processor.cc:740] No data in processing queue, waiting...
I0725 22:15:53.879377 13433 master_component.cc:1002] MasterComponent: complete regularizing model pwt
I0725 22:15:53.879402 13433 master_component.cc:1449] NormalizeModelArgs: pwt_target_name=pwt, nwt_source_name=nwt, rwt_source_name=rwt
I0725 22:15:53.879406 13433 master_component.cc:1006] MasterComponent: start normalizing model nwt
I0725 22:15:53.944628 13433 master_component.cc:1034] MasterComponent: complete normalizing model nwt
I0725 22:15:54.032624 13433 master_component.cc:1473] DisposeModel rwt
I0725 22:15:54.041301 13433 master_component.cc:1059] FitOffline: ItemsProcessed, num_items=1728, num_batches=5, token_weight=808522, token_weight_in_effect=808522
I0725 22:15:54.042039 13433 c_interface.cc:389] Pass FitOfflineMasterModelArgs, batch_filename_size=5, batch_weight_size=5, num_collection_passes=1, reset_nwt=yes to MN4artm4core15MasterComponentEFvRKNS_25FitOfflineMasterModelArgsEE
I0725 22:15:54.042455 13433 master_component.cc:1398] ProcessBatchesArgs: nwt_target_name=nwt, batch_filename_size=5, batch_size=0, batch_weight_size=5, pwt_source_name=pwt, num_document_passes=1, regularizer=(name:smooth_phi_regularizer, tau:100000), class=(text:1), class=(author:1), reuse_theta=yes, opt_for_avx=yes, predict_class_id=, reset_nwt=yes
I0725 22:15:54.053925 13706 processor.cc:747] Processing queue has data, processing started
I0725 22:15:54.054133 13707 processor.cc:747] Processing queue has data, processing started
I0725 22:15:54.054172 13705 processor.cc:747] Processing queue has data, processing started
I0725 22:15:54.055032 13708 processor.cc:747] Processing queue has data, processing started
I0725 22:15:54.056680 13707 processor.cc:820] Processor: start processing batch 8e3b4b58-22b7-4ad6-a263-8cc1e74e76c1 into model nwt
I0725 22:15:54.057114 13706 processor.cc:820] Processor: start processing batch 5906dd0e-c5e8-4781-8f8f-0d1d524d7766 into model nwt
I0725 22:15:54.058759 13705 processor.cc:820] Processor: start processing batch b545f2e7-6fdc-402c-82f7-bbbab8711c74 into model nwt
I0725 22:15:54.059643 13708 processor.cc:820] Processor: start processing batch f40ca37d-a71d-4b5f-a066-98218e5daa7d into model nwt
I0725 22:15:54.110280 13707 processor.cc:925] Processor: complete processing batch 8e3b4b58-22b7-4ad6-a263-8cc1e74e76c1 into model nwt
I0725 22:15:54.111433 13707 cuckoo_watch.h:45] 57ms in ProcessBatch(batches/aaaaaa.batch) [including 2ms in LoadMessage; 4ms in InitializeSparseNdw; 0ms in FindReuseThetaCacheEntry; 0ms in InitializeTheta; 0ms in CreateRegularizerAgents; 26ms in InferThetaAndUpdateNwtSparse; 0ms in UpdateCacheEntry; 22ms in CalculateScore(^^^ItemsProcessedScore^^^); ]
I0725 22:15:54.119669 13707 processor.cc:820] Processor: start processing batch fd6197b6-0250-4875-b832-0f2663491468 into model nwt
I0725 22:15:54.126036 13706 processor.cc:925] Processor: complete processing batch 5906dd0e-c5e8-4781-8f8f-0d1d524d7766 into model nwt
I0725 22:15:54.127266 13706 cuckoo_watch.h:45] 73ms in ProcessBatch(batches/aaaaab.batch) [including 3ms in LoadMessage; 5ms in InitializeSparseNdw; 0ms in FindReuseThetaCacheEntry; 0ms in InitializeTheta; 0ms in CreateRegularizerAgents; 32ms in InferThetaAndUpdateNwtSparse; 0ms in UpdateCacheEntry; 29ms in CalculateScore(^^^ItemsProcessedScore^^^); ]
I0725 22:15:54.151219 13706 processor.cc:740] No data in processing queue, waiting...
I0725 22:15:54.165474 13708 processor.cc:925] Processor: complete processing batch f40ca37d-a71d-4b5f-a066-98218e5daa7d into model nwt
I0725 22:15:54.167208 13708 cuckoo_watch.h:45] 112ms in ProcessBatch(batches/aaaaac.batch) [including 4ms in LoadMessage; 10ms in InitializeSparseNdw; 0ms in FindReuseThetaCacheEntry; 0ms in InitializeTheta; 0ms in CreateRegularizerAgents; 52ms in InferThetaAndUpdateNwtSparse; 0ms in UpdateCacheEntry; 41ms in CalculateScore(^^^ItemsProcessedScore^^^); ]
I0725 22:15:54.178473 13705 processor.cc:925] Processor: complete processing batch b545f2e7-6fdc-402c-82f7-bbbab8711c74 into model nwt
I0725 22:15:54.179961 13705 cuckoo_watch.h:45] 125ms in ProcessBatch(batches/aaaaae.batch) [including 4ms in LoadMessage; 10ms in InitializeSparseNdw; 0ms in FindReuseThetaCacheEntry; 0ms in InitializeTheta; 0ms in CreateRegularizerAgents; 68ms in InferThetaAndUpdateNwtSparse; 0ms in UpdateCacheEntry; 40ms in CalculateScore(^^^ItemsProcessedScore^^^); ]
I0725 22:15:54.187537 13708 processor.cc:740] No data in processing queue, waiting...
I0725 22:15:54.200327 13705 processor.cc:740] No data in processing queue, waiting...
I0725 22:15:54.331918 13707 processor.cc:925] Processor: complete processing batch fd6197b6-0250-4875-b832-0f2663491468 into model nwt
I0725 22:15:54.333887 13707 cuckoo_watch.h:45] 222ms in ProcessBatch(batches/aaaaad.batch) [including 8ms in LoadMessage; 27ms in InitializeSparseNdw; 0ms in FindReuseThetaCacheEntry; 0ms in InitializeTheta; 0ms in CreateRegularizerAgents; 102ms in InferThetaAndUpdateNwtSparse; 0ms in UpdateCacheEntry; 81ms in CalculateScore(^^^ItemsProcessedScore^^^); ]
I0725 22:15:54.334687 13433 master_component.cc:1436] RegularizeModelArgs: rwt_target_name=rwt, pwt_source_name=pwt, nwt_source_name=nwt
I0725 22:15:54.334694 13433 master_component.cc:976] MasterComponent: start regularizing model pwt
I0725 22:15:54.354194 13707 processor.cc:740] No data in processing queue, waiting...
I0725 22:15:54.429102 13433 master_component.cc:1002] MasterComponent: complete regularizing model pwt
I0725 22:15:54.429122 13433 master_component.cc:1449] NormalizeModelArgs: pwt_target_name=pwt, nwt_source_name=nwt, rwt_source_name=rwt
I0725 22:15:54.429126 13433 master_component.cc:1006] MasterComponent: start normalizing model nwt
I0725 22:15:54.490924 13433 master_component.cc:1034] MasterComponent: complete normalizing model nwt
I0725 22:15:54.593586 13433 master_component.cc:1473] DisposeModel rwt
I0725 22:15:54.602792 13433 master_component.cc:1059] FitOffline: ItemsProcessed, num_items=1728, num_batches=5, token_weight=808522, token_weight_in_effect=808522
I0725 22:15:54.603622 13433 c_interface.cc:389] Pass FitOfflineMasterModelArgs, batch_filename_size=5, batch_weight_size=5, num_collection_passes=1, reset_nwt=yes to MN4artm4core15MasterComponentEFvRKNS_25FitOfflineMasterModelArgsEE
I0725 22:15:54.604112 13433 master_component.cc:1398] ProcessBatchesArgs: nwt_target_name=nwt, batch_filename_size=5, batch_size=0, batch_weight_size=5, pwt_source_name=pwt, num_document_passes=1, regularizer=(name:smooth_phi_regularizer, tau:100000), class=(text:1), class=(author:1), reuse_theta=yes, opt_for_avx=yes, predict_class_id=, reset_nwt=yes
I0725 22:15:54.615665 13708 processor.cc:747] Processing queue has data, processing started
I0725 22:15:54.616456 13705 processor.cc:747] Processing queue has data, processing started
I0725 22:15:54.616782 13706 processor.cc:747] Processing queue has data, processing started
I0725 22:15:54.617241 13707 processor.cc:747] Processing queue has data, processing started
I0725 22:15:54.619652 13705 processor.cc:820] Processor: start processing batch 5906dd0e-c5e8-4781-8f8f-0d1d524d7766 into model nwt
I0725 22:15:54.619781 13707 processor.cc:820] Processor: start processing batch 8e3b4b58-22b7-4ad6-a263-8cc1e74e76c1 into model nwt
I0725 22:15:54.620191 13708 processor.cc:820] Processor: start processing batch b545f2e7-6fdc-402c-82f7-bbbab8711c74 into model nwt
I0725 22:15:54.621409 13706 processor.cc:820] Processor: start processing batch f40ca37d-a71d-4b5f-a066-98218e5daa7d into model nwt
I0725 22:15:54.671167 13707 processor.cc:925] Processor: complete processing batch 8e3b4b58-22b7-4ad6-a263-8cc1e74e76c1 into model nwt
I0725 22:15:54.672209 13707 cuckoo_watch.h:45] 54ms in ProcessBatch(batches/aaaaaa.batch) [including 2ms in LoadMessage; 4ms in InitializeSparseNdw; 0ms in FindReuseThetaCacheEntry; 0ms in InitializeTheta; 0ms in CreateRegularizerAgents; 25ms in InferThetaAndUpdateNwtSparse; 0ms in UpdateCacheEntry; 21ms in CalculateScore(^^^ItemsProcessedScore^^^); ]
I0725 22:15:54.680238 13707 processor.cc:820] Processor: start processing batch fd6197b6-0250-4875-b832-0f2663491468 into model nwt
I0725 22:15:54.685252 13705 processor.cc:925] Processor: complete processing batch 5906dd0e-c5e8-4781-8f8f-0d1d524d7766 into model nwt
I0725 22:15:54.686790 13705 cuckoo_watch.h:45] 70ms in ProcessBatch(batches/aaaaab.batch) [including 3ms in LoadMessage; 5ms in InitializeSparseNdw; 0ms in FindReuseThetaCacheEntry; 0ms in InitializeTheta; 0ms in CreateRegularizerAgents; 32ms in InferThetaAndUpdateNwtSparse; 0ms in UpdateCacheEntry; 27ms in CalculateScore(^^^ItemsProcessedScore^^^); ]
I0725 22:15:54.707254 13705 processor.cc:740] No data in processing queue, waiting...
I0725 22:15:54.719411 13708 processor.cc:925] Processor: complete processing batch b545f2e7-6fdc-402c-82f7-bbbab8711c74 into model nwt
I0725 22:15:54.720932 13708 cuckoo_watch.h:45] 105ms in ProcessBatch(batches/aaaaae.batch) [including 4ms in LoadMessage; 10ms in InitializeSparseNdw; 0ms in FindReuseThetaCacheEntry; 0ms in InitializeTheta; 0ms in CreateRegularizerAgents; 48ms in InferThetaAndUpdateNwtSparse; 0ms in UpdateCacheEntry; 39ms in CalculateScore(^^^ItemsProcessedScore^^^); ]
I0725 22:15:54.725584 13706 processor.cc:925] Processor: complete processing batch f40ca37d-a71d-4b5f-a066-98218e5daa7d into model nwt
I0725 22:15:54.727233 13706 cuckoo_watch.h:45] 110ms in ProcessBatch(batches/aaaaac.batch) [including 4ms in LoadMessage; 10ms in InitializeSparseNdw; 0ms in FindReuseThetaCacheEntry; 0ms in InitializeTheta; 0ms in CreateRegularizerAgents; 51ms in InferThetaAndUpdateNwtSparse; 0ms in UpdateCacheEntry; 41ms in CalculateScore(^^^ItemsProcessedScore^^^); ]
I0725 22:15:54.741304 13708 processor.cc:740] No data in processing queue, waiting...
I0725 22:15:54.747555 13706 processor.cc:740] No data in processing queue, waiting...
I0725 22:15:54.888465 13707 processor.cc:925] Processor: complete processing batch fd6197b6-0250-4875-b832-0f2663491468 into model nwt
I0725 22:15:54.890491 13707 cuckoo_watch.h:45] 218ms in ProcessBatch(batches/aaaaad.batch) [including 8ms in LoadMessage; 25ms in InitializeSparseNdw; 0ms in FindReuseThetaCacheEntry; 0ms in InitializeTheta; 0ms in CreateRegularizerAgents; 103ms in InferThetaAndUpdateNwtSparse; 0ms in UpdateCacheEntry; 78ms in CalculateScore(^^^ItemsProcessedScore^^^); ]
I0725 22:15:54.891260 13433 master_component.cc:1436] RegularizeModelArgs: rwt_target_name=rwt, pwt_source_name=pwt, nwt_source_name=nwt
I0725 22:15:54.891268 13433 master_component.cc:976] MasterComponent: start regularizing model pwt
I0725 22:15:54.910740 13707 processor.cc:740] No data in processing queue, waiting...
I0725 22:15:54.984609 13433 master_component.cc:1002] MasterComponent: complete regularizing model pwt
I0725 22:15:54.984630 13433 master_component.cc:1449] NormalizeModelArgs: pwt_target_name=pwt, nwt_source_name=nwt, rwt_source_name=rwt
I0725 22:15:54.984659 13433 master_component.cc:1006] MasterComponent: start normalizing model nwt
I0725 22:15:55.047358 13433 master_component.cc:1034] MasterComponent: complete normalizing model nwt
I0725 22:15:55.141762 13433 master_component.cc:1473] DisposeModel rwt
I0725 22:15:55.151392 13433 master_component.cc:1059] FitOffline: ItemsProcessed, num_items=1728, num_batches=5, token_weight=808522, token_weight_in_effect=808522
I0725 22:15:55.152210 13433 c_interface.cc:389] Pass FitOfflineMasterModelArgs, batch_filename_size=5, batch_weight_size=5, num_collection_passes=1, reset_nwt=yes to MN4artm4core15MasterComponentEFvRKNS_25FitOfflineMasterModelArgsEE
I0725 22:15:55.152730 13433 master_component.cc:1398] ProcessBatchesArgs: nwt_target_name=nwt, batch_filename_size=5, batch_size=0, batch_weight_size=5, pwt_source_name=pwt, num_document_passes=1, regularizer=(name:smooth_phi_regularizer, tau:100000), class=(text:1), class=(author:1), reuse_theta=yes, opt_for_avx=yes, predict_class_id=, reset_nwt=yes
I0725 22:15:55.164722 13706 processor.cc:747] Processing queue has data, processing started
I0725 22:15:55.165320 13708 processor.cc:747] Processing queue has data, processing started
I0725 22:15:55.165922 13707 processor.cc:747] Processing queue has data, processing started
I0725 22:15:55.168484 13708 processor.cc:820] Processor: start processing batch 5906dd0e-c5e8-4781-8f8f-0d1d524d7766 into model nwt
I0725 22:15:55.168546 13707 processor.cc:820] Processor: start processing batch 8e3b4b58-22b7-4ad6-a263-8cc1e74e76c1 into model nwt
I0725 22:15:55.169296 13706 processor.cc:820] Processor: start processing batch b545f2e7-6fdc-402c-82f7-bbbab8711c74 into model nwt
I0725 22:15:55.169775 13705 processor.cc:747] Processing queue has data, processing started
I0725 22:15:55.174311 13705 processor.cc:820] Processor: start processing batch f40ca37d-a71d-4b5f-a066-98218e5daa7d into model nwt
I0725 22:15:55.231278 13707 processor.cc:925] Processor: complete processing batch 8e3b4b58-22b7-4ad6-a263-8cc1e74e76c1 into model nwt
I0725 22:15:55.234656 13708 processor.cc:925] Processor: complete processing batch 5906dd0e-c5e8-4781-8f8f-0d1d524d7766 into model nwt
I0725 22:15:55.235687 13707 cuckoo_watch.h:45] 69ms in ProcessBatch(batches/aaaaaa.batch) [including 2ms in LoadMessage; 4ms in InitializeSparseNdw; 0ms in FindReuseThetaCacheEntry; 0ms in InitializeTheta; 0ms in CreateRegularizerAgents; 33ms in InferThetaAndUpdateNwtSparse; 0ms in UpdateCacheEntry; 24ms in CalculateScore(^^^ItemsProcessedScore^^^); ]
I0725 22:15:55.235993 13708 cuckoo_watch.h:45] 70ms in ProcessBatch(batches/aaaaab.batch) [including 3ms in LoadMessage; 5ms in InitializeSparseNdw; 0ms in FindReuseThetaCacheEntry; 0ms in InitializeTheta; 0ms in CreateRegularizerAgents; 32ms in InferThetaAndUpdateNwtSparse; 0ms in UpdateCacheEntry; 27ms in CalculateScore(^^^ItemsProcessedScore^^^); ]
I0725 22:15:55.243650 13707 processor.cc:820] Processor: start processing batch fd6197b6-0250-4875-b832-0f2663491468 into model nwt
I0725 22:15:55.258718 13708 processor.cc:740] No data in processing queue, waiting...
I0725 22:15:55.276799 13706 processor.cc:925] Processor: complete processing batch b545f2e7-6fdc-402c-82f7-bbbab8711c74 into model nwt
I0725 22:15:55.278303 13706 cuckoo_watch.h:45] 113ms in ProcessBatch(batches/aaaaae.batch) [including 4ms in LoadMessage; 13ms in InitializeSparseNdw; 0ms in FindReuseThetaCacheEntry; 0ms in InitializeTheta; 0ms in CreateRegularizerAgents; 51ms in InferThetaAndUpdateNwtSparse; 0ms in UpdateCacheEntry; 42ms in CalculateScore(^^^ItemsProcessedScore^^^); ]
I0725 22:15:55.281836 13705 processor.cc:925] Processor: complete processing batch f40ca37d-a71d-4b5f-a066-98218e5daa7d into model nwt
I0725 22:15:55.283439 13705 cuckoo_watch.h:45] 113ms in ProcessBatch(batches/aaaaac.batch) [including 4ms in LoadMessage; 11ms in InitializeSparseNdw; 0ms in FindReuseThetaCacheEntry; 0ms in InitializeTheta; 0ms in CreateRegularizerAgents; 53ms in InferThetaAndUpdateNwtSparse; 0ms in UpdateCacheEntry; 42ms in CalculateScore(^^^ItemsProcessedScore^^^); ]
I0725 22:15:55.298626 13706 processor.cc:740] No data in processing queue, waiting...
I0725 22:15:55.303836 13705 processor.cc:740] No data in processing queue, waiting...
I0725 22:15:55.470284 13707 processor.cc:925] Processor: complete processing batch fd6197b6-0250-4875-b832-0f2663491468 into model nwt
I0725 22:15:55.472720 13707 cuckoo_watch.h:45] 236ms in ProcessBatch(batches/aaaaad.batch) [including 7ms in LoadMessage; 28ms in InitializeSparseNdw; 0ms in FindReuseThetaCacheEntry; 0ms in InitializeTheta; 0ms in CreateRegularizerAgents; 109ms in InferThetaAndUpdateNwtSparse; 0ms in UpdateCacheEntry; 88ms in CalculateScore(^^^ItemsProcessedScore^^^); ]
I0725 22:15:55.473196 13433 master_component.cc:1436] RegularizeModelArgs: rwt_target_name=rwt, pwt_source_name=pwt, nwt_source_name=nwt
I0725 22:15:55.473204 13433 master_component.cc:976] MasterComponent: start regularizing model pwt
I0725 22:15:55.493013 13707 processor.cc:740] No data in processing queue, waiting...
I0725 22:15:55.569097 13433 master_component.cc:1002] MasterComponent: complete regularizing model pwt
I0725 22:15:55.569123 13433 master_component.cc:1449] NormalizeModelArgs: pwt_target_name=pwt, nwt_source_name=nwt, rwt_source_name=rwt
I0725 22:15:55.569125 13433 master_component.cc:1006] MasterComponent: start normalizing model nwt
I0725 22:15:55.630743 13433 master_component.cc:1034] MasterComponent: complete normalizing model nwt
I0725 22:15:55.716217 13433 master_component.cc:1473] DisposeModel rwt
I0725 22:15:55.724647 13433 master_component.cc:1059] FitOffline: ItemsProcessed, num_items=1728, num_batches=5, token_weight=808522, token_weight_in_effect=808522
I0725 22:15:55.725361 13433 c_interface.cc:389] Pass FitOfflineMasterModelArgs, batch_filename_size=5, batch_weight_size=5, num_collection_passes=1, reset_nwt=yes to MN4artm4core15MasterComponentEFvRKNS_25FitOfflineMasterModelArgsEE
I0725 22:15:55.725813 13433 master_component.cc:1398] ProcessBatchesArgs: nwt_target_name=nwt, batch_filename_size=5, batch_size=0, batch_weight_size=5, pwt_source_name=pwt, num_document_passes=1, regularizer=(name:smooth_phi_regularizer, tau:100000), class=(text:1), class=(author:1), reuse_theta=yes, opt_for_avx=yes, predict_class_id=, reset_nwt=yes
I0725 22:15:55.736932 13705 processor.cc:747] Processing queue has data, processing started
I0725 22:15:55.738019 13706 processor.cc:747] Processing queue has data, processing started
I0725 22:15:55.738121 13708 processor.cc:747] Processing queue has data, processing started
I0725 22:15:55.740506 13706 processor.cc:820] Processor: start processing batch 8e3b4b58-22b7-4ad6-a263-8cc1e74e76c1 into model nwt
I0725 22:15:55.741175 13708 processor.cc:820] Processor: start processing batch 5906dd0e-c5e8-4781-8f8f-0d1d524d7766 into model nwt
I0725 22:15:55.741461 13705 processor.cc:820] Processor: start processing batch b545f2e7-6fdc-402c-82f7-bbbab8711c74 into model nwt
I0725 22:15:55.743011 13707 processor.cc:747] Processing queue has data, processing started
I0725 22:15:55.747608 13707 processor.cc:820] Processor: start processing batch f40ca37d-a71d-4b5f-a066-98218e5daa7d into model nwt
I0725 22:15:55.791680 13706 processor.cc:925] Processor: complete processing batch 8e3b4b58-22b7-4ad6-a263-8cc1e74e76c1 into model nwt
I0725 22:15:55.792713 13706 cuckoo_watch.h:45] 54ms in ProcessBatch(batches/aaaaaa.batch) [including 2ms in LoadMessage; 3ms in InitializeSparseNdw; 0ms in FindReuseThetaCacheEntry; 0ms in InitializeTheta; 0ms in CreateRegularizerAgents; 26ms in InferThetaAndUpdateNwtSparse; 0ms in UpdateCacheEntry; 20ms in CalculateScore(^^^ItemsProcessedScore^^^); ]
I0725 22:15:55.800837 13706 processor.cc:820] Processor: start processing batch fd6197b6-0250-4875-b832-0f2663491468 into model nwt
I0725 22:15:55.809582 13708 processor.cc:925] Processor: complete processing batch 5906dd0e-c5e8-4781-8f8f-0d1d524d7766 into model nwt
I0725 22:15:55.810844 13708 cuckoo_watch.h:45] 72ms in ProcessBatch(batches/aaaaab.batch) [including 3ms in LoadMessage; 5ms in InitializeSparseNdw; 0ms in FindReuseThetaCacheEntry; 0ms in InitializeTheta; 0ms in CreateRegularizerAgents; 31ms in InferThetaAndUpdateNwtSparse; 0ms in UpdateCacheEntry; 30ms in CalculateScore(^^^ItemsProcessedScore^^^); ]
I0725 22:15:55.831645 13708 processor.cc:740] No data in processing queue, waiting...
